Component: ARM Compiler 5.06 update 6 (build 750) Tool: armlink [4d35ed]

==============================================================================

Section Cross References

    main.o(i.main) refers to task_sysinit.o(i.Task_Sys_Init) for Task_Sys_Init
    main.o(i.main) refers to task_userinit.o(i.Task_UserInit) for Task_UserInit
    main.o(i.main) refers to printfa.o(i.__0printf) for __2printf
    main.o(i.main) refers to usercode.o(i.UserLogic_Code) for UserLogic_Code
    usercode.o(i.Start_Task) refers to port.o(i.vPortEnterCritical) for vPortEnterCritical
    usercode.o(i.Start_Task) refers to tasks.o(i.xTaskCreate) for xTaskCreate
    usercode.o(i.Start_Task) refers to port.o(i.vPortExitCritical) for vPortExitCritical
    usercode.o(i.Start_Task) refers to lwip_comm.o(i.LwIP_Init) for LwIP_Init
    usercode.o(i.Start_Task) refers to task_selfcheck.o(i.Task_SYNC_Signal) for Task_SYNC_Signal
    usercode.o(i.Start_Task) refers to tasks.o(i.xTaskGetCurrentTaskHandle) for xTaskGetCurrentTaskHandle
    usercode.o(i.Start_Task) refers to tasks.o(i.vTaskDelete) for vTaskDelete
    usercode.o(i.Start_Task) refers to usercode.o(.data) for .data
    usercode.o(i.Start_Task) refers to threadpool.o(i.CAN_Task) for CAN_Task
    usercode.o(i.Start_Task) refers to threadpool.o(i.LwIP_UDP_Task) for LwIP_UDP_Task
    usercode.o(i.Start_Task) refers to threadpool.o(i.LED_Task) for LED_Task
    usercode.o(i.Start_Task) refers to threadpool.o(i.PowerDetect_Task) for PowerDetect_Task
    usercode.o(i.Start_Task) refers to threadpool.o(i.SerialScreen_Task) for SerialScreen_Task
    usercode.o(i.Start_Task) refers to threadpool.o(i.TFCard_Task) for TFCard_Task
    usercode.o(i.UserLogic_Code) refers to task_selfcheck.o(i.Task_SelfCheck) for Task_SelfCheck
    usercode.o(i.UserLogic_Code) refers to queue.o(i.xQueueGenericCreate) for xQueueGenericCreate
    usercode.o(i.UserLogic_Code) refers to queue.o(i.xQueueCreateMutex) for xQueueCreateMutex
    usercode.o(i.UserLogic_Code) refers to event_groups.o(i.xEventGroupCreate) for xEventGroupCreate
    usercode.o(i.UserLogic_Code) refers to tasks.o(i.xTaskCreate) for xTaskCreate
    usercode.o(i.UserLogic_Code) refers to tasks.o(i.vTaskStartScheduler) for vTaskStartScheduler
    usercode.o(i.UserLogic_Code) refers to usercode.o(.data) for .data
    usercode.o(i.UserLogic_Code) refers to usercode.o(i.Start_Task) for Start_Task
    threadpool.o(i.CAN_Task) refers to task_can.o(i.Task_CAN_Handle) for Task_CAN_Handle
    threadpool.o(i.CAN_Task) refers to config.o(.data) for CAN
    threadpool.o(i.LED_Task) refers to drv_hal_gpio.o(i.Drv_GPIO_Toggle) for Drv_GPIO_Toggle
    threadpool.o(i.LED_Task) refers to tasks.o(i.vTaskDelay) for vTaskDelay
    threadpool.o(i.LED_Task) refers to lwip_comm.o(.bss) for g_lwipdev
    threadpool.o(i.LED_Task) refers to config.o(.data) for LED
    threadpool.o(i.LwIP_UDP_Task) refers to task_lwipudp.o(i.Task_LwIP_UDP_Handle) for Task_LwIP_UDP_Handle
    threadpool.o(i.PowerDetect_Task) refers to task_powerdetect.o(i.Task_PowerDetect_Handle) for Task_PowerDetect_Handle
    threadpool.o(i.PowerDetect_Task) refers to tasks.o(i.vTaskDelay) for vTaskDelay
    threadpool.o(i.PowerDetect_Task) refers to config.o(.data) for PowerADC
    threadpool.o(i.SerialScreen_Task) refers to task_serialscreen.o(i.Task_SerialScreen_Handle) for Task_SerialScreen_Handle
    threadpool.o(i.SerialScreen_Task) refers to tasks.o(i.vTaskDelay) for vTaskDelay
    threadpool.o(i.SerialScreen_Task) refers to config.o(.data) for Uart5
    threadpool.o(i.TFCard_Task) refers to task_tfcard.o(i.Task_TFCard_CreateFolder) for Task_TFCard_CreateFolder
    threadpool.o(i.TFCard_Task) refers to task_tfcard.o(i.Task_TFCard_Handle) for Task_TFCard_Handle
    threadpool.o(i.TFCard_Task) refers to tasks.o(i.vTaskDelay) for vTaskDelay
    threadpool.o(i.TFCard_Task) refers to config.o(.data) for TFCard
    task_irq.o(i.CAN1_RX0_IRQHandler) refers to drv_hal_can.o(i.Drv_CAN_IRQHandler) for Drv_CAN_IRQHandler
    task_irq.o(i.CAN1_RX0_IRQHandler) refers to config.o(.data) for CAN
    task_irq.o(i.CAN1_RX1_IRQHandler) refers to drv_hal_can.o(i.Drv_CAN_IRQHandler) for Drv_CAN_IRQHandler
    task_irq.o(i.CAN1_RX1_IRQHandler) refers to config.o(.data) for CAN
    task_irq.o(i.CAN1_TX_IRQHandler) refers to drv_hal_can.o(i.Drv_CAN_IRQHandler) for Drv_CAN_IRQHandler
    task_irq.o(i.CAN1_TX_IRQHandler) refers to config.o(.data) for CAN
    task_irq.o(i.HAL_CAN_RxFifo0MsgPendingCallback) refers to drv_hal_can.o(i.Drv_CAN_ReceMsg) for Drv_CAN_ReceMsg
    task_irq.o(i.HAL_CAN_RxFifo0MsgPendingCallback) refers to tasks.o(i.xTaskGetSchedulerState) for xTaskGetSchedulerState
    task_irq.o(i.HAL_CAN_RxFifo0MsgPendingCallback) refers to queue.o(i.xQueueGenericSendFromISR) for xQueueGenericSendFromISR
    task_irq.o(i.HAL_CAN_RxFifo0MsgPendingCallback) refers to task_irq.o(.bss) for .bss
    task_irq.o(i.HAL_CAN_RxFifo0MsgPendingCallback) refers to config.o(.data) for CAN
[...]
    0x08000c3c   0x08000c3c   0x0000000c   Code   RO          553    i.CAN1_RX1_IRQHandler  task_irq.o
    0x08000c48   0x08000c48   0x0000000c   Code   RO          554    i.CAN1_TX_IRQHandler  task_irq.o
    0x08000c54   0x08000c54   0x00000020   Code   RO          498    i.CAN_Task          threadpool.o
    0x08000c74   0x08000c74   0x00000028   Code   RO        10104    i.DMA_CalcBaseAndBitshift  stm32f4xx_hal_dma.o
    0x08000c9c   0x08000c9c   0x00000054   Code   RO        10105    i.DMA_CheckFifoParam  stm32f4xx_hal_dma.o
    0x08000cf0   0x08000cf0   0x00000028   Code   RO        10106    i.DMA_SetConfig     stm32f4xx_hal_dma.o
    0x08000d18   0x08000d18   0x00000002   Code   RO         6238    i.DebugMon_Handler  drv_hal.o
    0x08000d1a   0x08000d1a   0x00000002   PAD
    0x08000d1c   0x08000d1c   0x00000070   Code   RO         6370    i.Drv_ADC_Init      drv_hal_adc.o
    0x08000d8c   0x08000d8c   0x00000034   Code   RO         6371    i.Drv_ADC_PollGetData  drv_hal_adc.o
    0x08000dc0   0x08000dc0   0x00000058   Code   RO         6372    i.Drv_ADC_PollGetValue  drv_hal_adc.o
    0x08000e18   0x08000e18   0x00000004   Code   RO         6411    i.Drv_CAN_IRQHandler  drv_hal_can.o
    0x08000e1c   0x08000e1c   0x0000001e   Code   RO         6412    i.Drv_CAN_ITInit    drv_hal_can.o
    0x08000e3a   0x08000e3a   0x0000001e   Code   RO         6415    i.Drv_CAN_ReceMsg   drv_hal_can.o
    0x08000e58   0x08000e58   0x00000048   Code   RO         6416    i.Drv_CAN_SendMsg   drv_hal_can.o
    0x08000ea0   0x08000ea0   0x0000001e   Code   RO         6528    i.Drv_Delay_Ms      drv_hal_delay.o
    0x08000ebe   0x08000ebe   0x00000002   PAD
    0x08000ec0   0x08000ec0   0x0000002c   Code   RO         6529    i.Drv_Delay_Us      drv_hal_delay.o
    0x08000eec   0x08000eec   0x00000054   Code   RO         6601    i.Drv_GPIO_Init     drv_hal_gpio.o
    0x08000f40   0x08000f40   0x0000000c   Code   RO         6605    i.Drv_GPIO_Reset    drv_hal_gpio.o
    0x08000f4c   0x08000f4c   0x0000000c   Code   RO         6606    i.Drv_GPIO_Set      drv_hal_gpio.o
    0x08000f58   0x08000f58   0x0000000a   Code   RO         6607    i.Drv_GPIO_Toggle   drv_hal_gpio.o
    0x08000f62   0x08000f62   0x00000002   PAD
    0x08000f64   0x08000f64   0x00000060   Code   RO         6239    i.Drv_HAL_Error     drv_hal.o
    0x08000fc4   0x08000fc4   0x00000034   Code   RO         6241    i.Drv_HAL_Init      drv_hal.o
    0x08000ff8   0x08000ff8   0x00000006   Code   RO         6692    i.Drv_IICSoft_Init  drv_hal_iic_soft.o
    0x08000ffe   0x08000ffe   0x00000084   Code   RO         6693    i.Drv_IICSoft_ReadByte  drv_hal_iic_soft.o
    0x08001082   0x08001082   0x0000004e   Code   RO         6694    i.Drv_IICSoft_SendByte  drv_hal_iic_soft.o
    0x080010d0   0x080010d0   0x00000030   Code   RO         6695    i.Drv_IICSoft_Start  drv_hal_iic_soft.o
    0x08001100   0x08001100   0x00000030   Code   RO         6696    i.Drv_IICSoft_Stop  drv_hal_iic_soft.o
    0x08001130   0x08001130   0x0000004a   Code   RO         6697    i.Drv_IICSoft_WaitAck  drv_hal_iic_soft.o
    0x0800117a   0x0800117a   0x00000002   PAD
    0x0800117c   0x0800117c   0x00000080   Code   RO         6883    i.Drv_SPI_Init      drv_hal_spi.o
    0x080011fc   0x080011fc   0x00000034   Code   RO         6884    i.Drv_SPI_SpeedConfig  drv_hal_spi.o
    0x08001230   0x08001230   0x00000022   Code   RO         6886    i.Drv_SPI_TransmitReceive  drv_hal_spi.o
    0x08001252   0x08001252   0x00000002   PAD
    0x08001254   0x08001254   0x000000d8   Code   RO         7039    i.Drv_Uart_DMAInit  drv_hal_uart.o
    0x0800132c   0x0800132c   0x00000042   Code   RO         7041    i.Drv_Uart_DMA_RxHandler  drv_hal_uart.o
    0x0800136e   0x0800136e   0x00000004   Code   RO         7043    i.Drv_Uart_IRQHandler  drv_hal_uart.o
    0x08001372   0x08001372   0x00000034   Code   RO         7047    i.Drv_Uart_Receive_DMA  drv_hal_uart.o
    0x080013a6   0x080013a6   0x00000006   Code   RO         7049    i.Drv_Uart_Transmit  drv_hal_uart.o
    0x080013ac   0x080013ac   0x00000020   Code   RO        10287    i.ETH_Delay         stm32f4xx_hal_eth.o
    0x080013cc   0x080013cc   0x0000002e   Code   RO        10288    i.ETH_FlushTransmitFIFO  stm32f4xx_hal_eth.o
    0x080013fa   0x080013fa   0x00000002   PAD
    0x080013fc   0x080013fc   0x00000028   Code   RO         6059    i.ETH_IRQHandler    ocd_ethernet.o
    0x08001424   0x08001424   0x00000124   Code   RO        10289    i.ETH_MACDMAConfig  stm32f4xx_hal_eth.o
    0x08001548   0x08001548   0x00000002   Code   RO          555    i.EXTI15_10_IRQHandler  task_irq.o
    0x0800154a   0x0800154a   0x00000002   Code   RO          556    i.EXTI9_5_IRQHandler  task_irq.o
    0x0800154c   0x0800154c   0x0000014c   Code   RO         9099    i.HAL_ADC_ConfigChannel  stm32f4xx_hal_adc.o
    0x08001698   0x08001698   0x00000004   Code   RO         9105    i.HAL_ADC_GetState  stm32f4xx_hal_adc.o
    0x0800169c   0x0800169c   0x00000006   Code   RO         9106    i.HAL_ADC_GetValue  stm32f4xx_hal_adc.o
    0x080016a2   0x080016a2   0x00000054   Code   RO         9108    i.HAL_ADC_Init      stm32f4xx_hal_adc.o
    0x080016f6   0x080016f6   0x00000002   Code   RO         9111    i.HAL_ADC_MspInit   stm32f4xx_hal_adc.o
    0x080016f8   0x080016f8   0x000000aa   Code   RO         9112    i.HAL_ADC_PollForConversion  stm32f4xx_hal_adc.o
    0x080017a2   0x080017a2   0x00000002   PAD
    0x080017a4   0x080017a4   0x000000fc   Code   RO         9114    i.HAL_ADC_Start     stm32f4xx_hal_adc.o
    0x080018a0   0x080018a0   0x00000024   Code   RO         9370    i.HAL_CAN_ActivateNotification  stm32f4xx_hal_can.o
    0x080018c4   0x080018c4   0x000000c8   Code   RO         9371    i.HAL_CAN_AddTxMessage  stm32f4xx_hal_can.o
    0x0800198c   0x0800198c   0x0000010c   Code   RO         9372    i.HAL_CAN_ConfigFilter  stm32f4xx_hal_can.o
    0x08001a98   0x08001a98   0x00000002   Code   RO         9375    i.HAL_CAN_ErrorCallback  stm32f4xx_hal_can.o
    0x08001a9a   0x08001a9a   0x000000e8   Code   RO         9378    i.HAL_CAN_GetRxMessage  stm32f4xx_hal_can.o
    0x08001b82   0x08001b82   0x000001fc   Code   RO         9382    i.HAL_CAN_IRQHandler  stm32f4xx_hal_can.o
    0x08001d7e   0x08001d7e   0x0000011a   Code   RO         9383    i.HAL_CAN_Init      stm32f4xx_hal_can.o
    0x08001e98   0x08001e98   0x00000002   Code   RO         9387    i.HAL_CAN_MspInit   stm32f4xx_hal_can.o
    0x08001e9a   0x08001e9a   0x00000002   Code   RO         9390    i.HAL_CAN_RxFifo0FullCallback  stm32f4xx_hal_can.o
    0x08001e9c   0x08001e9c   0x0000005c   Code   RO          557    i.HAL_CAN_RxFifo0MsgPendingCallback  task_irq.o
    0x08001ef8   0x08001ef8   0x00000002   Code   RO         9392    i.HAL_CAN_RxFifo1FullCallback  stm32f4xx_hal_can.o
    0x08001efa   0x08001efa   0x00000002   PAD
    0x08001efc   0x08001efc   0x0000005c   Code   RO          558    i.HAL_CAN_RxFifo1MsgPendingCallback  task_irq.o
    0x08001f58   0x08001f58   0x00000002   Code   RO         9394    i.HAL_CAN_SleepCallback  stm32f4xx_hal_can.o
    0x08001f5a   0x08001f5a   0x00000056   Code   RO         9395    i.HAL_CAN_Start     stm32f4xx_hal_can.o
    0x08001fb0   0x08001fb0   0x00000002   Code   RO         9397    i.HAL_CAN_TxMailbox0AbortCallback  stm32f4xx_hal_can.o
    0x08001fb2   0x08001fb2   0x00000002   Code   RO         9398    i.HAL_CAN_TxMailbox0CompleteCallback  stm32f4xx_hal_can.o
    0x08001fb4   0x08001fb4   0x00000002   Code   RO         9399    i.HAL_CAN_TxMailbox1AbortCallback  stm32f4xx_hal_can.o
    0x08001fb6   0x08001fb6   0x00000002   Code   RO         9400    i.HAL_CAN_TxMailbox1CompleteCallback  stm32f4xx_hal_can.o
    0x08001fb8   0x08001fb8   0x00000002   Code   RO         9401    i.HAL_CAN_TxMailbox2AbortCallback  stm32f4xx_hal_can.o
    0x08001fba   0x08001fba   0x00000002   Code   RO         9402    i.HAL_CAN_TxMailbox2CompleteCallback  stm32f4xx_hal_can.o
    0x08001fbc   0x08001fbc   0x00000002   Code   RO         9404    i.HAL_CAN_WakeUpFromRxMsgCallback  stm32f4xx_hal_can.o
    0x08001fbe   0x08001fbe   0x0000008e   Code   RO        10107    i.HAL_DMA_Abort     stm32f4xx_hal_dma.o
    0x0800204c   0x0800204c   0x00000024   Code   RO        10108    i.HAL_DMA_Abort_IT  stm32f4xx_hal_dma.o
    0x08002070   0x08002070   0x000000d4   Code   RO        10113    i.HAL_DMA_Init      stm32f4xx_hal_dma.o
    0x08002144   0x08002144   0x0000006e   Code   RO        10117    i.HAL_DMA_Start_IT  stm32f4xx_hal_dma.o
    0x080021b2   0x080021b2   0x00000002   PAD
    0x080021b4   0x080021b4   0x00000024   Code   RO         8915    i.HAL_Delay         stm32f4xx_hal.o
    0x080021d8   0x080021d8   0x00000072   Code   RO        10292    i.HAL_ETH_DMARxDescListInit  stm32f4xx_hal_eth.o
    0x0800224a   0x0800224a   0x00000078   Code   RO        10293    i.HAL_ETH_DMATxDescListInit  stm32f4xx_hal_eth.o
    0x080022c2   0x080022c2   0x0000007a   Code   RO        10296    i.HAL_ETH_GetReceivedFrame  stm32f4xx_hal_eth.o
    0x0800233c   0x0800233c   0x000001e8   Code   RO        10300    i.HAL_ETH_Init      stm32f4xx_hal_eth.o
    0x08002524   0x08002524   0x000001b0   Code   RO         6060    i.HAL_ETH_MspInit   ocd_ethernet.o
    0x080026d4   0x080026d4   0x00000082   Code   RO        10303    i.HAL_ETH_ReadPHYRegister  stm32f4xx_hal_eth.o
    0x08002756   0x08002756   0x00000084   Code   RO        10305    i.HAL_ETH_Start     stm32f4xx_hal_eth.o
    0x080027da   0x080027da   0x00000084   Code   RO        10306    i.HAL_ETH_Stop      stm32f4xx_hal_eth.o
    0x0800285e   0x0800285e   0x00000108   Code   RO        10307    i.HAL_ETH_TransmitFrame  stm32f4xx_hal_eth.o
    0x08002966   0x08002966   0x00000076   Code   RO        10309    i.HAL_ETH_WritePHYRegister  stm32f4xx_hal_eth.o
    0x080029dc   0x080029dc   0x000001cc   Code   RO        10783    i.HAL_GPIO_Init     stm32f4xx_hal_gpio.o
    0x08002ba8   0x08002ba8   0x0000000a   Code   RO        10785    i.HAL_GPIO_ReadPin  stm32f4xx_hal_gpio.o
    0x08002bb2   0x08002bb2   0x00000010   Code   RO        10786    i.HAL_GPIO_TogglePin  stm32f4xx_hal_gpio.o
    0x08002bc2   0x08002bc2   0x0000000a   Code   RO        10787    i.HAL_GPIO_WritePin  stm32f4xx_hal_gpio.o
    0x08002bcc   0x08002bcc   0x0000000c   Code   RO         8921    i.HAL_GetTick       stm32f4xx_hal.o
    0x08002bd8   0x08002bd8   0x00000010   Code   RO         8927    i.HAL_IncTick       stm32f4xx_hal.o
    0x08002be8   0x08002be8   0x00000034   Code   RO         8928    i.HAL_Init          stm32f4xx_hal.o
    0x08002c1c   0x08002c1c   0x00000040   Code   RO         8929    i.HAL_InitTick      stm32f4xx_hal.o
    0x08002c5c   0x08002c5c   0x0000007c   Code   RO         6247    i.HAL_MspInit       drv_hal.o
    0x08002cd8   0x08002cd8   0x0000001a   Code   RO         9626    i.HAL_NVIC_EnableIRQ  stm32f4xx_hal_cortex.o
    0x08002cf2   0x08002cf2   0x00000002   PAD
    0x08002cf4   0x08002cf4   0x00000040   Code   RO         9632    i.HAL_NVIC_SetPriority  stm32f4xx_hal_cortex.o
    0x08002d34   0x08002d34   0x00000024   Code   RO         9633    i.HAL_NVIC_SetPriorityGrouping  stm32f4xx_hal_cortex.o
    0x08002d58   0x08002d58   0x00000134   Code   RO        11784    i.HAL_RCC_ClockConfig  stm32f4xx_hal_rcc.o
    0x08002e8c   0x08002e8c   0x0000000c   Code   RO        11789    i.HAL_RCC_GetHCLKFreq  stm32f4xx_hal_rcc.o
    0x08002e98   0x08002e98   0x00000020   Code   RO        11791    i.HAL_RCC_GetPCLK1Freq  stm32f4xx_hal_rcc.o
    0x08002eb8   0x08002eb8   0x00000020   Code   RO        11792    i.HAL_RCC_GetPCLK2Freq  stm32f4xx_hal_rcc.o
    0x08002ed8   0x08002ed8   0x00000060   Code   RO        11793    i.HAL_RCC_GetSysClockFreq  stm32f4xx_hal_rcc.o
    0x08002f38   0x08002f38   0x00000358   Code   RO        11796    i.HAL_RCC_OscConfig  stm32f4xx_hal_rcc.o
    0x08003290   0x08003290   0x000000bc   Code   RO        12130    i.HAL_SPI_Init      stm32f4xx_hal_spi.o
    0x0800334c   0x0800334c   0x00000002   Code   RO        12132    i.HAL_SPI_MspInit   stm32f4xx_hal_spi.o
    0x0800334e   0x0800334e   0x000001da   Code   RO        12139    i.HAL_SPI_TransmitReceive  stm32f4xx_hal_spi.o
    0x08003528   0x08003528   0x00000028   Code   RO         9637    i.HAL_SYSTICK_Config  stm32f4xx_hal_cortex.o
    0x08003550   0x08003550   0x00000002   Code   RO        13443    i.HAL_UARTEx_RxEventCallback  stm32f4xx_hal_uart.o
    0x08003552   0x08003552   0x00000058   Code   RO        13455    i.HAL_UART_DMAStop  stm32f4xx_hal_uart.o
    0x080035aa   0x080035aa   0x00000002   Code   RO        13457    i.HAL_UART_ErrorCallback  stm32f4xx_hal_uart.o
    0x080035ac   0x080035ac   0x00000210   Code   RO        13460    i.HAL_UART_IRQHandler  stm32f4xx_hal_uart.o
    0x080037bc   0x080037bc   0x00000062   Code   RO        13461    i.HAL_UART_Init     stm32f4xx_hal_uart.o
    0x0800381e   0x0800381e   0x00000002   Code   RO        13463    i.HAL_UART_MspInit  stm32f4xx_hal_uart.o
    0x08003820   0x08003820   0x0000002a   Code   RO        13465    i.HAL_UART_Receive_DMA  stm32f4xx_hal_uart.o
    0x0800384a   0x0800384a   0x00000002   Code   RO        13467    i.HAL_UART_RxCpltCallback  stm32f4xx_hal_uart.o
    0x0800384c   0x0800384c   0x00000002   Code   RO        13468    i.HAL_UART_RxHalfCpltCallback  stm32f4xx_hal_uart.o
    0x0800384e   0x0800384e   0x000000b0   Code   RO        13469    i.HAL_UART_Transmit  stm32f4xx_hal_uart.o
    0x080038fe   0x080038fe   0x00000002   Code   RO        13472    i.HAL_UART_TxCpltCallback  stm32f4xx_hal_uart.o
    0x08003900   0x08003900   0x00000024   Code   RO          499    i.LED_Task          threadpool.o
    0x08003924   0x08003924   0x00000058   Code   RO         1737    i.LwIP_Init         lwip_comm.o
    0x0800397c   0x0800397c   0x00000004   Code   RO          500    i.LwIP_UDP_Task     threadpool.o
    0x08003980   0x08003980   0x00000002   Code   RO         6248    i.MemManage_Handler  drv_hal.o
    0x08003982   0x08003982   0x00000002   Code   RO         6249    i.NMI_Handler       drv_hal.o
    0x08003984   0x08003984   0x00000004   Code   RO         5507    i.OCD_AT24CXX_Init  ocd_at24cxx.o
    0x08003988   0x08003988   0x0000002a   Code   RO         5508    i.OCD_AT24CXX_Read  ocd_at24cxx.o
    0x080039b2   0x080039b2   0x00000028   Code   RO         5510    i.OCD_AT24CXX_Write  ocd_at24cxx.o
    0x080039da   0x080039da   0x00000036   Code   RO         5573    i.OCD_DS3231_Init   ocd_ds3231.o
    0x08003a10   0x08003a10   0x00000078   Code   RO         5577    i.OCD_DS3231_TimeSetHex  ocd_ds3231.o
    0x08003a88   0x08003a88   0x00000064   Code   RO         5646    i.OCD_FATFS_CreateDir  ocd_fatfs.o
    0x08003aec   0x08003aec   0x00000064   Code   RO         5648    i.OCD_FATFS_Init    ocd_fatfs.o
    0x08003b50   0x08003b50   0x000000a8   Code   RO         5653    i.OCD_FATFS_Write_End  ocd_fatfs.o
    0x08003bf8   0x08003bf8   0x00000058   Code   RO         6136    i.OCD_SDCard_SPIInit  ocd_sdcard.o
    0x08003c50   0x08003c50   0x00000014   Code   RO          501    i.PowerDetect_Task  threadpool.o
    0x08003c64   0x08003c64   0x00000058   Code   RO        12168    i.SPI_EndRxTxTransaction  stm32f4xx_hal_spi.o
    0x08003cbc   0x08003cbc   0x000000b8   Code   RO        12173    i.SPI_WaitFlagStateUntilTimeout  stm32f4xx_hal_spi.o
    0x08003d74   0x08003d74   0x0000005c   Code   RO         6373    i.S_ADC_CLKEnable   drv_hal_adc.o
    0x08003dd0   0x08003dd0   0x00000056   Code   RO         5512    i.S_AT24CXX_ReadOneByte  ocd_at24cxx.o
    0x08003e26   0x08003e26   0x0000004e   Code   RO         5513    i.S_AT24CXX_WriteOneByte  ocd_at24cxx.o
    0x08003e74   0x08003e74   0x00000040   Code   RO         6418    i.S_CAN_CLKEnable   drv_hal_can.o
    0x08003eb4   0x08003eb4   0x0000002c   Code   RO         6419    i.S_CAN_GPIOConfig  drv_hal_can.o
    0x08003ee0   0x08003ee0   0x000000b0   Code   RO         6420    i.S_CAN_NVICConfig  drv_hal_can.o
    0x08003f90   0x08003f90   0x000000dc   Code   RO         6421    i.S_CAN_ParamConfig  drv_hal_can.o
    0x0800406c   0x0800406c   0x000000ec   Code   RO          853    i.S_Channel_Info_Handle  task_serialscreen.o
    0x08004158   0x08004158   0x00000058   Code   RO         5580    i.S_DS3231_WriteByte  ocd_ds3231.o
    0x080041b0   0x080041b0   0x000000a8   Code   RO          910    i.S_Data_Process    task_can.o
    0x08004258   0x08004258   0x000000f8   Code   RO         6609    i.S_GPIO_CLKEnable  drv_hal_gpio.o
    0x08004350   0x08004350   0x000000be   Code   RO         6611    i.S_GPIO_NVICParamConfig  drv_hal_gpio.o
    0x0800440e   0x0800440e   0x00000002   PAD
    0x08004410   0x08004410   0x00000090   Code   RO         6250    i.S_HAL_CLKConfig   drv_hal.o
    0x080044a0   0x080044a0   0x0000000a   Code   RO         6698    i.S_IICSoft_READ_SDA  drv_hal_iic_soft.o
    0x080044aa   0x080044aa   0x0000000c   Code   RO         6699    i.S_IICSoft_SCL_H   drv_hal_iic_soft.o
    0x080044b6   0x080044b6   0x0000000c   Code   RO         6700    i.S_IICSoft_SCL_L   drv_hal_iic_soft.o
    0x080044c2   0x080044c2   0x0000000c   Code   RO         6701    i.S_IICSoft_SDA_H   drv_hal_iic_soft.o
    0x080044ce   0x080044ce   0x00000028   Code   RO         6702    i.S_IICSoft_SDA_InputMode  drv_hal_iic_soft.o
    0x080044f6   0x080044f6   0x0000000c   Code   RO         6703    i.S_IICSoft_SDA_L   drv_hal_iic_soft.o
    0x08004502   0x08004502   0x0000002a   Code   RO         6704    i.S_IICSoft_SDA_OutputMode  drv_hal_iic_soft.o
    0x0800452c   0x0800452c   0x000000c4   Code   RO          766    i.S_LwIP_UDP_Send_Entrance  task_lwipudp.o
    0x080045f0   0x080045f0   0x00000164   Code   RO         6137    i.S_SDCard_Init     ocd_sdcard.o
    0x08004754   0x08004754   0x00000050   Code   RO         6138    i.S_SDCard_ReceiveData  ocd_sdcard.o
    0x080047a4   0x080047a4   0x0000005c   Code   RO         6139    i.S_SDCard_SendBlock  ocd_sdcard.o
    0x08004800   0x08004800   0x00000078   Code   RO         6140    i.S_SDCard_SendCMD  ocd_sdcard.o
    0x08004878   0x08004878   0x0000002c   Code   RO         6141    i.S_SDCard_Wait     ocd_sdcard.o
    0x080048a4   0x080048a4   0x0000000c   Code   RO         6142    i.S_SDCard_WaitStop  ocd_sdcard.o
    0x080048b0   0x080048b0   0x0000007c   Code   RO         6143    i.S_SDCard_WriteDisk  ocd_sdcard.o
    0x0800492c   0x0800492c   0x00000060   Code   RO         6887    i.S_SPI_CLKEnable   drv_hal_spi.o
    0x0800498c   0x0800498c   0x00000080   Code   RO          854    i.S_Setting_Apply_Handle  task_serialscreen.o
    0x08004a0c   0x08004a0c   0x00000078   Code   RO          855    i.S_Setting_Info_Handle  task_serialscreen.o
    0x08004a84   0x08004a84   0x00000078   Code   RO          856    i.S_System_Info_Handle  task_serialscreen.o
    0x08004afc   0x08004afc   0x000000c8   Code   RO          857    i.S_TimeSYNC_Handle  task_serialscreen.o
    0x08004bc4   0x08004bc4   0x000000ac   Code   RO         7052    i.S_Uart_CLKEnable  drv_hal_uart.o
    0x08004c70   0x08004c70   0x00000068   Code   RO         7053    i.S_Uart_DMA_CLKEnable  drv_hal_uart.o
    0x08004cd8   0x08004cd8   0x00000158   Code   RO         7054    i.S_Uart_DMA_NVICConfig  drv_hal_uart.o
    0x08004e30   0x08004e30   0x00000054   Code   RO         7055    i.S_Uart_GPIOConfig  drv_hal_uart.o
    0x08004e84   0x08004e84   0x000000b4   Code   RO         7056    i.S_Uart_NVICConfig  drv_hal_uart.o
    0x08004f38   0x08004f38   0x0000001c   Code   RO         7057    i.S_Uart_ParamConfig  drv_hal_uart.o
    0x08004f54   0x08004f54   0x00000238   Code   RO         7058    i.S_Uart_ParamMatch  drv_hal_uart.o
    0x0800518c   0x0800518c   0x00000014   Code   RO          502    i.SerialScreen_Task  threadpool.o
    0x080051a0   0x080051a0   0x0000012c   Code   RO          367    i.Start_Task        usercode.o
    0x080052cc   0x080052cc   0x00000018   Code   RO         6251    i.SysTick_Handler   drv_hal.o
    0x080052e4   0x080052e4   0x00000010   Code   RO         8864    i.SystemInit        system_stm32f4xx.o
    0x080052f4   0x080052f4   0x0000001c   Code   RO          503    i.TFCard_Task       threadpool.o
    0x08005310   0x08005310   0x00000002   Code   RO          559    i.TIM2_IRQHandler   task_irq.o
    0x08005312   0x08005312   0x00000002   Code   RO          560    i.TIM3_IRQHandler   task_irq.o
    0x08005314   0x08005314   0x00000002   Code   RO          561    i.TIM4_IRQHandler   task_irq.o
    0x08005316   0x08005316   0x00000002   Code   RO          562    i.TIM5_IRQHandler   task_irq.o
    0x08005318   0x08005318   0x00000002   Code   RO          563    i.TIM6_DAC_IRQHandler  task_irq.o
    0x0800531a   0x0800531a   0x00000002   Code   RO          564    i.TIM7_IRQHandler   task_irq.o
    0x0800531c   0x0800531c   0x00000028   Code   RO          911    i.Task_CAN_Handle   task_can.o
    0x08005344   0x08005344   0x000000e0   Code   RO          974    i.Task_EEPROM_ReadAddrInfo  task_eeprom.o
    0x08005424   0x08005424   0x000000b8   Code   RO          975    i.Task_EEPROM_WriteAddrInfo  task_eeprom.o
    0x080054dc   0x080054dc   0x000000b8   Code   RO          767    i.Task_LwIP_UDP_Handle  task_lwipudp.o
    0x08005594   0x08005594   0x000000e0   Code   RO          826    i.Task_PowerDetect_Handle  task_powerdetect.o
    0x08005674   0x08005674   0x00000044   Code   RO          941    i.Task_SYNC_Signal  task_selfcheck.o
    0x080056b8   0x080056b8   0x00000140   Code   RO          942    i.Task_SelfCheck    task_selfcheck.o
    0x080057f8   0x080057f8   0x000000a8   Code   RO          858    i.Task_SerialScreen_Handle  task_serialscreen.o
    0x080058a0   0x080058a0   0x00000004   Code   RO          718    i.Task_Sys_Init     task_sysinit.o
    0x080058a4   0x080058a4   0x00000054   Code   RO         1007    i.Task_TFCard_CreateFolder  task_tfcard.o
    0x080058f8   0x080058f8   0x0000007c   Code   RO         1008    i.Task_TFCard_Handle  task_tfcard.o
    0x08005974   0x08005974   0x000000a8   Code   RO          742    i.Task_UserInit     task_userinit.o
    0x08005a1c   0x08005a1c   0x00000002   Code   RO          565    i.UART4_IRQHandler  task_irq.o
    0x08005a1e   0x08005a1e   0x00000002   PAD
    0x08005a20   0x08005a20   0x0000002c   Code   RO          566    i.UART5_IRQHandler  task_irq.o
    0x08005a4c   0x08005a4c   0x00000010   Code   RO        13474    i.UART_DMAAbortOnError  stm32f4xx_hal_uart.o
    0x08005a5c   0x08005a5c   0x0000004a   Code   RO        13475    i.UART_DMAError     stm32f4xx_hal_uart.o
    0x08005aa6   0x08005aa6   0x0000005a   Code   RO        13476    i.UART_DMAReceiveCplt  stm32f4xx_hal_uart.o
    0x08005b00   0x08005b00   0x0000001a   Code   RO        13478    i.UART_DMARxHalfCplt  stm32f4xx_hal_uart.o
    0x08005b1a   0x08005b1a   0x00000030   Code   RO        13484    i.UART_EndRxTransfer  stm32f4xx_hal_uart.o
    0x08005b4a   0x08005b4a   0x00000012   Code   RO        13485    i.UART_EndTxTransfer  stm32f4xx_hal_uart.o
    0x08005b5c   0x08005b5c   0x000000ae   Code   RO        13486    i.UART_Receive_IT   stm32f4xx_hal_uart.o
    0x08005c0a   0x08005c0a   0x00000002   PAD
    0x08005c0c   0x08005c0c   0x0000010c   Code   RO        13487    i.UART_SetConfig    stm32f4xx_hal_uart.o
    0x08005d18   0x08005d18   0x00000074   Code   RO        13488    i.UART_Start_Receive_DMA  stm32f4xx_hal_uart.o
    0x08005d8c   0x08005d8c   0x00000062   Code   RO        13490    i.UART_WaitOnFlagUntilTimeout  stm32f4xx_hal_uart.o
    0x08005dee   0x08005dee   0x00000002   Code   RO          567    i.USART1_IRQHandler  task_irq.o
    0x08005df0   0x08005df0   0x00000002   Code   RO          568    i.USART2_IRQHandler  task_irq.o
    0x08005df2   0x08005df2   0x00000002   Code   RO          569    i.USART3_IRQHandler  task_irq.o
    0x08005df4   0x08005df4   0x00000002   Code   RO         6252    i.UsageFault_Handler  drv_hal.o
    0x08005df6   0x08005df6   0x00000002   PAD
    0x08005df8   0x08005df8   0x00000060   Code   RO          368    i.UserLogic_Code    usercode.o
    0x08005e58   0x08005e58   0x00000020   Code   RO        14117    i.__0printf         mc_w.l(printfa.o)
    0x08005e78   0x08005e78   0x00000028   Code   RO        14119    i.__0sprintf        mc_w.l(printfa.o)
    0x08005ea0   0x08005ea0   0x00000020   Code   RO         9639    i.__NVIC_SetPriority  stm32f4xx_hal_cortex.o
    0x08005ec0   0x08005ec0   0x00000008   Code   RO        14209    i.__aeabi_errno_addr  mc_w.l(errno.o)
    0x08005ec8   0x08005ec8   0x0000000e   Code   RO        14241    i.__scatterload_copy  mc_w.l(handlers.o)
    0x08005ed6   0x08005ed6   0x00000002   Code   RO        14242    i.__scatterload_null  mc_w.l(handlers.o)
    0x08005ed8   0x08005ed8   0x0000000e   Code   RO        14243    i.__scatterload_zeroinit  mc_w.l(handlers.o)
    0x08005ee6   0x08005ee6   0x00000002   PAD
    0x08005ee8   0x08005ee8   0x00000184   Code   RO        14124    i._fp_digits        mc_w.l(printfa.o)
    0x0800606c   0x0800606c   0x000006dc   Code   RO        14125    i._printf_core      mc_w.l(printfa.o)
    0x08006748   0x08006748   0x00000024   Code   RO        14126    i._printf_post_padding  mc_w.l(printfa.o)
    0x0800676c   0x0800676c   0x0000002e   Code   RO        14127    i._printf_pre_padding  mc_w.l(printfa.o)
    0x0800679a   0x0800679a   0x0000000a   Code   RO        14129    i._sputc            mc_w.l(printfa.o)
    0x080067a4   0x080067a4   0x00000084   Code   RO         2735    i.alloc_socket      sockets.o
    0x08006828   0x08006828   0x000000d0   Code   RO         1247    i.check_fs          ff.o
    0x080068f8   0x080068f8   0x00000024   Code   RO         1248    i.clmt_clust        ff.o
    0x0800691c   0x0800691c   0x00000018   Code   RO         1249    i.clst2sect         ff.o
    0x08006934   0x08006934   0x000000dc   Code   RO         1250    i.create_chain      ff.o
    0x08006a10   0x08006a10   0x000000e8   Code   RO         1251    i.create_name       ff.o
    0x08006af8   0x08006af8   0x00000058   Code   RO         1253    i.dir_clear         ff.o
    0x08006b50   0x08006b50   0x000000ae   Code   RO         1254    i.dir_next          ff.o
    0x08006bfe   0x08006bfe   0x0000007c   Code   RO         1256    i.dir_register      ff.o
    0x08006c7a   0x08006c7a   0x00000082   Code   RO         1258    i.dir_sdi           ff.o
    0x08006cfc   0x08006cfc   0x00000004   Code   RO         6144    i.disk_initialize   ocd_sdcard.o
    0x08006d00   0x08006d00   0x00000030   Code   RO         6145    i.disk_ioctl        ocd_sdcard.o
    0x08006d30   0x08006d30   0x0000009c   Code   RO         6146    i.disk_read         ocd_sdcard.o
    0x08006dcc   0x08006dcc   0x00000004   Code   RO         6147    i.disk_status       ocd_sdcard.o
    0x08006dd0   0x08006dd0   0x0000002c   Code   RO         6148    i.disk_write        ocd_sdcard.o
    0x08006dfc   0x08006dfc   0x00000024   Code   RO         3287    i.dns_backupserver_available  dns.o
    0x08006e20   0x08006e20   0x00000098   Code   RO         3288    i.dns_call_found    dns.o
    0x08006eb8   0x08006eb8   0x00000100   Code   RO         3289    i.dns_check_entry   dns.o
    0x08006fb8   0x08006fb8   0x00000002   Code   RO         3295    i.dns_init          dns.o
    0x08006fba   0x08006fba   0x00000002   PAD
    0x08006fbc   0x08006fbc   0x00000148   Code   RO         3297    i.dns_send          dns.o
    0x08007104   0x08007104   0x00000014   Code   RO         3299    i.dns_tmr           dns.o
    0x08007118   0x08007118   0x00000048   Code   RO         3620    i.do_memp_free_pool  memp.o
    0x08007160   0x08007160   0x00000058   Code   RO         3621    i.do_memp_malloc_pool  memp.o
    0x080071b8   0x080071b8   0x00000150   Code   RO         2266    i.err_tcp           api_msg.o
    0x08007308   0x08007308   0x0000001c   Code   RO         2489    i.err_to_errno      err.o
    0x08007324   0x08007324   0x0000002c   Code   RO         5034    i.etharp_cleanup_netif  etharp.o
    0x08007350   0x08007350   0x000001d4   Code   RO         5036    i.etharp_find_entry  etharp.o
    0x08007524   0x08007524   0x00000038   Code   RO         5037    i.etharp_free_entry  etharp.o
    0x0800755c   0x0800755c   0x000000a0   Code   RO         5039    i.etharp_input      etharp.o
    0x080075fc   0x080075fc   0x00000138   Code   RO         5040    i.etharp_output     etharp.o
    0x08007734   0x08007734   0x000000a8   Code   RO         5041    i.etharp_output_to_arp_index  etharp.o
    0x080077dc   0x080077dc   0x00000180   Code   RO         5042    i.etharp_query      etharp.o
    0x0800795c   0x0800795c   0x000000fc   Code   RO         5043    i.etharp_raw        etharp.o
    0x08007a58   0x08007a58   0x0000000c   Code   RO         5044    i.etharp_request    etharp.o
    0x08007a64   0x08007a64   0x00000020   Code   RO         5045    i.etharp_request_dst  etharp.o
    0x08007a84   0x08007a84   0x0000005c   Code   RO         5046    i.etharp_tmr        etharp.o
    0x08007ae0   0x08007ae0   0x000000b4   Code   RO         5047    i.etharp_update_arp_entry  etharp.o
    0x08007b94   0x08007b94   0x0000001e   Code   RO         6062    i.ethernet_get_eth_rx_size  ocd_ethernet.o
    0x08007bb2   0x08007bb2   0x00000002   PAD
    0x08007bb4   0x08007bb4   0x00000064   Code   RO         6063    i.ethernet_init     ocd_ethernet.o
    0x08007c18   0x08007c18   0x000000a4   Code   RO         5394    i.ethernet_input    ethernet.o
    0x08007cbc   0x08007cbc   0x00000040   Code   RO         6065    i.ethernet_mem_malloc  ocd_ethernet.o
    0x08007cfc   0x08007cfc   0x00000090   Code   RO         5395    i.ethernet_output   ethernet.o
    0x08007d8c   0x08007d8c   0x00000014   Code   RO         6066    i.ethernet_read_phy  ocd_ethernet.o
    0x08007da0   0x08007da0   0x00000058   Code   RO         1597    i.ethernetif_init   ethernetif.o
    0x08007df8   0x08007df8   0x00000050   Code   RO         1598    i.ethernetif_input  ethernetif.o
    0x08007e48   0x08007e48   0x000000d8   Code   RO         2736    i.event_callback    sockets.o
    0x08007f20   0x08007f20   0x0000001e   Code   RO         1259    i.f_close           ff.o
    0x08007f3e   0x08007f3e   0x000001fe   Code   RO         1263    i.f_lseek           ff.o
    0x0800813c   0x0800813c   0x000000fa   Code   RO         1264    i.f_mkdir           ff.o
    0x08008236   0x08008236   0x00000002   PAD
    0x08008238   0x08008238   0x00000048   Code   RO         1266    i.f_mount           ff.o
    0x08008280   0x08008280   0x000001b0   Code   RO         1267    i.f_open            ff.o
    0x08008430   0x08008430   0x0000008e   Code   RO         1276    i.f_sync            ff.o
    0x080084be   0x080084be   0x0000017c   Code   RO         1279    i.f_write           ff.o
    0x0800863a   0x0800863a   0x000000be   Code   RO         1280    i.follow_path       ff.o
    0x080086f8   0x080086f8   0x00000028   Code   RO         6254    i.fputc             drv_hal.o
    0x08008720   0x08008720   0x000000be   Code   RO         1281    i.get_fat           ff.o
    0x080087de   0x080087de   0x00000004   Code   RO         6149    i.get_fattime       ocd_sdcard.o
    0x080087e2   0x080087e2   0x00000036   Code   RO         1283    i.get_ldnumber      ff.o
    0x08008818   0x08008818   0x00000018   Code   RO         2738    i.get_socket        sockets.o
    0x08008830   0x08008830   0x00000008   Code   RO         5137    i.icmp_dest_unreach  icmp.o
    0x08008838   0x08008838   0x00000180   Code   RO         5138    i.icmp_input        icmp.o
    0x080089b8   0x080089b8   0x000000b8   Code   RO         5139    i.icmp_send_response  icmp.o
    0x08008a70   0x08008a70   0x00000008   Code   RO         5140    i.icmp_time_exceeded  icmp.o
    0x08008a78   0x08008a78   0x0000004a   Code   RO         3400    i.inet_chksum_pbuf  inet_chksum.o
    0x08008ac2   0x08008ac2   0x0000002e   Code   RO         5254    i.ip4_addr_isbroadcast_u32  ip4_addr.o
    0x08008af0   0x08008af0   0x000001e8   Code   RO         5323    i.ip4_frag          ip4_frag.o
    0x08008cd8   0x08008cd8   0x00000174   Code   RO         5199    i.ip4_input         ip4.o
    0x08008e4c   0x08008e4c   0x0000002c   Code   RO         5200    i.ip4_input_accept  ip4.o
    0x08008e78   0x08008e78   0x0000001e   Code   RO         5202    i.ip4_output_if     ip4.o
    0x08008e96   0x08008e96   0x00000002   PAD
    0x08008e98   0x08008e98   0x0000010c   Code   RO         5203    i.ip4_output_if_src  ip4.o
    0x08008fa4   0x08008fa4   0x00000228   Code   RO         5324    i.ip4_reass         ip4_frag.o
    0x080091cc   0x080091cc   0x00000060   Code   RO         5204    i.ip4_route         ip4.o
    0x0800922c   0x0800922c   0x00000134   Code   RO         5256    i.ip4addr_aton      ip4_addr.o
    0x08009360   0x08009360   0x00000024   Code   RO         5325    i.ip_frag_free_pbuf_custom_ref  ip4_frag.o
    0x08009384   0x08009384   0x000001b4   Code   RO         5326    i.ip_reass_chain_frag_into_datagram_and_validate  ip4_frag.o
    0x08009538   0x08009538   0x0000004c   Code   RO         5327    i.ip_reass_dequeue_datagram  ip4_frag.o
    0x08009584   0x08009584   0x00000114   Code   RO         5328    i.ip_reass_free_complete_datagram  ip4_frag.o
    0x08009698   0x08009698   0x00000084   Code   RO         5329    i.ip_reass_remove_oldest_datagram  ip4_frag.o
    0x0800971c   0x0800971c   0x0000002c   Code   RO         5330    i.ip_reass_tmr      ip4_frag.o
    0x08009748   0x08009748   0x00000014   Code   RO         5259    i.ipaddr_addr       ip4_addr.o
    0x0800975c   0x0800975c   0x0000002c   Code   RO         5331    i.ipfrag_free_pbuf_custom  ip4_frag.o
    0x08009788   0x08009788   0x00000026   Code   RO         1284    i.ld_clust          ff.o
    0x080097ae   0x080097ae   0x00000016   Code   RO         1285    i.ld_dword          ff.o
    0x080097c4   0x080097c4   0x0000000a   Code   RO         1286    i.ld_word           ff.o
    0x080097ce   0x080097ce   0x00000002   PAD
    0x080097d0   0x080097d0   0x000000b0   Code   RO         1599    i.low_level_init    ethernetif.o
    0x08009880   0x08009880   0x000000b4   Code   RO         1600    i.low_level_input   ethernetif.o
    0x08009934   0x08009934   0x000000a8   Code   RO         1601    i.low_level_output  ethernetif.o
    0x080099dc   0x080099dc   0x00000078   Code   RO         2740    i.lwip_bind         sockets.o
    0x08009a54   0x08009a54   0x00000046   Code   RO         1738    i.lwip_comm_default_ip_set  lwip_comm.o
    0x08009a9a   0x08009a9a   0x00000002   PAD
    0x08009a9c   0x08009a9c   0x00000248   Code   RO         1739    i.lwip_comm_init    lwip_comm.o
    0x08009ce4   0x08009ce4   0x0000003c   Code   RO         4784    i.lwip_cyclic_timer  timeouts.o
    0x08009d20   0x08009d20   0x00000004   Code   RO         3232    i.lwip_htonl        def.o
    0x08009d24   0x08009d24   0x00000004   Code   RO         3233    i.lwip_htons        def.o
    0x08009d28   0x08009d28   0x00000026   Code   RO         3472    i.lwip_init         init.o
    0x08009d4e   0x08009d4e   0x00000002   Code   RO         1740    i.lwip_link_status_updated  lwip_comm.o
    0x08009d50   0x08009d50   0x00000064   Code   RO         1741    i.lwip_link_thread  lwip_comm.o
    0x08009db4   0x08009db4   0x00000036   Code   RO         2267    i.lwip_netconn_do_bind  api_msg.o
    0x08009dea   0x08009dea   0x00000002   PAD
    0x08009dec   0x08009dec   0x000000c4   Code   RO         2269    i.lwip_netconn_do_close  api_msg.o
    0x08009eb0   0x08009eb0   0x00000238   Code   RO         2270    i.lwip_netconn_do_close_internal  api_msg.o
    0x0800a0e8   0x0800a0e8   0x00000114   Code   RO         2273    i.lwip_netconn_do_delconn  api_msg.o
    0x0800a1fc   0x0800a1fc   0x0000007c   Code   RO         2276    i.lwip_netconn_do_getaddr  api_msg.o
    0x0800a278   0x0800a278   0x00000012   Code   RO         2279    i.lwip_netconn_do_newconn  api_msg.o
    0x0800a28a   0x0800a28a   0x00000044   Code   RO         2280    i.lwip_netconn_do_recv  api_msg.o
    0x0800a2ce   0x0800a2ce   0x00000042   Code   RO         2281    i.lwip_netconn_do_send  api_msg.o
    0x0800a310   0x0800a310   0x000000d0   Code   RO         2282    i.lwip_netconn_do_write  api_msg.o
    0x0800a3e0   0x0800a3e0   0x000002f4   Code   RO         2283    i.lwip_netconn_do_writemore  api_msg.o
    0x0800a6d4   0x0800a6d4   0x00000044   Code   RO         2284    i.lwip_netconn_err_to_msg  api_msg.o
    0x0800a718   0x0800a718   0x00000048   Code   RO         2285    i.lwip_netconn_is_err_msg  api_msg.o
    0x0800a760   0x0800a760   0x0000002c   Code   RO         1742    i.lwip_pkt_handle   lwip_comm.o
    0x0800a78c   0x0800a78c   0x0000000e   Code   RO         2758    i.lwip_recv         sockets.o
    0x0800a79a   0x0800a79a   0x00000002   PAD
    0x0800a79c   0x0800a79c   0x00000188   Code   RO         2759    i.lwip_recv_tcp     sockets.o
    0x0800a924   0x0800a924   0x000000d0   Code   RO         2760    i.lwip_recvfrom     sockets.o
    0x0800a9f4   0x0800a9f4   0x00000114   Code   RO         2761    i.lwip_recvfrom_udp_raw  sockets.o
    0x0800ab08   0x0800ab08   0x00000074   Code   RO         2765    i.lwip_send         sockets.o
    0x0800ab7c   0x0800ab7c   0x000000e8   Code   RO         2767    i.lwip_sendto       sockets.o
    0x0800ac64   0x0800ac64   0x000000a4   Code   RO         2771    i.lwip_sock_make_addr  sockets.o
    0x0800ad08   0x0800ad08   0x00000068   Code   RO         2772    i.lwip_socket       sockets.o
    0x0800ad70   0x0800ad70   0x00000056   Code   RO         3407    i.lwip_standard_chksum  inet_chksum.o
    0x0800adc6   0x0800adc6   0x00000002   PAD
    0x0800adc8   0x0800adc8   0x0000002c   Code   RO            4    i.main              main.o
    0x0800adf4   0x0800adf4   0x0000006c   Code   RO        14146    i.malloc            mc_w.l(malloc.o)
    0x0800ae60   0x0800ae60   0x00000158   Code   RO         3554    i.mem_free          mem.o
    0x0800afb8   0x0800afb8   0x00000068   Code   RO         3555    i.mem_init          mem.o
    0x0800b020   0x0800b020   0x000001d0   Code   RO         3556    i.mem_malloc        mem.o
    0x0800b1f0   0x0800b1f0   0x00000010   Code   RO         3557    i.mem_to_ptr        mem.o
    0x0800b200   0x0800b200   0x0000016c   Code   RO         3558    i.mem_trim          mem.o
    0x0800b36c   0x0800b36c   0x0000003c   Code   RO         3622    i.memp_free         memp.o
    0x0800b3a8   0x0800b3a8   0x0000001c   Code   RO         3624    i.memp_init         memp.o
    0x0800b3c4   0x0800b3c4   0x0000002a   Code   RO         3625    i.memp_init_pool    memp.o
    0x0800b3ee   0x0800b3ee   0x00000002   PAD
    0x0800b3f0   0x0800b3f0   0x00000044   Code   RO         3626    i.memp_malloc       memp.o
    0x0800b434   0x0800b434   0x00000254   Code   RO         1287    i.mount_volume      ff.o
    0x0800b688   0x0800b688   0x00000032   Code   RO         1288    i.move_window       ff.o
    0x0800b6ba   0x0800b6ba   0x00000022   Code   RO         2579    i.netbuf_delete     netbuf.o
    0x0800b6dc   0x0800b6dc   0x0000003c   Code   RO         2581    i.netbuf_free       netbuf.o
    0x0800b718   0x0800b718   0x00000060   Code   RO         2584    i.netbuf_ref        netbuf.o
    0x0800b778   0x0800b778   0x0000009c   Code   RO         2286    i.netconn_alloc     api_msg.o
    0x0800b814   0x0800b814   0x0000001c   Code   RO         2023    i.netconn_apimsg    api_lib.o
    0x0800b830   0x0800b830   0x00000050   Code   RO         2024    i.netconn_bind      api_lib.o
    0x0800b880   0x0800b880   0x0000004c   Code   RO         2027    i.netconn_close_shutdown  api_lib.o
    0x0800b8cc   0x0800b8cc   0x0000001e   Code   RO         2029    i.netconn_delete    api_lib.o
    0x0800b8ea   0x0800b8ea   0x000000a0   Code   RO         2287    i.netconn_drain     api_msg.o
    0x0800b98a   0x0800b98a   0x0000001e   Code   RO         2031    i.netconn_err       api_lib.o
    0x0800b9a8   0x0800b9a8   0x000000f0   Code   RO         2288    i.netconn_free      api_msg.o
    0x0800ba98   0x0800ba98   0x0000009c   Code   RO         2032    i.netconn_getaddr   api_lib.o
    0x0800bb34   0x0800bb34   0x00000100   Code   RO         2035    i.netconn_new_with_proto_and_callback  api_lib.o
    0x0800bc34   0x0800bc34   0x00000020   Code   RO         2036    i.netconn_prepare_delete  api_lib.o
    0x0800bc54   0x0800bc54   0x0000011c   Code   RO         2038    i.netconn_recv_data  api_lib.o
    0x0800bd70   0x0800bd70   0x00000098   Code   RO         2039    i.netconn_recv_data_tcp  api_lib.o
    0x0800be08   0x0800be08   0x00000048   Code   RO         2041    i.netconn_recv_tcp_pbuf_flags  api_lib.o
    0x0800be50   0x0800be50   0x00000050   Code   RO         2043    i.netconn_recv_udp_raw_netbuf_flags  api_lib.o
    0x0800bea0   0x0800bea0   0x00000044   Code   RO         2044    i.netconn_send      api_lib.o
    0x0800bee4   0x0800bee4   0x0000004c   Code   RO         2047    i.netconn_tcp_recvd  api_lib.o
    0x0800bf30   0x0800bf30   0x00000054   Code   RO         2048    i.netconn_tcp_recvd_msg  api_lib.o
    0x0800bf84   0x0800bf84   0x00000014   Code   RO         2049    i.netconn_write_partly  api_lib.o
    0x0800bf98   0x0800bf98   0x00000118   Code   RO         2050    i.netconn_write_vectors_partly  api_lib.o
    0x0800c0b0   0x0800c0b0   0x00000158   Code   RO         3780    i.netif_add         netif.o
    0x0800c208   0x0800c208   0x00000016   Code   RO         3782    i.netif_do_ip_addr_changed  netif.o
    0x0800c21e   0x0800c21e   0x00000016   Code   RO         3783    i.netif_do_set_gw   netif.o
    0x0800c234   0x0800c234   0x00000058   Code   RO         3784    i.netif_do_set_ipaddr  netif.o
    0x0800c28c   0x0800c28c   0x00000016   Code   RO         3785    i.netif_do_set_netmask  netif.o
    0x0800c2a2   0x0800c2a2   0x00000002   PAD
    0x0800c2a4   0x0800c2a4   0x00000024   Code   RO         3787    i.netif_get_by_index  netif.o
    0x0800c2c8   0x0800c2c8   0x00000002   Code   RO         3789    i.netif_init        netif.o
    0x0800c2ca   0x0800c2ca   0x00000002   PAD
    0x0800c2cc   0x0800c2cc   0x0000005c   Code   RO         3791    i.netif_issue_reports  netif.o
    0x0800c328   0x0800c328   0x00000006   Code   RO         3793    i.netif_null_output_ip4  netif.o
    0x0800c32e   0x0800c32e   0x00000002   PAD
    0x0800c330   0x0800c330   0x00000060   Code   RO         3795    i.netif_set_addr    netif.o
    0x0800c390   0x0800c390   0x0000000c   Code   RO         3796    i.netif_set_default  netif.o
    0x0800c39c   0x0800c39c   0x00000044   Code   RO         3797    i.netif_set_down    netif.o
    0x0800c3e0   0x0800c3e0   0x00000008   Code   RO         3800    i.netif_set_link_callback  netif.o
    0x0800c3e8   0x0800c3e8   0x00000048   Code   RO         3801    i.netif_set_link_down  netif.o
    0x0800c430   0x0800c430   0x0000005c   Code   RO         3802    i.netif_set_link_up  netif.o
    0x0800c48c   0x0800c48c   0x0000003c   Code   RO         3804    i.netif_set_up      netif.o
    0x0800c4c8   0x0800c4c8   0x00000034   Code   RO         8445    i.osDelay           cmsis_os2.o
    0x0800c4fc   0x0800c4fc   0x00000038   Code   RO         8459    i.osKernelInitialize  cmsis_os2.o
    0x0800c534   0x0800c534   0x00000006   Code   RO         3968    i.pbuf_add_header   pbuf.o
    0x0800c53a   0x0800c53a   0x00000002   PAD
    0x0800c53c   0x0800c53c   0x00000060   Code   RO         3970    i.pbuf_add_header_impl  pbuf.o
    0x0800c59c   0x0800c59c   0x000001b8   Code   RO         3971    i.pbuf_alloc        pbuf.o
    0x0800c754   0x0800c754   0x00000050   Code   RO         3972    i.pbuf_alloc_reference  pbuf.o
    0x0800c7a4   0x0800c7a4   0x00000038   Code   RO         3973    i.pbuf_alloced_custom  pbuf.o
    0x0800c7dc   0x0800c7dc   0x000000c0   Code   RO         3974    i.pbuf_cat          pbuf.o
    0x0800c89c   0x0800c89c   0x00000012   Code   RO         3975    i.pbuf_chain        pbuf.o
    0x0800c8ae   0x0800c8ae   0x00000012   Code   RO         3976    i.pbuf_clen         pbuf.o
    0x0800c8c0   0x0800c8c0   0x0000003c   Code   RO         3977    i.pbuf_clone        pbuf.o
    0x0800c8fc   0x0800c8fc   0x00000038   Code   RO         3979    i.pbuf_copy         pbuf.o
    0x0800c934   0x0800c934   0x000000b4   Code   RO         3980    i.pbuf_copy_partial  pbuf.o
    0x0800c9e8   0x0800c9e8   0x000001c8   Code   RO         3981    i.pbuf_copy_partial_pbuf  pbuf.o
    0x0800cbb0   0x0800cbb0   0x000000e8   Code   RO         3983    i.pbuf_free         pbuf.o
    0x0800cc98   0x0800cc98   0x00000032   Code   RO         3984    i.pbuf_free_header  pbuf.o
    0x0800ccca   0x0800ccca   0x00000006   Code   RO         3988    i.pbuf_header_force  pbuf.o
    0x0800ccd0   0x0800ccd0   0x0000000e   Code   RO         3989    i.pbuf_header_impl  pbuf.o
    0x0800ccde   0x0800ccde   0x0000001c   Code   RO         3990    i.pbuf_init_alloced_pbuf  pbuf.o
    0x0800ccfa   0x0800ccfa   0x0000001e   Code   RO         3993    i.pbuf_put_at       pbuf.o
    0x0800cd18   0x0800cd18   0x000000bc   Code   RO         3994    i.pbuf_realloc      pbuf.o
    0x0800cdd4   0x0800cdd4   0x0000003c   Code   RO         3995    i.pbuf_ref          pbuf.o
    0x0800ce10   0x0800ce10   0x00000068   Code   RO         3996    i.pbuf_remove_header  pbuf.o
    0x0800ce78   0x0800ce78   0x00000004   Code   RO         3997    i.pbuf_skip         pbuf.o
    0x0800ce7c   0x0800ce7c   0x00000018   Code   RO         3998    i.pbuf_skip_const   pbuf.o
    0x0800ce94   0x0800ce94   0x000000f8   Code   RO         4000    i.pbuf_take         pbuf.o
    0x0800cf8c   0x0800cf8c   0x00000080   Code   RO         4001    i.pbuf_take_at      pbuf.o
    0x0800d00c   0x0800d00c   0x00000090   Code   RO         2289    i.pcb_new           api_msg.o
    0x0800d09c   0x0800d09c   0x00000128   Code   RO         3559    i.plug_holes        mem.o
    0x0800d1c4   0x0800d1c4   0x00000080   Code   RO         2290    i.poll_tcp          api_msg.o
    0x0800d244   0x0800d244   0x0000005c   Code   RO         7740    i.prvAddCurrentTaskToDelayedList  tasks.o
    0x0800d2a0   0x0800d2a0   0x000000d0   Code   RO         7741    i.prvAddNewTaskToReadyList  tasks.o
    0x0800d370   0x0800d370   0x00000058   Code   RO         8090    i.prvCheckForValidListAndQueue  timers.o
    0x0800d3c8   0x0800d3c8   0x00000026   Code   RO         7355    i.prvCopyDataFromQueue  queue.o
    0x0800d3ee   0x0800d3ee   0x0000006c   Code   RO         7356    i.prvCopyDataToQueue  queue.o
    0x0800d45a   0x0800d45a   0x00000034   Code   RO         7742    i.prvDeleteTCB      tasks.o
    0x0800d48e   0x0800d48e   0x00000002   PAD
    0x0800d490   0x0800d490   0x0000004c   Code   RO         8240    i.prvHeapInit       heap_4.o
    0x0800d4dc   0x0800d4dc   0x0000005c   Code   RO         7743    i.prvIdleTask       tasks.o
    0x0800d538   0x0800d538   0x00000016   Code   RO         7357    i.prvInitialiseMutex  queue.o
    0x0800d54e   0x0800d54e   0x00000020   Code   RO         7358    i.prvInitialiseNewQueue  queue.o
    0x0800d56e   0x0800d56e   0x0000009c   Code   RO         7744    i.prvInitialiseNewTask  tasks.o
    0x0800d60a   0x0800d60a   0x00000002   PAD
    0x0800d60c   0x0800d60c   0x0000004c   Code   RO         8241    i.prvInsertBlockIntoFreeList  heap_4.o
    0x0800d658   0x0800d658   0x00000038   Code   RO         8092    i.prvInsertTimerInActiveList  timers.o
    0x0800d690   0x0800d690   0x0000001a   Code   RO         7359    i.prvIsQueueEmpty   queue.o
    0x0800d6aa   0x0800d6aa   0x00000002   PAD
    0x0800d6ac   0x0800d6ac   0x000000cc   Code   RO         8093    i.prvProcessReceivedCommands  timers.o
    0x0800d778   0x0800d778   0x000000b4   Code   RO         8094    i.prvProcessTimerOrBlockTask  timers.o
    0x0800d82c   0x0800d82c   0x00000020   Code   RO         7746    i.prvResetNextTaskUnblockTime  tasks.o
    0x0800d84c   0x0800d84c   0x00000028   Code   RO         8095    i.prvSampleTimeNow  timers.o
    0x0800d874   0x0800d874   0x0000006c   Code   RO         8096    i.prvSwitchTimerLists  timers.o
    0x0800d8e0   0x0800d8e0   0x00000028   Code   RO         8290    i.prvTaskExitError  port.o
    0x0800d908   0x0800d908   0x00000014   Code   RO         7208    i.prvTestWaitCondition  event_groups.o
    0x0800d91c   0x0800d91c   0x00000028   Code   RO         8097    i.prvTimerTask      timers.o
    0x0800d944   0x0800d944   0x0000006a   Code   RO         7360    i.prvUnlockQueue    queue.o
    0x0800d9ae   0x0800d9ae   0x00000002   PAD
    0x0800d9b0   0x0800d9b0   0x0000000c   Code   RO         3560    i.ptr_to_mem        mem.o
    0x0800d9bc   0x0800d9bc   0x000000ea   Code   RO         1289    i.put_fat           ff.o
    0x0800daa6   0x0800daa6   0x00000002   PAD
    0x0800daa8   0x0800daa8   0x000000d8   Code   RO         8242    i.pvPortMalloc      heap_4.o
    0x0800db80   0x0800db80   0x00000018   Code   RO         7749    i.pvTaskIncrementMutexHeldCount  tasks.o
    0x0800db98   0x0800db98   0x0000002c   Code   RO         8291    i.pxPortInitialiseStack  port.o
    0x0800dbc4   0x0800dbc4   0x00000104   Code   RO         2291    i.recv_tcp          api_msg.o
    0x0800dcc8   0x0800dcc8   0x000000f0   Code   RO         2292    i.recv_udp          api_msg.o
    0x0800ddb8   0x0800ddb8   0x00000074   Code   RO         1293    i.remove_chain      ff.o
    0x0800de2c   0x0800de2c   0x000000d4   Code   RO         2780    i.select_check_waiters  sockets.o
    0x0800df00   0x0800df00   0x00000074   Code   RO         2293    i.sent_tcp          api_msg.o
    0x0800df74   0x0800df74   0x00000044   Code   RO         2294    i.setup_tcp         api_msg.o
    0x0800dfb8   0x0800dfb8   0x00000028   Code   RO         1294    i.st_clust          ff.o
    0x0800dfe0   0x0800dfe0   0x00000010   Code   RO         1295    i.st_dword          ff.o
    0x0800dff0   0x0800dff0   0x00000008   Code   RO         1296    i.st_word           ff.o
    0x0800dff8   0x0800dff8   0x00000084   Code   RO         1297    i.sync_fs           ff.o
    0x0800e07c   0x0800e07c   0x00000046   Code   RO         1298    i.sync_window       ff.o
    0x0800e0c2   0x0800e0c2   0x00000002   PAD
    0x0800e0c4   0x0800e0c4   0x0000008c   Code   RO         1822    i.sys_arch_mbox_fetch  sys_arch.o
    0x0800e150   0x0800e150   0x00000078   Code   RO         1823    i.sys_arch_mbox_tryfetch  sys_arch.o
    0x0800e1c8   0x0800e1c8   0x0000000a   Code   RO         1825    i.sys_arch_protect  sys_arch.o
    0x0800e1d2   0x0800e1d2   0x00000002   PAD
    0x0800e1d4   0x0800e1d4   0x0000007c   Code   RO         1826    i.sys_arch_sem_wait  sys_arch.o
    0x0800e250   0x0800e250   0x00000004   Code   RO         1827    i.sys_arch_unprotect  sys_arch.o
    0x0800e254   0x0800e254   0x00000040   Code   RO         4785    i.sys_check_timeouts  timeouts.o
    0x0800e294   0x0800e294   0x00000002   Code   RO         1828    i.sys_init          sys_arch.o
    0x0800e296   0x0800e296   0x00000002   PAD
    0x0800e298   0x0800e298   0x00000044   Code   RO         1830    i.sys_mbox_free     sys_arch.o
    0x0800e2dc   0x0800e2dc   0x0000004c   Code   RO         1831    i.sys_mbox_new      sys_arch.o
    0x0800e328   0x0800e328   0x00000070   Code   RO         1833    i.sys_mbox_trypost  sys_arch.o
    0x0800e398   0x0800e398   0x00000070   Code   RO         1836    i.sys_mutex_lock    sys_arch.o
    0x0800e408   0x0800e408   0x00000030   Code   RO         1837    i.sys_mutex_new     sys_arch.o
    0x0800e438   0x0800e438   0x0000006c   Code   RO         1838    i.sys_mutex_unlock  sys_arch.o
    0x0800e4a4   0x0800e4a4   0x00000004   Code   RO         1839    i.sys_now           sys_arch.o
    0x0800e4a8   0x0800e4a8   0x00000044   Code   RO         1840    i.sys_sem_free      sys_arch.o
    0x0800e4ec   0x0800e4ec   0x000000a0   Code   RO         1841    i.sys_sem_new       sys_arch.o
    0x0800e58c   0x0800e58c   0x0000007c   Code   RO         1842    i.sys_sem_signal    sys_arch.o
    0x0800e608   0x0800e608   0x00000064   Code   RO         1843    i.sys_thread_new    sys_arch.o
    0x0800e66c   0x0800e66c   0x00000060   Code   RO         4787    i.sys_timeout       timeouts.o
    0x0800e6cc   0x0800e6cc   0x00000098   Code   RO         4788    i.sys_timeout_abs   timeouts.o
    0x0800e764   0x0800e764   0x00000024   Code   RO         4789    i.sys_timeouts_init  timeouts.o
    0x0800e788   0x0800e788   0x00000028   Code   RO         4790    i.sys_timeouts_sleeptime  timeouts.o
    0x0800e7b0   0x0800e7b0   0x0000013c   Code   RO         4243    i.tcp_abandon       tcp.o
    0x0800e8ec   0x0800e8ec   0x00000006   Code   RO         4244    i.tcp_abort         tcp.o
    0x0800e8f2   0x0800e8f2   0x0000000e   Code   RO         4245    i.tcp_accept        tcp.o
    0x0800e900   0x0800e900   0x00000128   Code   RO         4247    i.tcp_alloc         tcp.o
    0x0800ea28   0x0800ea28   0x00000008   Code   RO         4248    i.tcp_arg           tcp.o
    0x0800ea30   0x0800ea30   0x000000dc   Code   RO         4249    i.tcp_bind          tcp.o
    0x0800eb0c   0x0800eb0c   0x00000040   Code   RO         4251    i.tcp_close         tcp.o
    0x0800eb4c   0x0800eb4c   0x00000168   Code   RO         4252    i.tcp_close_shutdown  tcp.o
    0x0800ecb4   0x0800ecb4   0x00000064   Code   RO         4253    i.tcp_close_shutdown_fin  tcp.o
    0x0800ed18   0x0800ed18   0x00000114   Code   RO         4624    i.tcp_create_segment  tcp_out.o
    0x0800ee2c   0x0800ee2c   0x00000054   Code   RO         4256    i.tcp_eff_send_mss_netif  tcp.o
    0x0800ee80   0x0800ee80   0x000001a4   Code   RO         4625    i.tcp_enqueue_flags  tcp_out.o
    0x0800f024   0x0800f024   0x00000044   Code   RO         4257    i.tcp_err           tcp.o
    0x0800f068   0x0800f068   0x0000006c   Code   RO         4258    i.tcp_fasttmr       tcp.o
    0x0800f0d4   0x0800f0d4   0x00000030   Code   RO         4259    i.tcp_free          tcp.o
    0x0800f104   0x0800f104   0x000000d4   Code   RO         4540    i.tcp_free_acked_segments  tcp_in.o
    0x0800f1d8   0x0800f1d8   0x00000028   Code   RO         4541    i.tcp_get_next_optbyte  tcp_in.o
    0x0800f200   0x0800f200   0x00000018   Code   RO         4260    i.tcp_init          tcp.o
    0x0800f218   0x0800f218   0x00000590   Code   RO         4542    i.tcp_input         tcp_in.o
    0x0800f7a8   0x0800f7a8   0x00000070   Code   RO         4543    i.tcp_input_delayed_close  tcp_in.o
    0x0800f818   0x0800f818   0x00000068   Code   RO         4626    i.tcp_keepalive     tcp_out.o
    0x0800f880   0x0800f880   0x0000005c   Code   RO         4261    i.tcp_kill_state    tcp.o
    0x0800f8dc   0x0800f8dc   0x0000009c   Code   RO         4262    i.tcp_listen_closed  tcp.o
    0x0800f978   0x0800f978   0x00000130   Code   RO         4544    i.tcp_listen_input  tcp_in.o
    0x0800faa8   0x0800faa8   0x0000004c   Code   RO         4265    i.tcp_netif_ip_addr_changed  tcp.o
    0x0800faf4   0x0800faf4   0x00000060   Code   RO         4266    i.tcp_netif_ip_addr_changed_pcblist  tcp.o
    0x0800fb54   0x0800fb54   0x00000006   Code   RO         4268    i.tcp_new_ip_type   tcp.o
    0x0800fb5a   0x0800fb5a   0x00000002   PAD
    0x0800fb5c   0x0800fb5c   0x0000005c   Code   RO         4269    i.tcp_new_port      tcp.o
    0x0800fbb8   0x0800fbb8   0x00000038   Code   RO         4270    i.tcp_next_iss      tcp.o
    0x0800fbf0   0x0800fbf0   0x00000274   Code   RO         4627    i.tcp_output        tcp_out.o
    0x0800fe64   0x0800fe64   0x00000068   Code   RO         4628    i.tcp_output_alloc_header  tcp_out.o
    0x0800fecc   0x0800fecc   0x000000ac   Code   RO         4629    i.tcp_output_alloc_header_common  tcp_out.o
    0x0800ff78   0x0800ff78   0x0000007c   Code   RO         4630    i.tcp_output_control_segment  tcp_out.o
    0x0800fff4   0x0800fff4   0x0000006c   Code   RO         4631    i.tcp_output_fill_options  tcp_out.o
    0x08010060   0x08010060   0x0000015c   Code   RO         4632    i.tcp_output_segment  tcp_out.o
    0x080101bc   0x080101bc   0x00000044   Code   RO         4633    i.tcp_output_segment_busy  tcp_out.o
    0x08010200   0x08010200   0x00000098   Code   RO         4545    i.tcp_parseopt      tcp_in.o
    0x08010298   0x08010298   0x000000dc   Code   RO         4634    i.tcp_pbuf_prealloc  tcp_out.o
    0x08010374   0x08010374   0x00000064   Code   RO         4271    i.tcp_pcb_purge     tcp.o
    0x080103d8   0x080103d8   0x000000ec   Code   RO         4272    i.tcp_pcb_remove    tcp.o
    0x080104c4   0x080104c4   0x00000064   Code   RO         4273    i.tcp_poll          tcp.o
    0x08010528   0x08010528   0x0000044c   Code   RO         4546    i.tcp_process       tcp_in.o
    0x08010974   0x08010974   0x000000a4   Code   RO         4274    i.tcp_process_refused_data  tcp.o
    0x08010a18   0x08010a18   0x000004e0   Code   RO         4547    i.tcp_receive       tcp_in.o
    0x08010ef8   0x08010ef8   0x00000044   Code   RO         4275    i.tcp_recv          tcp.o
    0x08010f3c   0x08010f3c   0x00000050   Code   RO         4276    i.tcp_recv_null     tcp.o
    0x08010f8c   0x08010f8c   0x0000009c   Code   RO         4277    i.tcp_recved        tcp.o
    0x08011028   0x08011028   0x00000088   Code   RO         4635    i.tcp_rexmit        tcp_out.o
    0x080110b0   0x080110b0   0x00000084   Code   RO         4636    i.tcp_rexmit_fast   tcp_out.o
    0x08011134   0x08011134   0x00000040   Code   RO         4637    i.tcp_rexmit_rto    tcp_out.o
    0x08011174   0x08011174   0x00000048   Code   RO         4638    i.tcp_rexmit_rto_commit  tcp_out.o
    0x080111bc   0x080111bc   0x0000009c   Code   RO         4639    i.tcp_rexmit_rto_prepare  tcp_out.o
    0x08011258   0x08011258   0x00000010   Code   RO         4640    i.tcp_route         tcp_out.o
    0x08011268   0x08011268   0x000000a8   Code   RO         4641    i.tcp_rst           tcp_out.o
    0x08011310   0x08011310   0x0000001c   Code   RO         4278    i.tcp_seg_free      tcp.o
    0x0801132c   0x0801132c   0x00000012   Code   RO         4279    i.tcp_segs_free     tcp.o
    0x0801133e   0x0801133e   0x00000002   PAD
    0x08011340   0x08011340   0x00000088   Code   RO         4642    i.tcp_send_empty_ack  tcp_out.o
    0x080113c8   0x080113c8   0x0000006c   Code   RO         4643    i.tcp_send_fin      tcp_out.o
    0x08011434   0x08011434   0x00000040   Code   RO         4280    i.tcp_sent          tcp.o
    0x08011474   0x08011474   0x00000078   Code   RO         4282    i.tcp_shutdown      tcp.o
    0x080114ec   0x080114ec   0x000004f8   Code   RO         4283    i.tcp_slowtmr       tcp.o
    0x080119e4   0x080119e4   0x000001b0   Code   RO         4644    i.tcp_split_unsent_seg  tcp_out.o
    0x08011b94   0x08011b94   0x00000034   Code   RO         4792    i.tcp_timer_needed  timeouts.o
    0x08011bc8   0x08011bc8   0x00000098   Code   RO         4548    i.tcp_timewait_input  tcp_in.o
    0x08011c60   0x08011c60   0x00000020   Code   RO         4285    i.tcp_tmr           tcp.o
    0x08011c80   0x08011c80   0x00000010   Code   RO         4549    i.tcp_trigger_input_pcb_close  tcp_in.o
    0x08011c90   0x08011c90   0x0000008c   Code   RO         4287    i.tcp_update_rcv_ann_wnd  tcp.o
    0x08011d1c   0x08011d1c   0x00000670   Code   RO         4645    i.tcp_write         tcp_out.o
    0x0801238c   0x0801238c   0x000000fc   Code   RO         4646    i.tcp_write_checks  tcp_out.o
    0x08012488   0x08012488   0x000000e4   Code   RO         4647    i.tcp_zero_window_probe  tcp_out.o
    0x0801256c   0x0801256c   0x000000a0   Code   RO         3056    i.tcpip_init        tcpip.o
    0x0801260c   0x0801260c   0x00000060   Code   RO         3057    i.tcpip_inpkt       tcpip.o
    0x0801266c   0x0801266c   0x0000001c   Code   RO         3058    i.tcpip_input       tcpip.o
    0x08012688   0x08012688   0x00000020   Code   RO         3059    i.tcpip_send_msg_wait_sem  tcpip.o
    0x080126a8   0x080126a8   0x00000038   Code   RO         4793    i.tcpip_tcp_timer   timeouts.o
    0x080126e0   0x080126e0   0x00000098   Code   RO         3060    i.tcpip_thread      tcpip.o
    0x08012778   0x08012778   0x0000006c   Code   RO         3061    i.tcpip_thread_handle_msg  tcpip.o
    0x080127e4   0x080127e4   0x00000012   Code   RO         2781    i.tryget_socket     sockets.o
    0x080127f6   0x080127f6   0x00000002   PAD
    0x080127f8   0x080127f8   0x00000014   Code   RO         2783    i.tryget_socket_unconn_nouse  sockets.o
    0x0801280c   0x0801280c   0x000000d8   Code   RO         4873    i.udp_bind          udp.o
    0x080128e4   0x080128e4   0x00000018   Code   RO         4877    i.udp_init          udp.o
    0x080128fc   0x080128fc   0x00000178   Code   RO         4878    i.udp_input         udp.o
    0x08012a74   0x08012a74   0x000000ac   Code   RO         4879    i.udp_input_local_match  udp.o
    0x08012b20   0x08012b20   0x00000034   Code   RO         4880    i.udp_netif_ip_addr_changed  udp.o
    0x08012b54   0x08012b54   0x0000001a   Code   RO         4881    i.udp_new           udp.o
    0x08012b6e   0x08012b6e   0x00000004   Code   RO         4882    i.udp_new_ip_type   udp.o
    0x08012b72   0x08012b72   0x00000002   PAD
    0x08012b74   0x08012b74   0x00000028   Code   RO         4883    i.udp_recv          udp.o
    0x08012b9c   0x08012b9c   0x00000050   Code   RO         4884    i.udp_remove        udp.o
    0x08012bec   0x08012bec   0x00000054   Code   RO         4885    i.udp_send          udp.o
    0x08012c40   0x08012c40   0x000000a4   Code   RO         4886    i.udp_sendto        udp.o
    0x08012ce4   0x08012ce4   0x000000c8   Code   RO         4887    i.udp_sendto_if     udp.o
    0x08012dac   0x08012dac   0x000001c8   Code   RO         4888    i.udp_sendto_if_src  udp.o
    0x08012f74   0x08012f74   0x00000026   Code   RO         7318    i.uxListRemove      list.o
    0x08012f9a   0x08012f9a   0x00000002   PAD
    0x08012f9c   0x08012f9c   0x00000018   Code   RO         7757    i.uxTaskResetEventItemValue  tasks.o
    0x08012fb4   0x08012fb4   0x00000014   Code   RO         8508    i.vApplicationGetIdleTaskMemory  cmsis_os2.o
    0x08012fc8   0x08012fc8   0x00000018   Code   RO         8509    i.vApplicationGetTimerTaskMemory  cmsis_os2.o
    0x08012fe0   0x08012fe0   0x00000016   Code   RO         7319    i.vListInitialise   list.o
    0x08012ff6   0x08012ff6   0x00000006   Code   RO         7320    i.vListInitialiseItem  list.o
    0x08012ffc   0x08012ffc   0x00000030   Code   RO         7321    i.vListInsert       list.o
    0x0801302c   0x0801302c   0x00000018   Code   RO         7322    i.vListInsertEnd    list.o
    0x08013044   0x08013044   0x00000040   Code   RO         8293    i.vPortEnterCritical  port.o
    0x08013084   0x08013084   0x00000028   Code   RO         8294    i.vPortExitCritical  port.o
    0x080130ac   0x080130ac   0x0000005c   Code   RO         8243    i.vPortFree         heap_4.o
    0x08013108   0x08013108   0x00000024   Code   RO         8295    i.vPortSetupTimerInterrupt  port.o
    0x0801312c   0x0801312c   0x00000054   Code   RO         8296    i.vPortValidateInterruptPriority  port.o
    0x08013180   0x08013180   0x00000024   Code   RO         7366    i.vQueueAddToRegistry  queue.o
    0x080131a4   0x080131a4   0x0000002e   Code   RO         7367    i.vQueueDelete      queue.o
    0x080131d2   0x080131d2   0x00000002   PAD
    0x080131d4   0x080131d4   0x00000028   Code   RO         7369    i.vQueueUnregisterQueue  queue.o
    0x080131fc   0x080131fc   0x00000044   Code   RO         7370    i.vQueueWaitForMessageRestricted  queue.o
    0x08013240   0x08013240   0x0000004c   Code   RO         7758    i.vTaskDelay        tasks.o
    0x0801328c   0x0801328c   0x00000090   Code   RO         7760    i.vTaskDelete       tasks.o
    0x0801331c   0x0801331c   0x00000010   Code   RO         7763    i.vTaskInternalSetTimeOutState  tasks.o
    0x0801332c   0x0801332c   0x0000000c   Code   RO         7764    i.vTaskMissedYield  tasks.o
    0x08013338   0x08013338   0x00000030   Code   RO         7766    i.vTaskPlaceOnEventList  tasks.o
    0x08013368   0x08013368   0x00000038   Code   RO         7767    i.vTaskPlaceOnEventListRestricted  tasks.o
    0x080133a0   0x080133a0   0x0000004c   Code   RO         7768    i.vTaskPlaceOnUnorderedEventList  tasks.o
    0x080133ec   0x080133ec   0x00000090   Code   RO         7769    i.vTaskPriorityDisinheritAfterTimeout  tasks.o
    0x0801347c   0x0801347c   0x00000084   Code   RO         7775    i.vTaskStartScheduler  tasks.o
    0x08013500   0x08013500   0x00000010   Code   RO         7777    i.vTaskSuspendAll   tasks.o
    0x08013510   0x08013510   0x00000064   Code   RO         7778    i.vTaskSwitchContext  tasks.o
    0x08013574   0x08013574   0x00000034   Code   RO         1299    i.validate          ff.o
    0x080135a8   0x080135a8   0x0000001c   Code   RO         7216    i.xEventGroupCreate  event_groups.o
    0x080135c4   0x080135c4   0x00000108   Code   RO         7222    i.xEventGroupWaitBits  event_groups.o
    0x080136cc   0x080136cc   0x00000100   Code   RO         8297    i.xPortStartScheduler  port.o
    0x080137cc   0x080137cc   0x0000002c   Code   RO         8298    i.xPortSysTickHandler  port.o
    0x080137f8   0x080137f8   0x00000016   Code   RO         7373    i.xQueueCreateMutex  queue.o
    0x0801380e   0x0801380e   0x00000048   Code   RO         7375    i.xQueueGenericCreate  queue.o
    0x08013856   0x08013856   0x00000066   Code   RO         7376    i.xQueueGenericCreateStatic  queue.o
    0x080138bc   0x080138bc   0x00000088   Code   RO         7377    i.xQueueGenericReset  queue.o
    0x08013944   0x08013944   0x00000164   Code   RO         7378    i.xQueueGenericSend  queue.o
    0x08013aa8   0x08013aa8   0x000000bc   Code   RO         7379    i.xQueueGenericSendFromISR  queue.o
    0x08013b64   0x08013b64   0x0000009c   Code   RO         7382    i.xQueueGiveFromISR  queue.o
    0x08013c00   0x08013c00   0x0000003e   Code   RO         7383    i.xQueueGiveMutexRecursive  queue.o
    0x08013c3e   0x08013c3e   0x00000002   PAD
    0x08013c40   0x08013c40   0x00000138   Code   RO         7388    i.xQueueReceive     queue.o
    0x08013d78   0x08013d78   0x00000178   Code   RO         7390    i.xQueueSemaphoreTake  queue.o
    0x08013ef0   0x08013ef0   0x00000040   Code   RO         7391    i.xQueueTakeMutexRecursive  queue.o
    0x08013f30   0x08013f30   0x00000074   Code   RO         7779    i.xTaskCheckForTimeOut  tasks.o
    0x08013fa4   0x08013fa4   0x0000005a   Code   RO         7780    i.xTaskCreate       tasks.o
    0x08013ffe   0x08013ffe   0x0000005a   Code   RO         7781    i.xTaskCreateStatic  tasks.o
    0x08014058   0x08014058   0x0000000c   Code   RO         7784    i.xTaskGetCurrentTaskHandle  tasks.o
    0x08014064   0x08014064   0x0000001c   Code   RO         7785    i.xTaskGetSchedulerState  tasks.o
    0x08014080   0x08014080   0x0000000c   Code   RO         7786    i.xTaskGetTickCount  tasks.o
    0x0801408c   0x0801408c   0x000000c8   Code   RO         7788    i.xTaskIncrementTick  tasks.o
    0x08014154   0x08014154   0x0000007c   Code   RO         7791    i.xTaskPriorityDisinherit  tasks.o
    0x080141d0   0x080141d0   0x0000007c   Code   RO         7792    i.xTaskPriorityInherit  tasks.o
    0x0801424c   0x0801424c   0x00000070   Code   RO         7793    i.xTaskRemoveFromEventList  tasks.o
    0x080142bc   0x080142bc   0x000000c0   Code   RO         7794    i.xTaskResumeAll    tasks.o
    0x0801437c   0x0801437c   0x00000060   Code   RO         8104    i.xTimerCreateTimerTask  timers.o
    0x080143dc   0x080143dc   0x00000064   Code   RO         8105    i.xTimerGenericCommand  timers.o
    0x08014440   0x08014440   0x00000003   Data   RO         2295    .constdata          api_msg.o
    0x08014443   0x08014443   0x00000001   PAD
    0x08014444   0x08014444   0x00000044   Data   RO         2491    .constdata          err.o
    0x08014488   0x08014488   0x00000010   Data   RO         3642    .constdata          memp.o
    0x08014498   0x08014498   0x00000010   Data   RO         3643    .constdata          memp.o
    0x080144a8   0x080144a8   0x00000010   Data   RO         3644    .constdata          memp.o
    0x080144b8   0x080144b8   0x00000010   Data   RO         3645    .constdata          memp.o
    0x080144c8   0x080144c8   0x00000010   Data   RO         3646    .constdata          memp.o
    0x080144d8   0x080144d8   0x00000010   Data   RO         3647    .constdata          memp.o
    0x080144e8   0x080144e8   0x00000010   Data   RO         3648    .constdata          memp.o
    0x080144f8   0x080144f8   0x00000010   Data   RO         3649    .constdata          memp.o
    0x08014508   0x08014508   0x00000010   Data   RO         3650    .constdata          memp.o
    0x08014518   0x08014518   0x00000010   Data   RO         3651    .constdata          memp.o
    0x08014528   0x08014528   0x00000010   Data   RO         3652    .constdata          memp.o
    0x08014538   0x08014538   0x00000010   Data   RO         3653    .constdata          memp.o
    0x08014548   0x08014548   0x00000010   Data   RO         3654    .constdata          memp.o
    0x08014558   0x08014558   0x00000010   Data   RO         3655    .constdata          memp.o
    0x08014568   0x08014568   0x00000038   Data   RO         3656    .constdata          memp.o
    0x080145a0   0x080145a0   0x00000054   Data   RO         4288    .constdata          tcp.o
    0x080145f4   0x080145f4   0x00000020   Data   RO         4794    .constdata          timeouts.o
    0x08014614   0x08014614   0x00000004   Data   RO         5261    .constdata          ip4_addr.o
    0x08014618   0x08014618   0x00000006   Data   RO         5396    .constdata          ethernet.o
    0x0801461e   0x0801461e   0x00000006   Data   RO         5397    .constdata          ethernet.o
    0x08014624   0x08014624   0x00000010   Data   RO         8865    .constdata          system_stm32f4xx.o
    0x08014634   0x08014634   0x00000008   Data   RO         8866    .constdata          system_stm32f4xx.o
    0x0801463c   0x0801463c   0x00000008   Data   RO        10119    .constdata          stm32f4xx_hal_dma.o
    0x08014644   0x08014644   0x00000081   Data   RO        13830    .constdata          mc_w.l(ctype_o.o)
    0x080146c5   0x080146c5   0x00000003   PAD
    0x080146c8   0x080146c8   0x00000004   Data   RO        13831    .constdata          mc_w.l(ctype_o.o)
    0x080146cc   0x080146cc   0x00000052   Data   RO          976    .conststring        task_eeprom.o
    0x0801471e   0x0801471e   0x00000002   PAD
    0x08014720   0x08014720   0x00000053   Data   RO         1744    .conststring        lwip_comm.o
    0x08014773   0x08014773   0x00000001   PAD
    0x08014774   0x08014774   0x00000008   Data   RO         3657    .conststring        memp.o
    0x0801477c   0x0801477c   0x00000008   Data   RO         3658    .conststring        memp.o
    0x08014784   0x08014784   0x0000000f   Data   RO         3659    .conststring        memp.o
    0x08014793   0x08014793   0x00000001   PAD
    0x08014794   0x08014794   0x00000008   Data   RO         3660    .conststring        memp.o
    0x0801479c   0x0801479c   0x0000000a   Data   RO         3661    .conststring        memp.o
    0x080147a6   0x080147a6   0x00000002   PAD
    0x080147a8   0x080147a8   0x0000000a   Data   RO         3662    .conststring        memp.o
    0x080147b2   0x080147b2   0x00000002   PAD
    0x080147b4   0x080147b4   0x00000007   Data   RO         3663    .conststring        memp.o
    0x080147bb   0x080147bb   0x00000001   PAD
    0x080147bc   0x080147bc   0x00000008   Data   RO         3664    .conststring        memp.o
    0x080147c4   0x080147c4   0x0000000e   Data   RO         3665    .conststring        memp.o
    0x080147d2   0x080147d2   0x00000002   PAD
    0x080147d4   0x080147d4   0x00000010   Data   RO         3666    .conststring        memp.o
    0x080147e4   0x080147e4   0x0000000c   Data   RO         3667    .conststring        memp.o
    0x080147f0   0x080147f0   0x00000006   Data   RO         3668    .conststring        memp.o
    0x080147f6   0x080147f6   0x00000002   PAD
    0x080147f8   0x080147f8   0x0000000d   Data   RO         3669    .conststring        memp.o
    0x08014805   0x08014805   0x00000003   PAD
    0x08014808   0x08014808   0x0000000a   Data   RO         3670    .conststring        memp.o
    0x08014812   0x08014812   0x00000002   PAD
    0x08014814   0x08014814   0x0000006d   Data   RO         4289    .conststring        tcp.o
    0x08014881   0x08014881   0x00000003   PAD
    0x08014884   0x08014884   0x00000055   Data   RO         4648    .conststring        tcp_out.o
    0x080148d9   0x080148d9   0x00000003   PAD
    0x080148dc   0x080148dc   0x00000041   Data   RO         5049    .conststring        etharp.o
    0x0801491d   0x0801491d   0x00000003   PAD
    0x08014920   0x08014920   0x00000020   Data   RO        14239    Region$$Table       anon$$obj.o


    Execution Region RW_IRAM1 (Exec base: 0x20000000, Load base: 0x08014940, Size: 0x00019220, Max: 0x00020000, ABSOLUTE, COMPRESSED[0x00000294])

    Exec Addr    Load Addr    Size         Type   Attr      Idx    E Section Name        Object

    0x20000000   COMPRESSED   0x00000030   Data   RW          369    .data               usercode.o
    0x20000030   COMPRESSED   0x0000001c   Data   RW          465    .data               config.o
    0x2000004c   COMPRESSED   0x0000016c   Data   RW          466    .data               config.o
    0x200001b8   COMPRESSED   0x0000016c   Data   RW          467    .data               config.o
    0x20000324   COMPRESSED   0x00000078   Data   RW          468    .data               config.o
    0x2000039c   COMPRESSED   0x000002cc   Data   RW          469    .data               config.o
    0x20000668   COMPRESSED   0x00000038   Data   RW          470    .data               config.o
    0x200006a0   COMPRESSED   0x00000038   Data   RW          471    .data               config.o
    0x200006d8   COMPRESSED   0x00000568   Data   RW          472    .data               config.o
    0x20000c40   COMPRESSED   0x00000150   Data   RW          473    .data               config.o
    0x20000d90   COMPRESSED   0x0000001c   Data   RW          474    .data               config.o
    0x20000dac   COMPRESSED   0x00000108   Data   RW          770    .data               task_lwipudp.o
    0x20000eb4   COMPRESSED   0x0000000e   Data   RW          828    .data               task_powerdetect.o
    0x20000ec2   COMPRESSED   0x0000000f   Data   RW          860    .data               task_serialscreen.o
    0x20000ed1   COMPRESSED   0x00000001   PAD
    0x20000ed2   COMPRESSED   0x00000020   Data   RW          943    .data               task_selfcheck.o
    0x20000ef2   COMPRESSED   0x00000002   Data   RW          977    .data               task_eeprom.o
    0x20000ef4   COMPRESSED   0x00000010   Data   RW         1011    .data               task_tfcard.o
    0x20000f04   COMPRESSED   0x00000008   Data   RW         1302    .data               ff.o
    0x20000f0c   COMPRESSED   0x00000004   Data   RW         1602    .data               ethernetif.o
    0x20000f10   COMPRESSED   0x00000004   Data   RW         1844    .data               sys_arch.o
    0x20000f14   COMPRESSED   0x00000004   Data   RW         2785    .data               sockets.o
    0x20000f18   COMPRESSED   0x00000010   Data   RW         3063    .data               tcpip.o
    0x20000f28   COMPRESSED   0x0000000c   Data   RW         3302    .data               dns.o
    0x20000f34   COMPRESSED   0x00000010   Data   RW         3562    .data               mem.o
    0x20000f44   COMPRESSED   0x00000004   Data   RW         3671    .data               memp.o
    0x20000f48   COMPRESSED   0x00000004   Data   RW         3672    .data               memp.o
    0x20000f4c   COMPRESSED   0x00000004   Data   RW         3673    .data               memp.o
    0x20000f50   COMPRESSED   0x00000004   Data   RW         3674    .data               memp.o
    0x20000f54   COMPRESSED   0x00000004   Data   RW         3675    .data               memp.o
    0x20000f58   COMPRESSED   0x00000004   Data   RW         3676    .data               memp.o
    0x20000f5c   COMPRESSED   0x00000004   Data   RW         3677    .data               memp.o
    0x20000f60   COMPRESSED   0x00000004   Data   RW         3678    .data               memp.o
    0x20000f64   COMPRESSED   0x00000004   Data   RW         3679    .data               memp.o
    0x20000f68   COMPRESSED   0x00000004   Data   RW         3680    .data               memp.o
    0x20000f6c   COMPRESSED   0x00000004   Data   RW         3681    .data               memp.o
    0x20000f70   COMPRESSED   0x00000004   Data   RW         3682    .data               memp.o
    0x20000f74   COMPRESSED   0x00000004   Data   RW         3683    .data               memp.o
    0x20000f78   COMPRESSED   0x00000004   Data   RW         3684    .data               memp.o
    0x20000f7c   COMPRESSED   0x0000000c   Data   RW         3805    .data               netif.o
    0x20000f88   COMPRESSED   0x00000020   Data   RW         4290    .data               tcp.o
    0x20000fa8   COMPRESSED   0x00000024   Data   RW         4551    .data               tcp_in.o
    0x20000fcc   COMPRESSED   0x0000000c   Data   RW         4796    .data               timeouts.o
    0x20000fd8   COMPRESSED   0x00000008   Data   RW         4889    .data               udp.o
    0x20000fe0   COMPRESSED   0x00000001   Data   RW         5050    .data               etharp.o
    0x20000fe1   COMPRESSED   0x00000001   PAD
    0x20000fe2   COMPRESSED   0x00000002   Data   RW         5205    .data               ip4.o
    0x20000fe4   COMPRESSED   0x00000008   Data   RW         5332    .data               ip4_frag.o
    0x20000fec   COMPRESSED   0x00000010   Data   RW         6069    .data               ocd_ethernet.o
    0x20000ffc   COMPRESSED   0x00000001   Data   RW         6151    .data               ocd_sdcard.o
    0x20000ffd   COMPRESSED   0x00000003   PAD
    0x20001000   COMPRESSED   0x00000004   Data   RW         6256    .data               drv_hal.o
    0x20001004   COMPRESSED   0x00000001   Data   RW         6422    .data               drv_hal_can.o
    0x20001005   COMPRESSED   0x00000003   PAD
    0x20001008   COMPRESSED   0x0000003c   Data   RW         7797    .data               tasks.o
    0x20001044   COMPRESSED   0x00000014   Data   RW         8113    .data               timers.o
    0x20001058   COMPRESSED   0x00000018   Data   RW         8248    .data               heap_4.o
    0x20001070   COMPRESSED   0x0000000c   Data   RW         8299    .data               port.o
    0x2000107c   COMPRESSED   0x00000004   Data   RW         8511    .data               cmsis_os2.o
    0x20001080   COMPRESSED   0x00000004   Data   RW         8867    .data               system_stm32f4xx.o
    0x20001084   COMPRESSED   0x0000000c   Data   RW         8935    .data               stm32f4xx_hal.o
    0x20001090   COMPRESSED   0x00000004   Data   RW        13860    .data               mc_w.l(rand.o)
    0x20001094   COMPRESSED   0x00000004   Data   RW        14207    .data               mc_w.l(mvars.o)
    0x20001098   COMPRESSED   0x00000004   Data   RW        14208    .data               mc_w.l(mvars.o)
    0x2000109c   COMPRESSED   0x00000004   Data   RW        14212    .data               mc_w.l(errno.o)
    0x200010a0        -       0x00000012   Zero   RW          570    .bss                task_irq.o
    0x200010b2   COMPRESSED   0x00000002   PAD
    0x200010b4        -       0x000001b8   Zero   RW          768    .bss                task_lwipudp.o
    0x2000126c        -       0x0000000a   Zero   RW          827    .bss                task_powerdetect.o
    0x20001276        -       0x000000ca   Zero   RW          859    .bss                task_serialscreen.o
    0x20001340        -       0x00000009   Zero   RW          912    .bss                task_can.o
    0x20001349   COMPRESSED   0x00000003   PAD
    0x2000134c        -       0x00000050   Zero   RW         1743    .bss                lwip_comm.o
    0x2000139c        -       0x00000040   Zero   RW         2784    .bss                sockets.o
    0x200013dc        -       0x00000480   Zero   RW         3300    .bss                dns.o
    0x2000185c        -       0x00000018   Zero   RW         3529    .bss                ip.o
    0x20001874        -       0x00006413   Zero   RW         3561    .bss                mem.o
    0x20007c87        -       0x00000083   Zero   RW         3628    .bss                memp.o
    0x20007d0a        -       0x00000263   Zero   RW         3629    .bss                memp.o
    0x20007f6d        -       0x0000003b   Zero   RW         3630    .bss                memp.o
    0x20007fa8        -       0x00000963   Zero   RW         3631    .bss                memp.o
    0x2000890b        -       0x000000a3   Zero   RW         3632    .bss                memp.o
    0x200089ae        -       0x0000016b   Zero   RW         3633    .bss                memp.o
    0x20008b19        -       0x00000023   Zero   RW         3634    .bss                memp.o
    0x20008b3c        -       0x000000b3   Zero   RW         3635    .bss                memp.o
    0x20008bef        -       0x00000083   Zero   RW         3636    .bss                memp.o
    0x20008c72        -       0x00000083   Zero   RW         3637    .bss                memp.o
    0x20008cf5        -       0x00000063   Zero   RW         3638    .bss                memp.o
    0x20008d58        -       0x00000137   Zero   RW         3639    .bss                memp.o
    0x20008e8f        -       0x000000f3   Zero   RW         3640    .bss                memp.o
    0x20008f82        -       0x000077b3   Zero   RW         3641    .bss                memp.o
    0x20010735   COMPRESSED   0x00000003   PAD
    0x20010738        -       0x00000014   Zero   RW         4550    .bss                tcp_in.o
    0x2001074c        -       0x000000f0   Zero   RW         5048    .bss                etharp.o
    0x2001083c        -       0x00000048   Zero   RW         6068    .bss                ocd_ethernet.o
    0x20010884        -       0x000000c8   Zero   RW         6150    .bss                ocd_sdcard.o
    0x2001094c        -       0x00000040   Zero   RW         7392    .bss                queue.o
    0x2001098c        -       0x000004c4   Zero   RW         7796    .bss                tasks.o
    0x20010e50        -       0x00000118   Zero   RW         8112    .bss                timers.o
    0x20010f68        -       0x00007800   Zero   RW         8247    .bss                heap_4.o
    0x20018768        -       0x000006b8   Zero   RW         8510    .bss                cmsis_os2.o
    0x20018e20        -       0x00000000   Zero   RW         8899    HEAP                startup_stm32f407xx.o
    0x20018e20        -       0x00000400   Zero   RW         8898    STACK               startup_stm32f407xx.o


==============================================================================

Image component sizes


      Code (inc. data)   RO Data    RW Data    ZI Data      Debug   Object Name

        18          0          0          0          0        540   algo_func.o
      1804        680          0          0          0      41201   api_lib.o
      4322       1280          3          0          0      37463   api_msg.o
       152         22          0          4       1720       9852   cmsis_os2.o
         0          0          0       3452          0        793   config.o
         8          0          0          0          0       1018   def.o
       794        114          0         12       1152      10581   dns.o
       490         98          0          4          0       7746   drv_hal.o
       344         54          0          0          0       3128   drv_hal_adc.o
       640         62          0          1          0       5377   drv_hal_can.o
        74         12          0          0          0       1238   drv_hal_delay.o
       556         54          0          0          0       4262   drv_hal_gpio.o
       526          0          0          0          0       8562   drv_hal_iic_soft.o
       310         88          0          0          0       3015   drv_hal_spi.o
      1824        216          0          0          0       8677   drv_hal_uart.o
        28          4         68          0          0       1747   err.o
      2160        518         65          1        240      12407   etharp.o
       308         58         12          0          0       2558   ethernet.o
       692         82          0          4          0      24213   ethernetif.o
       312          6          0          0          0      20350   event_groups.o
      4870         60          0          8          0      45928   ff.o
       460         24          0         24      30720       4535   heap_4.o
       584        156          0          0          0       4278   icmp.o
         0          0          0          0          0       3863   if_api.o
       160          0          0          0          0       2695   inet_chksum.o
        38          0          0          0          0        940   init.o
         0          0          0          0         24       3134   ip.o
       810         92          0          2          0       5340   ip4.o
       374         20          4          0          0      11775   ip4_addr.o
      2084        462          0          8          0      11778   ip4_frag.o
       138          0          0          0          0       3242   list.o
       888        284         83          0         80       6606   lwip_comm.o
        44         20          0          0          0     768259   main.o
      1600        602          0         16      25619       7433   mem.o
       358        148        425         56      35502      10790   memp.o
       190         54          0          0          0      11163   netbuf.o
      1042        350          0         12          0      15288   netif.o
       250          0          0          0          0       3698   ocd_at24cxx.o
       262          0          0          0          0       2446   ocd_ds3231.o
       686         48          0         16         72       4910   ocd_ethernet.o
       368         66          0          0          0       2597   ocd_fatfs.o
      1176         54          0          1        200      10753   ocd_sdcard.o
      2774       1086          0          0          0      20359   pbuf.o
       798         82          0         12          0      11449   port.o
      2368         26          0          0         64      22197   queue.o
      2248        398          0          4         64      36879   sockets.o
        36          8        392          0       1024        944   startup_stm32f407xx.o
       180         28          0         12          0       9605   stm32f4xx_hal.o
      1146         52          0          0          0       6599   stm32f4xx_hal_adc.o
      1636          6          0          0          0      14977   stm32f4xx_hal_can.o
       198         14          0          0          0      34075   stm32f4xx_hal_cortex.o
       664         12          8          0          0       6373   stm32f4xx_hal_dma.o
      1990         70          0          0          0      12514   stm32f4xx_hal_eth.o
       496         44          0          0          0       3704   stm32f4xx_hal_gpio.o
      1336         78          0          0          0       6004   stm32f4xx_hal_rcc.o
       936         12          0          0          0       5595   stm32f4xx_hal_spi.o
      1872         30          0          0          0      16600   stm32f4xx_hal_uart.o
         0          0          0          0          0       8508   stream_buffer.o
      1380        668          0          4          0      16437   sys_arch.o
        16          4         24          4          0       1399   system_stm32f4xx.o
       208         18          0          0          9       2058   task_can.o
       408         30         82          2          0       2103   task_eeprom.o
       288         60          0          0         18      11759   task_irq.o
       380         76          0        264        440      13195   task_lwipudp.o
       224         24          0         14         10       1510   task_powerdetect.o
       388        122          0         32          0       1950   task_selfcheck.o
       972        108          0         15        202       5240   task_serialscreen.o
         4          0          0          0          0        472   task_sysinit.o
       208        108          0         16          0       1788   task_tfcard.o
       168         58          0          0          0        640   task_userinit.o
      2600        214          0         60       1220      27784   tasks.o
      4868       1620        193         32          0      37844   tcp.o
      4760       1050          0         36         20      20659   tcp_in.o
      6120       2036         85          0          0      34318   tcp_out.o
       576        200          0         16          0       7289   tcpip.o
       140         34          0          0          0       3171   threadpool.o
       556        188         32         12          0       7135   timeouts.o
       912         84          0         20        280      25467   timers.o
      1894        740          0          8          0      12357   udp.o
       396        140          0         48          0       6638   usercode.o

    ----------------------------------------------------------------------
     77976      15316       1536       4240      98688    1603774   Object Totals
         0          0         32          0          0          0   (incl. Generated)
        88          0         28          8          8          0   (incl. Padding)

    ----------------------------------------------------------------------

      Code (inc. data)   RO Data    RW Data    ZI Data      Debug   Library Member Name

        86          0          0          0          0          0   __dczerorl2.o
        28          0          0          0          0         68   _chval.o
       158          0          0          0          0         92   _strtoul.o
        26          0          0          0          0         80   atoi.o
         8          4        133          0          0         68   ctype_o.o
         0          0          0          0          0          0   entry.o
         0          0          0          0          0          0   entry10a.o
         0          0          0          0          0          0   entry11a.o
         8          4          0          0          0          0   entry2.o
         4          0          0          0          0          0   entry5.o
         0          0          0          0          0          0   entry7b.o
         0          0          0          0          0          0   entry8b.o
         8          4          0          0          0          0   entry9a.o
         8          4          0          4          0         68   errno.o
        30          0          0          0          0          0   handlers.o
        36          8          0          0          0         68   init.o
         0          0          0          0          0          0   iusefp.o
        30          0          0          0          0         68   llshl.o
        36          0          0          0          0         68   llsshr.o
        32          0          0          0          0         68   llushr.o
       108         16          0          0          0         84   malloc.o
        26          0          0          0          0         80   memcmp.o
        64          0          0          0          0         76   memmovea.o
        36          0          0          0          0        108   memseta.o
         0          0          0          8          0          0   mvars.o
      2308         96          0          0          0        604   printfa.o
        36         10          0          4          0        136   rand.o
        20          0          0          0          0         68   strchr.o
        14          0          0          0          0         68   strlen.o
       112          0          0          0          0         88   strtol.o
        44          0          0          0          0         80   uidiv.o
        98          0          0          0          0         92   uldiv.o
        48          0          0          0          0         68   cdrcmple.o
        56          0          0          0          0         88   d2f.o
       334          0          0          0          0        148   dadd.o
       222          0          0          0          0        100   ddiv.o
       186          0          0          0          0        176   depilogue.o
        48          0          0          0          0         68   dfixul.o
       228          0          0          0          0         96   dmul.o
        38          0          0          0          0         68   f2d.o
       110          0          0          0          0        168   fepilogue.o

    ----------------------------------------------------------------------
      4640        146        136         16          0       3112   Library Totals
         6          0          3          0          0          0   (incl. Padding)

    ----------------------------------------------------------------------

      Code (inc. data)   RO Data    RW Data    ZI Data      Debug   Library Name

      3364        146        133         16          0       2132   mc_w.l
      1270          0          0          0          0        980   mf_w.l

    ----------------------------------------------------------------------
      4640        146        136         16          0       3112   Library Totals

    ----------------------------------------------------------------------

==============================================================================


      Code (inc. data)   RO Data    RW Data    ZI Data      Debug   

     82616      15462       1672       4256      98688    1543206   Grand Totals
     82616      15462       1672        660      98688    1543206   ELF Image Totals (compressed)
     82616      15462       1672        660          0          0   ROM Totals

==============================================================================

    Total RO  Size (Code + RO Data)                84288 (  82.31kB)
    Total RW  Size (RW Data + ZI Data)            102944 ( 100.53kB)
    Total ROM Size (Code + RO Data + RW Data)      84948 (  82.96kB)

==============================================================================

