Component: ARM Compiler 5.06 update 6 (build 750) Tool: armlink [4d35ed]

==============================================================================

Section Cross References

    main.o(i.main) refers to task_sysinit.o(i.Task_Sys_Init) for Task_Sys_Init
    main.o(i.main) refers to task_userinit.o(i.Task_UserInit) for Task_UserInit
    main.o(i.main) refers to printfa.o(i.__0printf) for __2printf
    main.o(i.main) refers to usercode.o(i.UserLogic_Code) for UserLogic_Code
    usercode.o(i.Start_Task) refers to port.o(i.vPortEnterCritical) for vPortEnterCritical
    usercode.o(i.Start_Task) refers to task_eeprom.o(i.Task_EEPROM_ReadParameter) for Task_EEPROM_ReadParameter
    usercode.o(i.Start_Task) refers to tasks.o(i.xTaskCreate) for xTaskCreate
    usercode.o(i.Start_Task) refers to port.o(i.vPortExitCritical) for vPortExitCritical
    usercode.o(i.Start_Task) refers to lwip_comm.o(i.LwIP_Init) for LwIP_Init
    usercode.o(i.Start_Task) refers to task_selfcheck.o(i.Task_SYNC_Signal) for Task_SYNC_Signal
    usercode.o(i.Start_Task) refers to tasks.o(i.xTaskGetCurrentTaskHandle) for xTaskGetCurrentTaskHandle
    usercode.o(i.Start_Task) refers to tasks.o(i.vTaskDelete) for vTaskDelete
    usercode.o(i.Start_Task) refers to task_lwipudp.o(.data) for CurrentSendRate
    usercode.o(i.Start_Task) refers to task_can.o(.data) for CurrentChannelNum
    usercode.o(i.Start_Task) refers to usercode.o(.data) for .data
    usercode.o(i.Start_Task) refers to threadpool.o(i.CAN_Task) for CAN_Task
    usercode.o(i.Start_Task) refers to threadpool.o(i.LwIP_UDP_Task) for LwIP_UDP_Task
    usercode.o(i.Start_Task) refers to threadpool.o(i.PowerDetect_Task) for PowerDetect_Task
    usercode.o(i.Start_Task) refers to threadpool.o(i.SerialScreen_Task) for SerialScreen_Task
    usercode.o(i.Start_Task) refers to threadpool.o(i.TFCard_Task) for TFCard_Task
    usercode.o(i.Start_Task) refers to threadpool.o(i.Test_Task) for Test_Task
    usercode.o(i.UserLogic_Code) refers to task_selfcheck.o(i.Task_SelfCheck) for Task_SelfCheck
    usercode.o(i.UserLogic_Code) refers to queue.o(i.xQueueGenericCreate) for xQueueGenericCreate
    usercode.o(i.UserLogic_Code) refers to queue.o(i.xQueueCreateMutex) for xQueueCreateMutex
    usercode.o(i.UserLogic_Code) refers to event_groups.o(i.xEventGroupCreate) for xEventGroupCreate
    usercode.o(i.UserLogic_Code) refers to tasks.o(i.xTaskCreate) for xTaskCreate
    usercode.o(i.UserLogic_Code) refers to tasks.o(i.vTaskStartScheduler) for vTaskStartScheduler
    usercode.o(i.UserLogic_Code) refers to usercode.o(.data) for .data
    usercode.o(i.UserLogic_Code) refers to usercode.o(i.Start_Task) for Start_Task
    threadpool.o(i.CAN_Task) refers to task_can.o(i.Task_CAN_Handle) for Task_CAN_Handle
    threadpool.o(i.CAN_Task) refers to config.o(.data) for CAN
    threadpool.o(i.LED_Task) refers to drv_hal_gpio.o(i.Drv_GPIO_Toggle) for Drv_GPIO_Toggle
    threadpool.o(i.LED_Task) refers to tasks.o(i.vTaskDelay) for vTaskDelay
    threadpool.o(i.LED_Task) refers to lwip_comm.o(.bss) for g_lwipdev
    threadpool.o(i.LED_Task) refers to config.o(.data) for LED
    threadpool.o(i.LwIP_UDP_Task) refers to task_lwipudp.o(i.Task_LwIP_UDP_Handle) for Task_LwIP_UDP_Handle
    threadpool.o(i.PowerDetect_Task) refers to task_powerdetect.o(i.Task_PowerDetect_Handle) for Task_PowerDetect_Handle
    threadpool.o(i.PowerDetect_Task) refers to tasks.o(i.vTaskDelay) for vTaskDelay
    threadpool.o(i.PowerDetect_Task) refers to config.o(.data) for PowerADC
    threadpool.o(i.SerialScreen_Task) refers to task_serialscreen.o(i.Task_TellSerialScreen_ResetCplt) for Task_TellSerialScreen_ResetCplt
    threadpool.o(i.SerialScreen_Task) refers to task_serialscreen.o(i.Task_SerialScreen_Handle) for Task_SerialScreen_Handle
    threadpool.o(i.SerialScreen_Task) refers to tasks.o(i.vTaskDelay) for vTaskDelay
    threadpool.o(i.SerialScreen_Task) refers to config.o(.data) for Uart5
    threadpool.o(i.TFCard_Task) refers to task_tfcard.o(i.Task_TFCard_CreateFolder) for Task_TFCard_CreateFolder
    threadpool.o(i.TFCard_Task) refers to task_tfcard.o(i.Task_TFCard_FindEnd) for Task_TFCard_FindEnd
    threadpool.o(i.TFCard_Task) refers to printfa.o(i.__0printf) for __2printf
    threadpool.o(i.TFCard_Task) refers to task_tfcard.o(i.Task_TFCard_Handle) for Task_TFCard_Handle
    threadpool.o(i.TFCard_Task) refers to tasks.o(i.vTaskDelay) for vTaskDelay
    threadpool.o(i.TFCard_Task) refers to config.o(.data) for TFCard
    threadpool.o(i.TFCard_Task) refers to task_tfcard.o(.data) for logNum
    threadpool.o(i.Test_Task) refers to printfa.o(i.__0printf) for __2printf
    threadpool.o(i.Test_Task) refers to tasks.o(i.vTaskDelay) for vTaskDelay
    task_irq.o(i.CAN1_RX0_IRQHandler) refers to drv_hal_can.o(i.Drv_CAN_IRQHandler) for Drv_CAN_IRQHandler
    task_irq.o(i.CAN1_RX0_IRQHandler) refers to config.o(.data) for CAN
[...]
    0x080010f4   0x080010f4   0x00000030   Code   RO         6763    i.Drv_IICSoft_Stop  drv_hal_iic_soft.o
    0x08001124   0x08001124   0x0000004a   Code   RO         6764    i.Drv_IICSoft_WaitAck  drv_hal_iic_soft.o
    0x0800116e   0x0800116e   0x00000004   Code   RO         6909    i.Drv_PVD_IRQHandler  drv_hal_pwr.o
    0x08001172   0x08001172   0x00000002   PAD
    0x08001174   0x08001174   0x00000040   Code   RO         6913    i.Drv_PWR_PVD_Init  drv_hal_pwr.o
    0x080011b4   0x080011b4   0x00000080   Code   RO         6962    i.Drv_SPI_Init      drv_hal_spi.o
    0x08001234   0x08001234   0x00000034   Code   RO         6963    i.Drv_SPI_SpeedConfig  drv_hal_spi.o
    0x08001268   0x08001268   0x00000022   Code   RO         6965    i.Drv_SPI_TransmitReceive  drv_hal_spi.o
    0x0800128a   0x0800128a   0x00000002   PAD
    0x0800128c   0x0800128c   0x000000d8   Code   RO         7118    i.Drv_Uart_DMAInit  drv_hal_uart.o
    0x08001364   0x08001364   0x00000004   Code   RO         7122    i.Drv_Uart_IRQHandler  drv_hal_uart.o
    0x08001368   0x08001368   0x0000003a   Code   RO         7123    i.Drv_Uart_ITInit   drv_hal_uart.o
    0x080013a2   0x080013a2   0x00000028   Code   RO         7127    i.Drv_Uart_Receive_IT  drv_hal_uart.o
    0x080013ca   0x080013ca   0x00000006   Code   RO         7128    i.Drv_Uart_Transmit  drv_hal_uart.o
    0x080013d0   0x080013d0   0x00000020   Code   RO        10366    i.ETH_Delay         stm32f4xx_hal_eth.o
    0x080013f0   0x080013f0   0x0000002e   Code   RO        10367    i.ETH_FlushTransmitFIFO  stm32f4xx_hal_eth.o
    0x0800141e   0x0800141e   0x00000002   PAD
    0x08001420   0x08001420   0x00000028   Code   RO         6126    i.ETH_IRQHandler    ocd_ethernet.o
    0x08001448   0x08001448   0x00000124   Code   RO        10368    i.ETH_MACDMAConfig  stm32f4xx_hal_eth.o
    0x0800156c   0x0800156c   0x00000002   Code   RO          566    i.EXTI15_10_IRQHandler  task_irq.o
    0x0800156e   0x0800156e   0x00000002   Code   RO          567    i.EXTI9_5_IRQHandler  task_irq.o
    0x08001570   0x08001570   0x0000014c   Code   RO         9178    i.HAL_ADC_ConfigChannel  stm32f4xx_hal_adc.o
    0x080016bc   0x080016bc   0x00000004   Code   RO         9184    i.HAL_ADC_GetState  stm32f4xx_hal_adc.o
    0x080016c0   0x080016c0   0x00000006   Code   RO         9185    i.HAL_ADC_GetValue  stm32f4xx_hal_adc.o
    0x080016c6   0x080016c6   0x00000054   Code   RO         9187    i.HAL_ADC_Init      stm32f4xx_hal_adc.o
    0x0800171a   0x0800171a   0x00000002   Code   RO         9190    i.HAL_ADC_MspInit   stm32f4xx_hal_adc.o
    0x0800171c   0x0800171c   0x000000aa   Code   RO         9191    i.HAL_ADC_PollForConversion  stm32f4xx_hal_adc.o
    0x080017c6   0x080017c6   0x00000002   PAD
    0x080017c8   0x080017c8   0x000000fc   Code   RO         9193    i.HAL_ADC_Start     stm32f4xx_hal_adc.o
    0x080018c4   0x080018c4   0x00000024   Code   RO         9449    i.HAL_CAN_ActivateNotification  stm32f4xx_hal_can.o
    0x080018e8   0x080018e8   0x000000c8   Code   RO         9450    i.HAL_CAN_AddTxMessage  stm32f4xx_hal_can.o
    0x080019b0   0x080019b0   0x0000010c   Code   RO         9451    i.HAL_CAN_ConfigFilter  stm32f4xx_hal_can.o
    0x08001abc   0x08001abc   0x00000002   Code   RO         9454    i.HAL_CAN_ErrorCallback  stm32f4xx_hal_can.o
    0x08001abe   0x08001abe   0x000000e8   Code   RO         9457    i.HAL_CAN_GetRxMessage  stm32f4xx_hal_can.o
    0x08001ba6   0x08001ba6   0x000001fc   Code   RO         9461    i.HAL_CAN_IRQHandler  stm32f4xx_hal_can.o
    0x08001da2   0x08001da2   0x0000011a   Code   RO         9462    i.HAL_CAN_Init      stm32f4xx_hal_can.o
    0x08001ebc   0x08001ebc   0x00000002   Code   RO         9466    i.HAL_CAN_MspInit   stm32f4xx_hal_can.o
    0x08001ebe   0x08001ebe   0x00000002   Code   RO         9469    i.HAL_CAN_RxFifo0FullCallback  stm32f4xx_hal_can.o
    0x08001ec0   0x08001ec0   0x0000005c   Code   RO          568    i.HAL_CAN_RxFifo0MsgPendingCallback  task_irq.o
    0x08001f1c   0x08001f1c   0x00000002   Code   RO         9471    i.HAL_CAN_RxFifo1FullCallback  stm32f4xx_hal_can.o
    0x08001f1e   0x08001f1e   0x00000002   PAD
    0x08001f20   0x08001f20   0x0000005c   Code   RO          569    i.HAL_CAN_RxFifo1MsgPendingCallback  task_irq.o
    0x08001f7c   0x08001f7c   0x00000002   Code   RO         9473    i.HAL_CAN_SleepCallback  stm32f4xx_hal_can.o
    0x08001f7e   0x08001f7e   0x00000056   Code   RO         9474    i.HAL_CAN_Start     stm32f4xx_hal_can.o
    0x08001fd4   0x08001fd4   0x00000002   Code   RO         9476    i.HAL_CAN_TxMailbox0AbortCallback  stm32f4xx_hal_can.o
    0x08001fd6   0x08001fd6   0x00000002   Code   RO         9477    i.HAL_CAN_TxMailbox0CompleteCallback  stm32f4xx_hal_can.o
    0x08001fd8   0x08001fd8   0x00000002   Code   RO         9478    i.HAL_CAN_TxMailbox1AbortCallback  stm32f4xx_hal_can.o
    0x08001fda   0x08001fda   0x00000002   Code   RO         9479    i.HAL_CAN_TxMailbox1CompleteCallback  stm32f4xx_hal_can.o
    0x08001fdc   0x08001fdc   0x00000002   Code   RO         9480    i.HAL_CAN_TxMailbox2AbortCallback  stm32f4xx_hal_can.o
    0x08001fde   0x08001fde   0x00000002   Code   RO         9481    i.HAL_CAN_TxMailbox2CompleteCallback  stm32f4xx_hal_can.o
    0x08001fe0   0x08001fe0   0x00000002   Code   RO         9483    i.HAL_CAN_WakeUpFromRxMsgCallback  stm32f4xx_hal_can.o
    0x08001fe2   0x08001fe2   0x0000008e   Code   RO        10186    i.HAL_DMA_Abort     stm32f4xx_hal_dma.o
    0x08002070   0x08002070   0x00000024   Code   RO        10187    i.HAL_DMA_Abort_IT  stm32f4xx_hal_dma.o
    0x08002094   0x08002094   0x000000d4   Code   RO        10192    i.HAL_DMA_Init      stm32f4xx_hal_dma.o
    0x08002168   0x08002168   0x0000006e   Code   RO        10196    i.HAL_DMA_Start_IT  stm32f4xx_hal_dma.o
    0x080021d6   0x080021d6   0x00000002   PAD
    0x080021d8   0x080021d8   0x00000024   Code   RO         8994    i.HAL_Delay         stm32f4xx_hal.o
    0x080021fc   0x080021fc   0x00000072   Code   RO        10371    i.HAL_ETH_DMARxDescListInit  stm32f4xx_hal_eth.o
    0x0800226e   0x0800226e   0x00000078   Code   RO        10372    i.HAL_ETH_DMATxDescListInit  stm32f4xx_hal_eth.o
    0x080022e6   0x080022e6   0x0000007a   Code   RO        10375    i.HAL_ETH_GetReceivedFrame  stm32f4xx_hal_eth.o
    0x08002360   0x08002360   0x000001e8   Code   RO        10379    i.HAL_ETH_Init      stm32f4xx_hal_eth.o
    0x08002548   0x08002548   0x000001b0   Code   RO         6127    i.HAL_ETH_MspInit   ocd_ethernet.o
    0x080026f8   0x080026f8   0x00000082   Code   RO        10382    i.HAL_ETH_ReadPHYRegister  stm32f4xx_hal_eth.o
    0x0800277a   0x0800277a   0x00000084   Code   RO        10384    i.HAL_ETH_Start     stm32f4xx_hal_eth.o
    0x080027fe   0x080027fe   0x00000084   Code   RO        10385    i.HAL_ETH_Stop      stm32f4xx_hal_eth.o
    0x08002882   0x08002882   0x00000108   Code   RO        10386    i.HAL_ETH_TransmitFrame  stm32f4xx_hal_eth.o
    0x0800298a   0x0800298a   0x00000076   Code   RO        10388    i.HAL_ETH_WritePHYRegister  stm32f4xx_hal_eth.o
    0x08002a00   0x08002a00   0x000001cc   Code   RO        10862    i.HAL_GPIO_Init     stm32f4xx_hal_gpio.o
    0x08002bcc   0x08002bcc   0x0000000a   Code   RO        10864    i.HAL_GPIO_ReadPin  stm32f4xx_hal_gpio.o
    0x08002bd6   0x08002bd6   0x0000000a   Code   RO        10866    i.HAL_GPIO_WritePin  stm32f4xx_hal_gpio.o
    0x08002be0   0x08002be0   0x0000000c   Code   RO         9000    i.HAL_GetTick       stm32f4xx_hal.o
    0x08002bec   0x08002bec   0x00000010   Code   RO         9006    i.HAL_IncTick       stm32f4xx_hal.o
    0x08002bfc   0x08002bfc   0x00000034   Code   RO         9007    i.HAL_Init          stm32f4xx_hal.o
    0x08002c30   0x08002c30   0x00000040   Code   RO         9008    i.HAL_InitTick      stm32f4xx_hal.o
    0x08002c70   0x08002c70   0x0000007c   Code   RO         6314    i.HAL_MspInit       drv_hal.o
    0x08002cec   0x08002cec   0x0000001a   Code   RO         9705    i.HAL_NVIC_EnableIRQ  stm32f4xx_hal_cortex.o
    0x08002d06   0x08002d06   0x00000002   PAD
    0x08002d08   0x08002d08   0x00000040   Code   RO         9711    i.HAL_NVIC_SetPriority  stm32f4xx_hal_cortex.o
    0x08002d48   0x08002d48   0x00000024   Code   RO         9712    i.HAL_NVIC_SetPriorityGrouping  stm32f4xx_hal_cortex.o
    0x08002d6c   0x08002d6c   0x0000007c   Code   RO        11670    i.HAL_PWR_ConfigPVD  stm32f4xx_hal_pwr.o
    0x08002de8   0x08002de8   0x0000000c   Code   RO        11678    i.HAL_PWR_EnablePVD  stm32f4xx_hal_pwr.o
    0x08002df4   0x08002df4   0x0000001c   Code   RO          570    i.HAL_PWR_PVDCallback  task_irq.o
    0x08002e10   0x08002e10   0x0000001c   Code   RO        11686    i.HAL_PWR_PVD_IRQHandler  stm32f4xx_hal_pwr.o
    0x08002e2c   0x08002e2c   0x00000134   Code   RO        11863    i.HAL_RCC_ClockConfig  stm32f4xx_hal_rcc.o
    0x08002f60   0x08002f60   0x0000000c   Code   RO        11868    i.HAL_RCC_GetHCLKFreq  stm32f4xx_hal_rcc.o
    0x08002f6c   0x08002f6c   0x00000020   Code   RO        11870    i.HAL_RCC_GetPCLK1Freq  stm32f4xx_hal_rcc.o
    0x08002f8c   0x08002f8c   0x00000020   Code   RO        11871    i.HAL_RCC_GetPCLK2Freq  stm32f4xx_hal_rcc.o
    0x08002fac   0x08002fac   0x00000060   Code   RO        11872    i.HAL_RCC_GetSysClockFreq  stm32f4xx_hal_rcc.o
    0x0800300c   0x0800300c   0x00000358   Code   RO        11875    i.HAL_RCC_OscConfig  stm32f4xx_hal_rcc.o
    0x08003364   0x08003364   0x000000bc   Code   RO        12209    i.HAL_SPI_Init      stm32f4xx_hal_spi.o
    0x08003420   0x08003420   0x00000002   Code   RO        12211    i.HAL_SPI_MspInit   stm32f4xx_hal_spi.o
    0x08003422   0x08003422   0x000001da   Code   RO        12218    i.HAL_SPI_TransmitReceive  stm32f4xx_hal_spi.o
    0x080035fc   0x080035fc   0x00000028   Code   RO         9716    i.HAL_SYSTICK_Config  stm32f4xx_hal_cortex.o
    0x08003624   0x08003624   0x00000002   Code   RO        13522    i.HAL_UARTEx_RxEventCallback  stm32f4xx_hal_uart.o
    0x08003626   0x08003626   0x00000002   Code   RO        13536    i.HAL_UART_ErrorCallback  stm32f4xx_hal_uart.o
    0x08003628   0x08003628   0x00000210   Code   RO        13539    i.HAL_UART_IRQHandler  stm32f4xx_hal_uart.o
    0x08003838   0x08003838   0x00000062   Code   RO        13540    i.HAL_UART_Init     stm32f4xx_hal_uart.o
    0x0800389a   0x0800389a   0x00000002   Code   RO        13542    i.HAL_UART_MspInit  stm32f4xx_hal_uart.o
    0x0800389c   0x0800389c   0x0000002a   Code   RO        13544    i.HAL_UART_Receive_DMA  stm32f4xx_hal_uart.o
    0x080038c6   0x080038c6   0x0000002a   Code   RO        13545    i.HAL_UART_Receive_IT  stm32f4xx_hal_uart.o
    0x080038f0   0x080038f0   0x00000070   Code   RO          571    i.HAL_UART_RxCpltCallback  task_irq.o
    0x08003960   0x08003960   0x00000002   Code   RO        13547    i.HAL_UART_RxHalfCpltCallback  stm32f4xx_hal_uart.o
    0x08003962   0x08003962   0x000000b0   Code   RO        13548    i.HAL_UART_Transmit  stm32f4xx_hal_uart.o
    0x08003a12   0x08003a12   0x00000002   Code   RO        13551    i.HAL_UART_TxCpltCallback  stm32f4xx_hal_uart.o
    0x08003a14   0x08003a14   0x00000054   Code   RO         1804    i.LwIP_Init         lwip_comm.o
    0x08003a68   0x08003a68   0x00000004   Code   RO          505    i.LwIP_UDP_Task     threadpool.o
    0x08003a6c   0x08003a6c   0x00000002   Code   RO         6315    i.MemManage_Handler  drv_hal.o
    0x08003a6e   0x08003a6e   0x00000002   Code   RO         6316    i.NMI_Handler       drv_hal.o
    0x08003a70   0x08003a70   0x00000004   Code   RO         5574    i.OCD_AT24CXX_Init  ocd_at24cxx.o
    0x08003a74   0x08003a74   0x0000002a   Code   RO         5575    i.OCD_AT24CXX_Read  ocd_at24cxx.o
    0x08003a9e   0x08003a9e   0x00000028   Code   RO         5577    i.OCD_AT24CXX_Write  ocd_at24cxx.o
    0x08003ac6   0x08003ac6   0x00000036   Code   RO         5640    i.OCD_DS3231_Init   ocd_ds3231.o
    0x08003afc   0x08003afc   0x0000005c   Code   RO         5642    i.OCD_DS3231_TimeGetHex  ocd_ds3231.o
    0x08003b58   0x08003b58   0x00000078   Code   RO         5644    i.OCD_DS3231_TimeSetHex  ocd_ds3231.o
    0x08003bd0   0x08003bd0   0x00000064   Code   RO         5713    i.OCD_FATFS_CreateDir  ocd_fatfs.o
    0x08003c34   0x08003c34   0x00000064   Code   RO         5715    i.OCD_FATFS_Init    ocd_fatfs.o
    0x08003c98   0x08003c98   0x00000098   Code   RO         5718    i.OCD_FATFS_Read_SpecifyIndex  ocd_fatfs.o
    0x08003d30   0x08003d30   0x000000a8   Code   RO         5720    i.OCD_FATFS_Write_End  ocd_fatfs.o
    0x08003dd8   0x08003dd8   0x00000058   Code   RO         6203    i.OCD_SDCard_SPIInit  ocd_sdcard.o
    0x08003e30   0x08003e30   0x00000004   Code   RO          572    i.PVD_IRQHandler    task_irq.o
    0x08003e34   0x08003e34   0x00000014   Code   RO          506    i.PowerDetect_Task  threadpool.o
    0x08003e48   0x08003e48   0x00000058   Code   RO        12247    i.SPI_EndRxTxTransaction  stm32f4xx_hal_spi.o
    0x08003ea0   0x08003ea0   0x000000b8   Code   RO        12252    i.SPI_WaitFlagStateUntilTimeout  stm32f4xx_hal_spi.o
    0x08003f58   0x08003f58   0x0000005c   Code   RO         6440    i.S_ADC_CLKEnable   drv_hal_adc.o
    0x08003fb4   0x08003fb4   0x00000056   Code   RO         5579    i.S_AT24CXX_ReadOneByte  ocd_at24cxx.o
    0x0800400a   0x0800400a   0x0000004e   Code   RO         5580    i.S_AT24CXX_WriteOneByte  ocd_at24cxx.o
    0x08004058   0x08004058   0x00000040   Code   RO         6485    i.S_CAN_CLKEnable   drv_hal_can.o
    0x08004098   0x08004098   0x0000002c   Code   RO         6486    i.S_CAN_GPIOConfig  drv_hal_can.o
    0x080040c4   0x080040c4   0x000000b0   Code   RO         6487    i.S_CAN_NVICConfig  drv_hal_can.o
    0x08004174   0x08004174   0x000000dc   Code   RO         6488    i.S_CAN_ParamConfig  drv_hal_can.o
    0x08004250   0x08004250   0x000000ec   Code   RO          883    i.S_Channel_Info_Handle  task_serialscreen.o
    0x0800433c   0x0800433c   0x00000074   Code   RO         5645    i.S_DS3231_ReadByte  ocd_ds3231.o
    0x080043b0   0x080043b0   0x00000058   Code   RO         5647    i.S_DS3231_WriteByte  ocd_ds3231.o
    0x08004408   0x08004408   0x00000120   Code   RO          954    i.S_Data_Process    task_can.o
    0x08004528   0x08004528   0x000000f8   Code   RO         6676    i.S_GPIO_CLKEnable  drv_hal_gpio.o
    0x08004620   0x08004620   0x000000be   Code   RO         6678    i.S_GPIO_NVICParamConfig  drv_hal_gpio.o
    0x080046de   0x080046de   0x00000002   PAD
    0x080046e0   0x080046e0   0x00000090   Code   RO         6317    i.S_HAL_CLKConfig   drv_hal.o
    0x08004770   0x08004770   0x0000000a   Code   RO         6765    i.S_IICSoft_READ_SDA  drv_hal_iic_soft.o
    0x0800477a   0x0800477a   0x0000000c   Code   RO         6766    i.S_IICSoft_SCL_H   drv_hal_iic_soft.o
    0x08004786   0x08004786   0x0000000c   Code   RO         6767    i.S_IICSoft_SCL_L   drv_hal_iic_soft.o
    0x08004792   0x08004792   0x0000000c   Code   RO         6768    i.S_IICSoft_SDA_H   drv_hal_iic_soft.o
    0x0800479e   0x0800479e   0x00000028   Code   RO         6769    i.S_IICSoft_SDA_InputMode  drv_hal_iic_soft.o
    0x080047c6   0x080047c6   0x0000000c   Code   RO         6770    i.S_IICSoft_SDA_L   drv_hal_iic_soft.o
    0x080047d2   0x080047d2   0x0000002a   Code   RO         6771    i.S_IICSoft_SDA_OutputMode  drv_hal_iic_soft.o
    0x080047fc   0x080047fc   0x000000d8   Code   RO          884    i.S_Log_Info_Handle  task_serialscreen.o
    0x080048d4   0x080048d4   0x00000108   Code   RO          796    i.S_LwIP_UDP_Send_Entrance  task_lwipudp.o
    0x080049dc   0x080049dc   0x00000164   Code   RO         6204    i.S_SDCard_Init     ocd_sdcard.o
    0x08004b40   0x08004b40   0x00000050   Code   RO         6205    i.S_SDCard_ReceiveData  ocd_sdcard.o
    0x08004b90   0x08004b90   0x0000005c   Code   RO         6206    i.S_SDCard_SendBlock  ocd_sdcard.o
    0x08004bec   0x08004bec   0x00000078   Code   RO         6207    i.S_SDCard_SendCMD  ocd_sdcard.o
    0x08004c64   0x08004c64   0x0000002c   Code   RO         6208    i.S_SDCard_Wait     ocd_sdcard.o
    0x08004c90   0x08004c90   0x0000000c   Code   RO         6209    i.S_SDCard_WaitStop  ocd_sdcard.o
    0x08004c9c   0x08004c9c   0x0000007c   Code   RO         6210    i.S_SDCard_WriteDisk  ocd_sdcard.o
    0x08004d18   0x08004d18   0x00000060   Code   RO         6966    i.S_SPI_CLKEnable   drv_hal_spi.o
    0x08004d78   0x08004d78   0x000000e4   Code   RO          885    i.S_Setting_Apply_Handle  task_serialscreen.o
    0x08004e5c   0x08004e5c   0x0000009c   Code   RO          886    i.S_Setting_Info_Handle  task_serialscreen.o
    0x08004ef8   0x08004ef8   0x00000078   Code   RO          887    i.S_System_Info_Handle  task_serialscreen.o
    0x08004f70   0x08004f70   0x000000c8   Code   RO          888    i.S_TimeSYNC_Handle  task_serialscreen.o
    0x08005038   0x08005038   0x000000ac   Code   RO         7131    i.S_Uart_CLKEnable  drv_hal_uart.o
    0x080050e4   0x080050e4   0x00000068   Code   RO         7132    i.S_Uart_DMA_CLKEnable  drv_hal_uart.o
    0x0800514c   0x0800514c   0x00000158   Code   RO         7133    i.S_Uart_DMA_NVICConfig  drv_hal_uart.o
    0x080052a4   0x080052a4   0x00000054   Code   RO         7134    i.S_Uart_GPIOConfig  drv_hal_uart.o
    0x080052f8   0x080052f8   0x000000b4   Code   RO         7135    i.S_Uart_NVICConfig  drv_hal_uart.o
    0x080053ac   0x080053ac   0x0000001c   Code   RO         7136    i.S_Uart_ParamConfig  drv_hal_uart.o
    0x080053c8   0x080053c8   0x00000238   Code   RO         7137    i.S_Uart_ParamMatch  drv_hal_uart.o
    0x08005600   0x08005600   0x00000018   Code   RO          507    i.SerialScreen_Task  threadpool.o
    0x08005618   0x08005618   0x0000013c   Code   RO          367    i.Start_Task        usercode.o
    0x08005754   0x08005754   0x00000018   Code   RO         6318    i.SysTick_Handler   drv_hal.o
    0x0800576c   0x0800576c   0x00000010   Code   RO         8943    i.SystemInit        system_stm32f4xx.o
    0x0800577c   0x0800577c   0x00000044   Code   RO          508    i.TFCard_Task       threadpool.o
    0x080057c0   0x080057c0   0x00000002   Code   RO          573    i.TIM2_IRQHandler   task_irq.o
    0x080057c2   0x080057c2   0x00000002   Code   RO          574    i.TIM3_IRQHandler   task_irq.o
    0x080057c4   0x080057c4   0x00000002   Code   RO          575    i.TIM4_IRQHandler   task_irq.o
    0x080057c6   0x080057c6   0x00000002   Code   RO          576    i.TIM5_IRQHandler   task_irq.o
    0x080057c8   0x080057c8   0x00000002   Code   RO          577    i.TIM6_DAC_IRQHandler  task_irq.o
    0x080057ca   0x080057ca   0x00000002   Code   RO          578    i.TIM7_IRQHandler   task_irq.o
    0x080057cc   0x080057cc   0x00000028   Code   RO          955    i.Task_CAN_Handle   task_can.o
    0x080057f4   0x080057f4   0x000000ac   Code   RO         1023    i.Task_EEPROM_ReadAddrInfo  task_eeprom.o
    0x080058a0   0x080058a0   0x00000084   Code   RO         1024    i.Task_EEPROM_ReadParameter  task_eeprom.o
    0x08005924   0x08005924   0x00000080   Code   RO         1025    i.Task_EEPROM_WriteAddrInfo  task_eeprom.o
    0x080059a4   0x080059a4   0x00000060   Code   RO         1026    i.Task_EEPROM_WriteParameter  task_eeprom.o
    0x08005a04   0x08005a04   0x000000f4   Code   RO          797    i.Task_LwIP_UDP_Handle  task_lwipudp.o
    0x08005af8   0x08005af8   0x000000e0   Code   RO          856    i.Task_PowerDetect_Handle  task_powerdetect.o
    0x08005bd8   0x08005bd8   0x00000044   Code   RO          990    i.Task_SYNC_Signal  task_selfcheck.o
    0x08005c1c   0x08005c1c   0x0000014c   Code   RO          991    i.Task_SelfCheck    task_selfcheck.o
    0x08005d68   0x08005d68   0x00000094   Code   RO          889    i.Task_SerialScreen_Handle  task_serialscreen.o
    0x08005dfc   0x08005dfc   0x00000004   Code   RO          748    i.Task_Sys_Init     task_sysinit.o
    0x08005e00   0x08005e00   0x00000054   Code   RO         1067    i.Task_TFCard_CreateFolder  task_tfcard.o
    0x08005e54   0x08005e54   0x00000040   Code   RO         1068    i.Task_TFCard_FindEnd  task_tfcard.o
    0x08005e94   0x08005e94   0x00000034   Code   RO         1069    i.Task_TFCard_Handle  task_tfcard.o
    0x08005ec8   0x08005ec8   0x00000194   Code   RO         1070    i.Task_TFCard_WriteLog  task_tfcard.o
    0x0800605c   0x0800605c   0x00000014   Code   RO          890    i.Task_TellSerialScreen_ResetCplt  task_serialscreen.o
    0x08006070   0x08006070   0x000000b8   Code   RO          772    i.Task_UserInit     task_userinit.o
    0x08006128   0x08006128   0x0000002c   Code   RO          509    i.Test_Task         threadpool.o
    0x08006154   0x08006154   0x00000002   Code   RO          579    i.UART4_IRQHandler  task_irq.o
    0x08006156   0x08006156   0x00000002   PAD
    0x08006158   0x08006158   0x00000024   Code   RO          580    i.UART5_IRQHandler  task_irq.o
    0x0800617c   0x0800617c   0x00000010   Code   RO        13553    i.UART_DMAAbortOnError  stm32f4xx_hal_uart.o
    0x0800618c   0x0800618c   0x0000004a   Code   RO        13554    i.UART_DMAError     stm32f4xx_hal_uart.o
    0x080061d6   0x080061d6   0x0000005a   Code   RO        13555    i.UART_DMAReceiveCplt  stm32f4xx_hal_uart.o
    0x08006230   0x08006230   0x0000001a   Code   RO        13557    i.UART_DMARxHalfCplt  stm32f4xx_hal_uart.o
    0x0800624a   0x0800624a   0x00000030   Code   RO        13563    i.UART_EndRxTransfer  stm32f4xx_hal_uart.o
    0x0800627a   0x0800627a   0x00000012   Code   RO        13564    i.UART_EndTxTransfer  stm32f4xx_hal_uart.o
    0x0800628c   0x0800628c   0x000000ae   Code   RO        13565    i.UART_Receive_IT   stm32f4xx_hal_uart.o
    0x0800633a   0x0800633a   0x00000002   PAD
    0x0800633c   0x0800633c   0x0000010c   Code   RO        13566    i.UART_SetConfig    stm32f4xx_hal_uart.o
    0x08006448   0x08006448   0x00000074   Code   RO        13567    i.UART_Start_Receive_DMA  stm32f4xx_hal_uart.o
    0x080064bc   0x080064bc   0x00000036   Code   RO        13568    i.UART_Start_Receive_IT  stm32f4xx_hal_uart.o
    0x080064f2   0x080064f2   0x00000062   Code   RO        13569    i.UART_WaitOnFlagUntilTimeout  stm32f4xx_hal_uart.o
    0x08006554   0x08006554   0x0000000c   Code   RO          581    i.USART1_IRQHandler  task_irq.o
    0x08006560   0x08006560   0x00000002   Code   RO          582    i.USART2_IRQHandler  task_irq.o
    0x08006562   0x08006562   0x00000002   PAD
    0x08006564   0x08006564   0x0000000c   Code   RO          583    i.USART3_IRQHandler  task_irq.o
    0x08006570   0x08006570   0x00000002   Code   RO         6319    i.UsageFault_Handler  drv_hal.o
    0x08006572   0x08006572   0x00000002   PAD
    0x08006574   0x08006574   0x00000060   Code   RO          368    i.UserLogic_Code    usercode.o
    0x080065d4   0x080065d4   0x00000020   Code   RO        14196    i.__0printf         mc_w.l(printfa.o)
    0x080065f4   0x080065f4   0x00000028   Code   RO        14198    i.__0sprintf        mc_w.l(printfa.o)
    0x0800661c   0x0800661c   0x00000020   Code   RO         9718    i.__NVIC_SetPriority  stm32f4xx_hal_cortex.o
    0x0800663c   0x0800663c   0x00000008   Code   RO        14288    i.__aeabi_errno_addr  mc_w.l(errno.o)
    0x08006644   0x08006644   0x0000000e   Code   RO        14320    i.__scatterload_copy  mc_w.l(handlers.o)
    0x08006652   0x08006652   0x00000002   Code   RO        14321    i.__scatterload_null  mc_w.l(handlers.o)
    0x08006654   0x08006654   0x0000000e   Code   RO        14322    i.__scatterload_zeroinit  mc_w.l(handlers.o)
    0x08006662   0x08006662   0x00000002   PAD
    0x08006664   0x08006664   0x00000184   Code   RO        14203    i._fp_digits        mc_w.l(printfa.o)
    0x080067e8   0x080067e8   0x000006dc   Code   RO        14204    i._printf_core      mc_w.l(printfa.o)
    0x08006ec4   0x08006ec4   0x00000024   Code   RO        14205    i._printf_post_padding  mc_w.l(printfa.o)
    0x08006ee8   0x08006ee8   0x0000002e   Code   RO        14206    i._printf_pre_padding  mc_w.l(printfa.o)
    0x08006f16   0x08006f16   0x0000000a   Code   RO        14208    i._sputc            mc_w.l(printfa.o)
    0x08006f20   0x08006f20   0x00000084   Code   RO         2802    i.alloc_socket      sockets.o
    0x08006fa4   0x08006fa4   0x000000d0   Code   RO         1314    i.check_fs          ff.o
    0x08007074   0x08007074   0x00000024   Code   RO         1315    i.clmt_clust        ff.o
    0x08007098   0x08007098   0x00000018   Code   RO         1316    i.clst2sect         ff.o
    0x080070b0   0x080070b0   0x000000dc   Code   RO         1317    i.create_chain      ff.o
    0x0800718c   0x0800718c   0x000000e8   Code   RO         1318    i.create_name       ff.o
    0x08007274   0x08007274   0x00000058   Code   RO         1320    i.dir_clear         ff.o
    0x080072cc   0x080072cc   0x000000ae   Code   RO         1321    i.dir_next          ff.o
    0x0800737a   0x0800737a   0x0000007c   Code   RO         1323    i.dir_register      ff.o
    0x080073f6   0x080073f6   0x00000082   Code   RO         1325    i.dir_sdi           ff.o
    0x08007478   0x08007478   0x00000004   Code   RO         6211    i.disk_initialize   ocd_sdcard.o
    0x0800747c   0x0800747c   0x00000030   Code   RO         6212    i.disk_ioctl        ocd_sdcard.o
    0x080074ac   0x080074ac   0x0000009c   Code   RO         6213    i.disk_read         ocd_sdcard.o
    0x08007548   0x08007548   0x00000004   Code   RO         6214    i.disk_status       ocd_sdcard.o
    0x0800754c   0x0800754c   0x0000002c   Code   RO         6215    i.disk_write        ocd_sdcard.o
    0x08007578   0x08007578   0x00000024   Code   RO         3354    i.dns_backupserver_available  dns.o
    0x0800759c   0x0800759c   0x00000098   Code   RO         3355    i.dns_call_found    dns.o
    0x08007634   0x08007634   0x00000100   Code   RO         3356    i.dns_check_entry   dns.o
    0x08007734   0x08007734   0x00000002   Code   RO         3362    i.dns_init          dns.o
    0x08007736   0x08007736   0x00000002   PAD
    0x08007738   0x08007738   0x00000148   Code   RO         3364    i.dns_send          dns.o
    0x08007880   0x08007880   0x00000014   Code   RO         3366    i.dns_tmr           dns.o
    0x08007894   0x08007894   0x00000048   Code   RO         3687    i.do_memp_free_pool  memp.o
    0x080078dc   0x080078dc   0x00000058   Code   RO         3688    i.do_memp_malloc_pool  memp.o
    0x08007934   0x08007934   0x00000150   Code   RO         2333    i.err_tcp           api_msg.o
    0x08007a84   0x08007a84   0x0000001c   Code   RO         2556    i.err_to_errno      err.o
    0x08007aa0   0x08007aa0   0x0000002c   Code   RO         5101    i.etharp_cleanup_netif  etharp.o
    0x08007acc   0x08007acc   0x000001d4   Code   RO         5103    i.etharp_find_entry  etharp.o
    0x08007ca0   0x08007ca0   0x00000038   Code   RO         5104    i.etharp_free_entry  etharp.o
    0x08007cd8   0x08007cd8   0x000000a0   Code   RO         5106    i.etharp_input      etharp.o
    0x08007d78   0x08007d78   0x00000138   Code   RO         5107    i.etharp_output     etharp.o
    0x08007eb0   0x08007eb0   0x000000a8   Code   RO         5108    i.etharp_output_to_arp_index  etharp.o
    0x08007f58   0x08007f58   0x00000180   Code   RO         5109    i.etharp_query      etharp.o
    0x080080d8   0x080080d8   0x000000fc   Code   RO         5110    i.etharp_raw        etharp.o
    0x080081d4   0x080081d4   0x0000000c   Code   RO         5111    i.etharp_request    etharp.o
    0x080081e0   0x080081e0   0x00000020   Code   RO         5112    i.etharp_request_dst  etharp.o
    0x08008200   0x08008200   0x0000005c   Code   RO         5113    i.etharp_tmr        etharp.o
    0x0800825c   0x0800825c   0x000000b4   Code   RO         5114    i.etharp_update_arp_entry  etharp.o
    0x08008310   0x08008310   0x0000001e   Code   RO         6129    i.ethernet_get_eth_rx_size  ocd_ethernet.o
    0x0800832e   0x0800832e   0x00000002   PAD
    0x08008330   0x08008330   0x00000064   Code   RO         6130    i.ethernet_init     ocd_ethernet.o
    0x08008394   0x08008394   0x000000a4   Code   RO         5461    i.ethernet_input    ethernet.o
    0x08008438   0x08008438   0x00000040   Code   RO         6132    i.ethernet_mem_malloc  ocd_ethernet.o
    0x08008478   0x08008478   0x00000090   Code   RO         5462    i.ethernet_output   ethernet.o
    0x08008508   0x08008508   0x00000014   Code   RO         6133    i.ethernet_read_phy  ocd_ethernet.o
    0x0800851c   0x0800851c   0x00000058   Code   RO         1664    i.ethernetif_init   ethernetif.o
    0x08008574   0x08008574   0x00000050   Code   RO         1665    i.ethernetif_input  ethernetif.o
    0x080085c4   0x080085c4   0x000000d8   Code   RO         2803    i.event_callback    sockets.o
    0x0800869c   0x0800869c   0x0000001e   Code   RO         1326    i.f_close           ff.o
    0x080086ba   0x080086ba   0x000001fe   Code   RO         1330    i.f_lseek           ff.o
    0x080088b8   0x080088b8   0x000000fa   Code   RO         1331    i.f_mkdir           ff.o
    0x080089b2   0x080089b2   0x00000002   PAD
    0x080089b4   0x080089b4   0x00000048   Code   RO         1333    i.f_mount           ff.o
    0x080089fc   0x080089fc   0x000001b0   Code   RO         1334    i.f_open            ff.o
    0x08008bac   0x08008bac   0x00000146   Code   RO         1339    i.f_read            ff.o
    0x08008cf2   0x08008cf2   0x0000008e   Code   RO         1343    i.f_sync            ff.o
    0x08008d80   0x08008d80   0x0000017c   Code   RO         1346    i.f_write           ff.o
    0x08008efc   0x08008efc   0x000000be   Code   RO         1347    i.follow_path       ff.o
    0x08008fba   0x08008fba   0x00000002   PAD
    0x08008fbc   0x08008fbc   0x0000002c   Code   RO         6321    i.fputc             drv_hal.o
    0x08008fe8   0x08008fe8   0x000000be   Code   RO         1348    i.get_fat           ff.o
    0x080090a6   0x080090a6   0x00000004   Code   RO         6216    i.get_fattime       ocd_sdcard.o
    0x080090aa   0x080090aa   0x00000036   Code   RO         1350    i.get_ldnumber      ff.o
    0x080090e0   0x080090e0   0x00000018   Code   RO         2805    i.get_socket        sockets.o
    0x080090f8   0x080090f8   0x00000008   Code   RO         5204    i.icmp_dest_unreach  icmp.o
    0x08009100   0x08009100   0x00000180   Code   RO         5205    i.icmp_input        icmp.o
    0x08009280   0x08009280   0x000000b8   Code   RO         5206    i.icmp_send_response  icmp.o
    0x08009338   0x08009338   0x00000008   Code   RO         5207    i.icmp_time_exceeded  icmp.o
    0x08009340   0x08009340   0x0000004a   Code   RO         3467    i.inet_chksum_pbuf  inet_chksum.o
    0x0800938a   0x0800938a   0x0000002e   Code   RO         5321    i.ip4_addr_isbroadcast_u32  ip4_addr.o
    0x080093b8   0x080093b8   0x000001e8   Code   RO         5390    i.ip4_frag          ip4_frag.o
    0x080095a0   0x080095a0   0x00000174   Code   RO         5266    i.ip4_input         ip4.o
    0x08009714   0x08009714   0x0000002c   Code   RO         5267    i.ip4_input_accept  ip4.o
    0x08009740   0x08009740   0x0000001e   Code   RO         5269    i.ip4_output_if     ip4.o
    0x0800975e   0x0800975e   0x00000002   PAD
    0x08009760   0x08009760   0x0000010c   Code   RO         5270    i.ip4_output_if_src  ip4.o
    0x0800986c   0x0800986c   0x00000228   Code   RO         5391    i.ip4_reass         ip4_frag.o
    0x08009a94   0x08009a94   0x00000060   Code   RO         5271    i.ip4_route         ip4.o
    0x08009af4   0x08009af4   0x00000134   Code   RO         5323    i.ip4addr_aton      ip4_addr.o
    0x08009c28   0x08009c28   0x00000024   Code   RO         5392    i.ip_frag_free_pbuf_custom_ref  ip4_frag.o
    0x08009c4c   0x08009c4c   0x000001b4   Code   RO         5393    i.ip_reass_chain_frag_into_datagram_and_validate  ip4_frag.o
    0x08009e00   0x08009e00   0x0000004c   Code   RO         5394    i.ip_reass_dequeue_datagram  ip4_frag.o
    0x08009e4c   0x08009e4c   0x00000114   Code   RO         5395    i.ip_reass_free_complete_datagram  ip4_frag.o
    0x08009f60   0x08009f60   0x00000084   Code   RO         5396    i.ip_reass_remove_oldest_datagram  ip4_frag.o
    0x08009fe4   0x08009fe4   0x0000002c   Code   RO         5397    i.ip_reass_tmr      ip4_frag.o
    0x0800a010   0x0800a010   0x00000014   Code   RO         5326    i.ipaddr_addr       ip4_addr.o
    0x0800a024   0x0800a024   0x0000002c   Code   RO         5398    i.ipfrag_free_pbuf_custom  ip4_frag.o
    0x0800a050   0x0800a050   0x00000026   Code   RO         1351    i.ld_clust          ff.o
    0x0800a076   0x0800a076   0x00000016   Code   RO         1352    i.ld_dword          ff.o
    0x0800a08c   0x0800a08c   0x0000000a   Code   RO         1353    i.ld_word           ff.o
    0x0800a096   0x0800a096   0x00000002   PAD
    0x0800a098   0x0800a098   0x000000b0   Code   RO         1666    i.low_level_init    ethernetif.o
    0x0800a148   0x0800a148   0x000000b4   Code   RO         1667    i.low_level_input   ethernetif.o
    0x0800a1fc   0x0800a1fc   0x000000a8   Code   RO         1668    i.low_level_output  ethernetif.o
    0x0800a2a4   0x0800a2a4   0x00000078   Code   RO         2807    i.lwip_bind         sockets.o
    0x0800a31c   0x0800a31c   0x00000046   Code   RO         1805    i.lwip_comm_default_ip_set  lwip_comm.o
    0x0800a362   0x0800a362   0x00000002   PAD
    0x0800a364   0x0800a364   0x0000023c   Code   RO         1806    i.lwip_comm_init    lwip_comm.o
    0x0800a5a0   0x0800a5a0   0x0000003c   Code   RO         4851    i.lwip_cyclic_timer  timeouts.o
    0x0800a5dc   0x0800a5dc   0x00000004   Code   RO         3299    i.lwip_htonl        def.o
    0x0800a5e0   0x0800a5e0   0x00000004   Code   RO         3300    i.lwip_htons        def.o
    0x0800a5e4   0x0800a5e4   0x00000026   Code   RO         3539    i.lwip_init         init.o
    0x0800a60a   0x0800a60a   0x00000002   Code   RO         1807    i.lwip_link_status_updated  lwip_comm.o
    0x0800a60c   0x0800a60c   0x00000064   Code   RO         1808    i.lwip_link_thread  lwip_comm.o
    0x0800a670   0x0800a670   0x00000036   Code   RO         2334    i.lwip_netconn_do_bind  api_msg.o
    0x0800a6a6   0x0800a6a6   0x00000002   PAD
    0x0800a6a8   0x0800a6a8   0x000000c4   Code   RO         2336    i.lwip_netconn_do_close  api_msg.o
    0x0800a76c   0x0800a76c   0x00000238   Code   RO         2337    i.lwip_netconn_do_close_internal  api_msg.o
    0x0800a9a4   0x0800a9a4   0x00000114   Code   RO         2340    i.lwip_netconn_do_delconn  api_msg.o
    0x0800aab8   0x0800aab8   0x0000007c   Code   RO         2343    i.lwip_netconn_do_getaddr  api_msg.o
    0x0800ab34   0x0800ab34   0x00000012   Code   RO         2346    i.lwip_netconn_do_newconn  api_msg.o
    0x0800ab46   0x0800ab46   0x00000044   Code   RO         2347    i.lwip_netconn_do_recv  api_msg.o
    0x0800ab8a   0x0800ab8a   0x00000042   Code   RO         2348    i.lwip_netconn_do_send  api_msg.o
    0x0800abcc   0x0800abcc   0x000000d0   Code   RO         2349    i.lwip_netconn_do_write  api_msg.o
    0x0800ac9c   0x0800ac9c   0x000002f4   Code   RO         2350    i.lwip_netconn_do_writemore  api_msg.o
    0x0800af90   0x0800af90   0x00000044   Code   RO         2351    i.lwip_netconn_err_to_msg  api_msg.o
    0x0800afd4   0x0800afd4   0x00000048   Code   RO         2352    i.lwip_netconn_is_err_msg  api_msg.o
    0x0800b01c   0x0800b01c   0x0000002c   Code   RO         1809    i.lwip_pkt_handle   lwip_comm.o
    0x0800b048   0x0800b048   0x0000000e   Code   RO         2825    i.lwip_recv         sockets.o
    0x0800b056   0x0800b056   0x00000002   PAD
    0x0800b058   0x0800b058   0x00000188   Code   RO         2826    i.lwip_recv_tcp     sockets.o
    0x0800b1e0   0x0800b1e0   0x000000d0   Code   RO         2827    i.lwip_recvfrom     sockets.o
    0x0800b2b0   0x0800b2b0   0x00000114   Code   RO         2828    i.lwip_recvfrom_udp_raw  sockets.o
    0x0800b3c4   0x0800b3c4   0x00000074   Code   RO         2832    i.lwip_send         sockets.o
    0x0800b438   0x0800b438   0x000000e8   Code   RO         2834    i.lwip_sendto       sockets.o
    0x0800b520   0x0800b520   0x000000a4   Code   RO         2838    i.lwip_sock_make_addr  sockets.o
    0x0800b5c4   0x0800b5c4   0x00000068   Code   RO         2839    i.lwip_socket       sockets.o
    0x0800b62c   0x0800b62c   0x00000056   Code   RO         3474    i.lwip_standard_chksum  inet_chksum.o
    0x0800b682   0x0800b682   0x00000002   PAD
    0x0800b684   0x0800b684   0x0000002c   Code   RO            4    i.main              main.o
    0x0800b6b0   0x0800b6b0   0x0000006c   Code   RO        14225    i.malloc            mc_w.l(malloc.o)
    0x0800b71c   0x0800b71c   0x00000158   Code   RO         3621    i.mem_free          mem.o
    0x0800b874   0x0800b874   0x00000068   Code   RO         3622    i.mem_init          mem.o
    0x0800b8dc   0x0800b8dc   0x000001d0   Code   RO         3623    i.mem_malloc        mem.o
    0x0800baac   0x0800baac   0x00000010   Code   RO         3624    i.mem_to_ptr        mem.o
    0x0800babc   0x0800babc   0x0000016c   Code   RO         3625    i.mem_trim          mem.o
    0x0800bc28   0x0800bc28   0x0000003c   Code   RO         3689    i.memp_free         memp.o
    0x0800bc64   0x0800bc64   0x0000001c   Code   RO         3691    i.memp_init         memp.o
    0x0800bc80   0x0800bc80   0x0000002a   Code   RO         3692    i.memp_init_pool    memp.o
    0x0800bcaa   0x0800bcaa   0x00000002   PAD
    0x0800bcac   0x0800bcac   0x00000044   Code   RO         3693    i.memp_malloc       memp.o
    0x0800bcf0   0x0800bcf0   0x00000254   Code   RO         1354    i.mount_volume      ff.o
    0x0800bf44   0x0800bf44   0x00000032   Code   RO         1355    i.move_window       ff.o
    0x0800bf76   0x0800bf76   0x00000022   Code   RO         2646    i.netbuf_delete     netbuf.o
    0x0800bf98   0x0800bf98   0x0000003c   Code   RO         2648    i.netbuf_free       netbuf.o
    0x0800bfd4   0x0800bfd4   0x00000060   Code   RO         2651    i.netbuf_ref        netbuf.o
    0x0800c034   0x0800c034   0x0000009c   Code   RO         2353    i.netconn_alloc     api_msg.o
    0x0800c0d0   0x0800c0d0   0x0000001c   Code   RO         2090    i.netconn_apimsg    api_lib.o
    0x0800c0ec   0x0800c0ec   0x00000050   Code   RO         2091    i.netconn_bind      api_lib.o
    0x0800c13c   0x0800c13c   0x0000004c   Code   RO         2094    i.netconn_close_shutdown  api_lib.o
    0x0800c188   0x0800c188   0x0000001e   Code   RO         2096    i.netconn_delete    api_lib.o
    0x0800c1a6   0x0800c1a6   0x000000a0   Code   RO         2354    i.netconn_drain     api_msg.o
    0x0800c246   0x0800c246   0x0000001e   Code   RO         2098    i.netconn_err       api_lib.o
    0x0800c264   0x0800c264   0x000000f0   Code   RO         2355    i.netconn_free      api_msg.o
    0x0800c354   0x0800c354   0x0000009c   Code   RO         2099    i.netconn_getaddr   api_lib.o
    0x0800c3f0   0x0800c3f0   0x00000100   Code   RO         2102    i.netconn_new_with_proto_and_callback  api_lib.o
    0x0800c4f0   0x0800c4f0   0x00000020   Code   RO         2103    i.netconn_prepare_delete  api_lib.o
    0x0800c510   0x0800c510   0x0000011c   Code   RO         2105    i.netconn_recv_data  api_lib.o
    0x0800c62c   0x0800c62c   0x00000098   Code   RO         2106    i.netconn_recv_data_tcp  api_lib.o
    0x0800c6c4   0x0800c6c4   0x00000048   Code   RO         2108    i.netconn_recv_tcp_pbuf_flags  api_lib.o
    0x0800c70c   0x0800c70c   0x00000050   Code   RO         2110    i.netconn_recv_udp_raw_netbuf_flags  api_lib.o
    0x0800c75c   0x0800c75c   0x00000044   Code   RO         2111    i.netconn_send      api_lib.o
    0x0800c7a0   0x0800c7a0   0x0000004c   Code   RO         2114    i.netconn_tcp_recvd  api_lib.o
    0x0800c7ec   0x0800c7ec   0x00000054   Code   RO         2115    i.netconn_tcp_recvd_msg  api_lib.o
    0x0800c840   0x0800c840   0x00000014   Code   RO         2116    i.netconn_write_partly  api_lib.o
    0x0800c854   0x0800c854   0x00000118   Code   RO         2117    i.netconn_write_vectors_partly  api_lib.o
    0x0800c96c   0x0800c96c   0x00000158   Code   RO         3847    i.netif_add         netif.o
    0x0800cac4   0x0800cac4   0x00000016   Code   RO         3849    i.netif_do_ip_addr_changed  netif.o
    0x0800cada   0x0800cada   0x00000016   Code   RO         3850    i.netif_do_set_gw   netif.o
    0x0800caf0   0x0800caf0   0x00000058   Code   RO         3851    i.netif_do_set_ipaddr  netif.o
    0x0800cb48   0x0800cb48   0x00000016   Code   RO         3852    i.netif_do_set_netmask  netif.o
    0x0800cb5e   0x0800cb5e   0x00000002   PAD
    0x0800cb60   0x0800cb60   0x00000024   Code   RO         3854    i.netif_get_by_index  netif.o
    0x0800cb84   0x0800cb84   0x00000002   Code   RO         3856    i.netif_init        netif.o
    0x0800cb86   0x0800cb86   0x00000002   PAD
    0x0800cb88   0x0800cb88   0x0000005c   Code   RO         3858    i.netif_issue_reports  netif.o
    0x0800cbe4   0x0800cbe4   0x00000006   Code   RO         3860    i.netif_null_output_ip4  netif.o
    0x0800cbea   0x0800cbea   0x00000002   PAD
    0x0800cbec   0x0800cbec   0x00000060   Code   RO         3862    i.netif_set_addr    netif.o
    0x0800cc4c   0x0800cc4c   0x0000000c   Code   RO         3863    i.netif_set_default  netif.o
    0x0800cc58   0x0800cc58   0x00000044   Code   RO         3864    i.netif_set_down    netif.o
    0x0800cc9c   0x0800cc9c   0x00000008   Code   RO         3867    i.netif_set_link_callback  netif.o
    0x0800cca4   0x0800cca4   0x00000048   Code   RO         3868    i.netif_set_link_down  netif.o
    0x0800ccec   0x0800ccec   0x0000005c   Code   RO         3869    i.netif_set_link_up  netif.o
    0x0800cd48   0x0800cd48   0x0000003c   Code   RO         3871    i.netif_set_up      netif.o
    0x0800cd84   0x0800cd84   0x00000034   Code   RO         8524    i.osDelay           cmsis_os2.o
    0x0800cdb8   0x0800cdb8   0x00000038   Code   RO         8538    i.osKernelInitialize  cmsis_os2.o
    0x0800cdf0   0x0800cdf0   0x00000006   Code   RO         4035    i.pbuf_add_header   pbuf.o
    0x0800cdf6   0x0800cdf6   0x00000002   PAD
    0x0800cdf8   0x0800cdf8   0x00000060   Code   RO         4037    i.pbuf_add_header_impl  pbuf.o
    0x0800ce58   0x0800ce58   0x000001b8   Code   RO         4038    i.pbuf_alloc        pbuf.o
    0x0800d010   0x0800d010   0x00000050   Code   RO         4039    i.pbuf_alloc_reference  pbuf.o
    0x0800d060   0x0800d060   0x00000038   Code   RO         4040    i.pbuf_alloced_custom  pbuf.o
    0x0800d098   0x0800d098   0x000000c0   Code   RO         4041    i.pbuf_cat          pbuf.o
    0x0800d158   0x0800d158   0x00000012   Code   RO         4042    i.pbuf_chain        pbuf.o
    0x0800d16a   0x0800d16a   0x00000012   Code   RO         4043    i.pbuf_clen         pbuf.o
    0x0800d17c   0x0800d17c   0x0000003c   Code   RO         4044    i.pbuf_clone        pbuf.o
    0x0800d1b8   0x0800d1b8   0x00000038   Code   RO         4046    i.pbuf_copy         pbuf.o
    0x0800d1f0   0x0800d1f0   0x000000b4   Code   RO         4047    i.pbuf_copy_partial  pbuf.o
    0x0800d2a4   0x0800d2a4   0x000001c8   Code   RO         4048    i.pbuf_copy_partial_pbuf  pbuf.o
    0x0800d46c   0x0800d46c   0x000000e8   Code   RO         4050    i.pbuf_free         pbuf.o
    0x0800d554   0x0800d554   0x00000032   Code   RO         4051    i.pbuf_free_header  pbuf.o
    0x0800d586   0x0800d586   0x00000006   Code   RO         4055    i.pbuf_header_force  pbuf.o
    0x0800d58c   0x0800d58c   0x0000000e   Code   RO         4056    i.pbuf_header_impl  pbuf.o
    0x0800d59a   0x0800d59a   0x0000001c   Code   RO         4057    i.pbuf_init_alloced_pbuf  pbuf.o
    0x0800d5b6   0x0800d5b6   0x0000001e   Code   RO         4060    i.pbuf_put_at       pbuf.o
    0x0800d5d4   0x0800d5d4   0x000000bc   Code   RO         4061    i.pbuf_realloc      pbuf.o
    0x0800d690   0x0800d690   0x0000003c   Code   RO         4062    i.pbuf_ref          pbuf.o
    0x0800d6cc   0x0800d6cc   0x00000068   Code   RO         4063    i.pbuf_remove_header  pbuf.o
    0x0800d734   0x0800d734   0x00000004   Code   RO         4064    i.pbuf_skip         pbuf.o
    0x0800d738   0x0800d738   0x00000018   Code   RO         4065    i.pbuf_skip_const   pbuf.o
    0x0800d750   0x0800d750   0x000000f8   Code   RO         4067    i.pbuf_take         pbuf.o
    0x0800d848   0x0800d848   0x00000080   Code   RO         4068    i.pbuf_take_at      pbuf.o
    0x0800d8c8   0x0800d8c8   0x00000090   Code   RO         2356    i.pcb_new           api_msg.o
    0x0800d958   0x0800d958   0x00000128   Code   RO         3626    i.plug_holes        mem.o
    0x0800da80   0x0800da80   0x00000080   Code   RO         2357    i.poll_tcp          api_msg.o
    0x0800db00   0x0800db00   0x0000005c   Code   RO         7819    i.prvAddCurrentTaskToDelayedList  tasks.o
    0x0800db5c   0x0800db5c   0x000000d0   Code   RO         7820    i.prvAddNewTaskToReadyList  tasks.o
    0x0800dc2c   0x0800dc2c   0x00000058   Code   RO         8169    i.prvCheckForValidListAndQueue  timers.o
    0x0800dc84   0x0800dc84   0x00000026   Code   RO         7434    i.prvCopyDataFromQueue  queue.o
    0x0800dcaa   0x0800dcaa   0x0000006c   Code   RO         7435    i.prvCopyDataToQueue  queue.o
    0x0800dd16   0x0800dd16   0x00000034   Code   RO         7821    i.prvDeleteTCB      tasks.o
    0x0800dd4a   0x0800dd4a   0x00000002   PAD
    0x0800dd4c   0x0800dd4c   0x0000004c   Code   RO         8319    i.prvHeapInit       heap_4.o
    0x0800dd98   0x0800dd98   0x0000005c   Code   RO         7822    i.prvIdleTask       tasks.o
    0x0800ddf4   0x0800ddf4   0x00000016   Code   RO         7436    i.prvInitialiseMutex  queue.o
    0x0800de0a   0x0800de0a   0x00000020   Code   RO         7437    i.prvInitialiseNewQueue  queue.o
    0x0800de2a   0x0800de2a   0x0000009c   Code   RO         7823    i.prvInitialiseNewTask  tasks.o
    0x0800dec6   0x0800dec6   0x00000002   PAD
    0x0800dec8   0x0800dec8   0x0000004c   Code   RO         8320    i.prvInsertBlockIntoFreeList  heap_4.o
    0x0800df14   0x0800df14   0x00000038   Code   RO         8171    i.prvInsertTimerInActiveList  timers.o
    0x0800df4c   0x0800df4c   0x0000001a   Code   RO         7438    i.prvIsQueueEmpty   queue.o
    0x0800df66   0x0800df66   0x00000002   PAD
    0x0800df68   0x0800df68   0x000000cc   Code   RO         8172    i.prvProcessReceivedCommands  timers.o
    0x0800e034   0x0800e034   0x000000b4   Code   RO         8173    i.prvProcessTimerOrBlockTask  timers.o
    0x0800e0e8   0x0800e0e8   0x00000020   Code   RO         7825    i.prvResetNextTaskUnblockTime  tasks.o
    0x0800e108   0x0800e108   0x00000028   Code   RO         8174    i.prvSampleTimeNow  timers.o
    0x0800e130   0x0800e130   0x0000006c   Code   RO         8175    i.prvSwitchTimerLists  timers.o
    0x0800e19c   0x0800e19c   0x00000028   Code   RO         8369    i.prvTaskExitError  port.o
    0x0800e1c4   0x0800e1c4   0x00000014   Code   RO         7287    i.prvTestWaitCondition  event_groups.o
    0x0800e1d8   0x0800e1d8   0x00000028   Code   RO         8176    i.prvTimerTask      timers.o
    0x0800e200   0x0800e200   0x0000006a   Code   RO         7439    i.prvUnlockQueue    queue.o
    0x0800e26a   0x0800e26a   0x00000002   PAD
    0x0800e26c   0x0800e26c   0x0000000c   Code   RO         3627    i.ptr_to_mem        mem.o
    0x0800e278   0x0800e278   0x000000ea   Code   RO         1356    i.put_fat           ff.o
    0x0800e362   0x0800e362   0x00000002   PAD
    0x0800e364   0x0800e364   0x000000d8   Code   RO         8321    i.pvPortMalloc      heap_4.o
    0x0800e43c   0x0800e43c   0x00000018   Code   RO         7828    i.pvTaskIncrementMutexHeldCount  tasks.o
    0x0800e454   0x0800e454   0x0000002c   Code   RO         8370    i.pxPortInitialiseStack  port.o
    0x0800e480   0x0800e480   0x00000104   Code   RO         2358    i.recv_tcp          api_msg.o
    0x0800e584   0x0800e584   0x000000f0   Code   RO         2359    i.recv_udp          api_msg.o
    0x0800e674   0x0800e674   0x00000074   Code   RO         1360    i.remove_chain      ff.o
    0x0800e6e8   0x0800e6e8   0x000000d4   Code   RO         2847    i.select_check_waiters  sockets.o
    0x0800e7bc   0x0800e7bc   0x00000074   Code   RO         2360    i.sent_tcp          api_msg.o
    0x0800e830   0x0800e830   0x00000044   Code   RO         2361    i.setup_tcp         api_msg.o
    0x0800e874   0x0800e874   0x00000028   Code   RO         1361    i.st_clust          ff.o
    0x0800e89c   0x0800e89c   0x00000010   Code   RO         1362    i.st_dword          ff.o
    0x0800e8ac   0x0800e8ac   0x00000008   Code   RO         1363    i.st_word           ff.o
    0x0800e8b4   0x0800e8b4   0x00000084   Code   RO         1364    i.sync_fs           ff.o
    0x0800e938   0x0800e938   0x00000046   Code   RO         1365    i.sync_window       ff.o
    0x0800e97e   0x0800e97e   0x00000002   PAD
    0x0800e980   0x0800e980   0x0000008c   Code   RO         1889    i.sys_arch_mbox_fetch  sys_arch.o
    0x0800ea0c   0x0800ea0c   0x00000078   Code   RO         1890    i.sys_arch_mbox_tryfetch  sys_arch.o
    0x0800ea84   0x0800ea84   0x0000000a   Code   RO         1892    i.sys_arch_protect  sys_arch.o
    0x0800ea8e   0x0800ea8e   0x00000002   PAD
    0x0800ea90   0x0800ea90   0x0000007c   Code   RO         1893    i.sys_arch_sem_wait  sys_arch.o
    0x0800eb0c   0x0800eb0c   0x00000004   Code   RO         1894    i.sys_arch_unprotect  sys_arch.o
    0x0800eb10   0x0800eb10   0x00000040   Code   RO         4852    i.sys_check_timeouts  timeouts.o
    0x0800eb50   0x0800eb50   0x00000002   Code   RO         1895    i.sys_init          sys_arch.o
    0x0800eb52   0x0800eb52   0x00000002   PAD
    0x0800eb54   0x0800eb54   0x00000044   Code   RO         1897    i.sys_mbox_free     sys_arch.o
    0x0800eb98   0x0800eb98   0x0000004c   Code   RO         1898    i.sys_mbox_new      sys_arch.o
    0x0800ebe4   0x0800ebe4   0x00000070   Code   RO         1900    i.sys_mbox_trypost  sys_arch.o
    0x0800ec54   0x0800ec54   0x00000070   Code   RO         1903    i.sys_mutex_lock    sys_arch.o
    0x0800ecc4   0x0800ecc4   0x00000030   Code   RO         1904    i.sys_mutex_new     sys_arch.o
    0x0800ecf4   0x0800ecf4   0x0000006c   Code   RO         1905    i.sys_mutex_unlock  sys_arch.o
    0x0800ed60   0x0800ed60   0x00000004   Code   RO         1906    i.sys_now           sys_arch.o
    0x0800ed64   0x0800ed64   0x00000044   Code   RO         1907    i.sys_sem_free      sys_arch.o
    0x0800eda8   0x0800eda8   0x000000a0   Code   RO         1908    i.sys_sem_new       sys_arch.o
    0x0800ee48   0x0800ee48   0x0000007c   Code   RO         1909    i.sys_sem_signal    sys_arch.o
    0x0800eec4   0x0800eec4   0x00000064   Code   RO         1910    i.sys_thread_new    sys_arch.o
    0x0800ef28   0x0800ef28   0x00000060   Code   RO         4854    i.sys_timeout       timeouts.o
    0x0800ef88   0x0800ef88   0x00000098   Code   RO         4855    i.sys_timeout_abs   timeouts.o
    0x0800f020   0x0800f020   0x00000024   Code   RO         4856    i.sys_timeouts_init  timeouts.o
    0x0800f044   0x0800f044   0x00000028   Code   RO         4857    i.sys_timeouts_sleeptime  timeouts.o
    0x0800f06c   0x0800f06c   0x0000013c   Code   RO         4310    i.tcp_abandon       tcp.o
    0x0800f1a8   0x0800f1a8   0x00000006   Code   RO         4311    i.tcp_abort         tcp.o
    0x0800f1ae   0x0800f1ae   0x0000000e   Code   RO         4312    i.tcp_accept        tcp.o
    0x0800f1bc   0x0800f1bc   0x00000128   Code   RO         4314    i.tcp_alloc         tcp.o
    0x0800f2e4   0x0800f2e4   0x00000008   Code   RO         4315    i.tcp_arg           tcp.o
    0x0800f2ec   0x0800f2ec   0x000000dc   Code   RO         4316    i.tcp_bind          tcp.o
    0x0800f3c8   0x0800f3c8   0x00000040   Code   RO         4318    i.tcp_close         tcp.o
    0x0800f408   0x0800f408   0x00000168   Code   RO         4319    i.tcp_close_shutdown  tcp.o
    0x0800f570   0x0800f570   0x00000064   Code   RO         4320    i.tcp_close_shutdown_fin  tcp.o
    0x0800f5d4   0x0800f5d4   0x00000114   Code   RO         4691    i.tcp_create_segment  tcp_out.o
    0x0800f6e8   0x0800f6e8   0x00000054   Code   RO         4323    i.tcp_eff_send_mss_netif  tcp.o
    0x0800f73c   0x0800f73c   0x000001a4   Code   RO         4692    i.tcp_enqueue_flags  tcp_out.o
    0x0800f8e0   0x0800f8e0   0x00000044   Code   RO         4324    i.tcp_err           tcp.o
    0x0800f924   0x0800f924   0x0000006c   Code   RO         4325    i.tcp_fasttmr       tcp.o
    0x0800f990   0x0800f990   0x00000030   Code   RO         4326    i.tcp_free          tcp.o
    0x0800f9c0   0x0800f9c0   0x000000d4   Code   RO         4607    i.tcp_free_acked_segments  tcp_in.o
    0x0800fa94   0x0800fa94   0x00000028   Code   RO         4608    i.tcp_get_next_optbyte  tcp_in.o
    0x0800fabc   0x0800fabc   0x00000018   Code   RO         4327    i.tcp_init          tcp.o
    0x0800fad4   0x0800fad4   0x00000590   Code   RO         4609    i.tcp_input         tcp_in.o
    0x08010064   0x08010064   0x00000070   Code   RO         4610    i.tcp_input_delayed_close  tcp_in.o
    0x080100d4   0x080100d4   0x00000068   Code   RO         4693    i.tcp_keepalive     tcp_out.o
    0x0801013c   0x0801013c   0x0000005c   Code   RO         4328    i.tcp_kill_state    tcp.o
    0x08010198   0x08010198   0x0000009c   Code   RO         4329    i.tcp_listen_closed  tcp.o
    0x08010234   0x08010234   0x00000130   Code   RO         4611    i.tcp_listen_input  tcp_in.o
    0x08010364   0x08010364   0x0000004c   Code   RO         4332    i.tcp_netif_ip_addr_changed  tcp.o
    0x080103b0   0x080103b0   0x00000060   Code   RO         4333    i.tcp_netif_ip_addr_changed_pcblist  tcp.o
    0x08010410   0x08010410   0x00000006   Code   RO         4335    i.tcp_new_ip_type   tcp.o
    0x08010416   0x08010416   0x00000002   PAD
    0x08010418   0x08010418   0x0000005c   Code   RO         4336    i.tcp_new_port      tcp.o
    0x08010474   0x08010474   0x00000038   Code   RO         4337    i.tcp_next_iss      tcp.o
    0x080104ac   0x080104ac   0x00000274   Code   RO         4694    i.tcp_output        tcp_out.o
    0x08010720   0x08010720   0x00000068   Code   RO         4695    i.tcp_output_alloc_header  tcp_out.o
    0x08010788   0x08010788   0x000000ac   Code   RO         4696    i.tcp_output_alloc_header_common  tcp_out.o
    0x08010834   0x08010834   0x0000007c   Code   RO         4697    i.tcp_output_control_segment  tcp_out.o
    0x080108b0   0x080108b0   0x0000006c   Code   RO         4698    i.tcp_output_fill_options  tcp_out.o
    0x0801091c   0x0801091c   0x0000015c   Code   RO         4699    i.tcp_output_segment  tcp_out.o
    0x08010a78   0x08010a78   0x00000044   Code   RO         4700    i.tcp_output_segment_busy  tcp_out.o
    0x08010abc   0x08010abc   0x00000098   Code   RO         4612    i.tcp_parseopt      tcp_in.o
    0x08010b54   0x08010b54   0x000000dc   Code   RO         4701    i.tcp_pbuf_prealloc  tcp_out.o
    0x08010c30   0x08010c30   0x00000064   Code   RO         4338    i.tcp_pcb_purge     tcp.o
    0x08010c94   0x08010c94   0x000000ec   Code   RO         4339    i.tcp_pcb_remove    tcp.o
    0x08010d80   0x08010d80   0x00000064   Code   RO         4340    i.tcp_poll          tcp.o
    0x08010de4   0x08010de4   0x0000044c   Code   RO         4613    i.tcp_process       tcp_in.o
    0x08011230   0x08011230   0x000000a4   Code   RO         4341    i.tcp_process_refused_data  tcp.o
    0x080112d4   0x080112d4   0x000004e0   Code   RO         4614    i.tcp_receive       tcp_in.o
    0x080117b4   0x080117b4   0x00000044   Code   RO         4342    i.tcp_recv          tcp.o
    0x080117f8   0x080117f8   0x00000050   Code   RO         4343    i.tcp_recv_null     tcp.o
    0x08011848   0x08011848   0x0000009c   Code   RO         4344    i.tcp_recved        tcp.o
    0x080118e4   0x080118e4   0x00000088   Code   RO         4702    i.tcp_rexmit        tcp_out.o
    0x0801196c   0x0801196c   0x00000084   Code   RO         4703    i.tcp_rexmit_fast   tcp_out.o
    0x080119f0   0x080119f0   0x00000040   Code   RO         4704    i.tcp_rexmit_rto    tcp_out.o
    0x08011a30   0x08011a30   0x00000048   Code   RO         4705    i.tcp_rexmit_rto_commit  tcp_out.o
    0x08011a78   0x08011a78   0x0000009c   Code   RO         4706    i.tcp_rexmit_rto_prepare  tcp_out.o
    0x08011b14   0x08011b14   0x00000010   Code   RO         4707    i.tcp_route         tcp_out.o
    0x08011b24   0x08011b24   0x000000a8   Code   RO         4708    i.tcp_rst           tcp_out.o
    0x08011bcc   0x08011bcc   0x0000001c   Code   RO         4345    i.tcp_seg_free      tcp.o
    0x08011be8   0x08011be8   0x00000012   Code   RO         4346    i.tcp_segs_free     tcp.o
    0x08011bfa   0x08011bfa   0x00000002   PAD
    0x08011bfc   0x08011bfc   0x00000088   Code   RO         4709    i.tcp_send_empty_ack  tcp_out.o
    0x08011c84   0x08011c84   0x0000006c   Code   RO         4710    i.tcp_send_fin      tcp_out.o
    0x08011cf0   0x08011cf0   0x00000040   Code   RO         4347    i.tcp_sent          tcp.o
    0x08011d30   0x08011d30   0x00000078   Code   RO         4349    i.tcp_shutdown      tcp.o
    0x08011da8   0x08011da8   0x000004f8   Code   RO         4350    i.tcp_slowtmr       tcp.o
    0x080122a0   0x080122a0   0x000001b0   Code   RO         4711    i.tcp_split_unsent_seg  tcp_out.o
    0x08012450   0x08012450   0x00000034   Code   RO         4859    i.tcp_timer_needed  timeouts.o
    0x08012484   0x08012484   0x00000098   Code   RO         4615    i.tcp_timewait_input  tcp_in.o
    0x0801251c   0x0801251c   0x00000020   Code   RO         4352    i.tcp_tmr           tcp.o
    0x0801253c   0x0801253c   0x00000010   Code   RO         4616    i.tcp_trigger_input_pcb_close  tcp_in.o
    0x0801254c   0x0801254c   0x0000008c   Code   RO         4354    i.tcp_update_rcv_ann_wnd  tcp.o
    0x080125d8   0x080125d8   0x00000670   Code   RO         4712    i.tcp_write         tcp_out.o
    0x08012c48   0x08012c48   0x000000fc   Code   RO         4713    i.tcp_write_checks  tcp_out.o
    0x08012d44   0x08012d44   0x000000e4   Code   RO         4714    i.tcp_zero_window_probe  tcp_out.o
    0x08012e28   0x08012e28   0x000000a0   Code   RO         3123    i.tcpip_init        tcpip.o
    0x08012ec8   0x08012ec8   0x00000060   Code   RO         3124    i.tcpip_inpkt       tcpip.o
    0x08012f28   0x08012f28   0x0000001c   Code   RO         3125    i.tcpip_input       tcpip.o
    0x08012f44   0x08012f44   0x00000020   Code   RO         3126    i.tcpip_send_msg_wait_sem  tcpip.o
    0x08012f64   0x08012f64   0x00000038   Code   RO         4860    i.tcpip_tcp_timer   timeouts.o
    0x08012f9c   0x08012f9c   0x00000098   Code   RO         3127    i.tcpip_thread      tcpip.o
    0x08013034   0x08013034   0x0000006c   Code   RO         3128    i.tcpip_thread_handle_msg  tcpip.o
    0x080130a0   0x080130a0   0x00000012   Code   RO         2848    i.tryget_socket     sockets.o
    0x080130b2   0x080130b2   0x00000002   PAD
    0x080130b4   0x080130b4   0x00000014   Code   RO         2850    i.tryget_socket_unconn_nouse  sockets.o
    0x080130c8   0x080130c8   0x000000d8   Code   RO         4940    i.udp_bind          udp.o
    0x080131a0   0x080131a0   0x00000018   Code   RO         4944    i.udp_init          udp.o
    0x080131b8   0x080131b8   0x00000178   Code   RO         4945    i.udp_input         udp.o
    0x08013330   0x08013330   0x000000ac   Code   RO         4946    i.udp_input_local_match  udp.o
    0x080133dc   0x080133dc   0x00000034   Code   RO         4947    i.udp_netif_ip_addr_changed  udp.o
    0x08013410   0x08013410   0x0000001a   Code   RO         4948    i.udp_new           udp.o
    0x0801342a   0x0801342a   0x00000004   Code   RO         4949    i.udp_new_ip_type   udp.o
    0x0801342e   0x0801342e   0x00000002   PAD
    0x08013430   0x08013430   0x00000028   Code   RO         4950    i.udp_recv          udp.o
    0x08013458   0x08013458   0x00000050   Code   RO         4951    i.udp_remove        udp.o
    0x080134a8   0x080134a8   0x00000054   Code   RO         4952    i.udp_send          udp.o
    0x080134fc   0x080134fc   0x000000a4   Code   RO         4953    i.udp_sendto        udp.o
    0x080135a0   0x080135a0   0x000000c8   Code   RO         4954    i.udp_sendto_if     udp.o
    0x08013668   0x08013668   0x000001c8   Code   RO         4955    i.udp_sendto_if_src  udp.o
    0x08013830   0x08013830   0x00000026   Code   RO         7397    i.uxListRemove      list.o
    0x08013856   0x08013856   0x00000002   PAD
    0x08013858   0x08013858   0x00000018   Code   RO         7836    i.uxTaskResetEventItemValue  tasks.o
    0x08013870   0x08013870   0x00000014   Code   RO         8587    i.vApplicationGetIdleTaskMemory  cmsis_os2.o
    0x08013884   0x08013884   0x00000018   Code   RO         8588    i.vApplicationGetTimerTaskMemory  cmsis_os2.o
    0x0801389c   0x0801389c   0x00000016   Code   RO         7398    i.vListInitialise   list.o
    0x080138b2   0x080138b2   0x00000006   Code   RO         7399    i.vListInitialiseItem  list.o
    0x080138b8   0x080138b8   0x00000030   Code   RO         7400    i.vListInsert       list.o
    0x080138e8   0x080138e8   0x00000018   Code   RO         7401    i.vListInsertEnd    list.o
    0x08013900   0x08013900   0x00000040   Code   RO         8372    i.vPortEnterCritical  port.o
    0x08013940   0x08013940   0x00000028   Code   RO         8373    i.vPortExitCritical  port.o
    0x08013968   0x08013968   0x0000005c   Code   RO         8322    i.vPortFree         heap_4.o
    0x080139c4   0x080139c4   0x00000024   Code   RO         8374    i.vPortSetupTimerInterrupt  port.o
    0x080139e8   0x080139e8   0x00000054   Code   RO         8375    i.vPortValidateInterruptPriority  port.o
    0x08013a3c   0x08013a3c   0x00000024   Code   RO         7445    i.vQueueAddToRegistry  queue.o
    0x08013a60   0x08013a60   0x0000002e   Code   RO         7446    i.vQueueDelete      queue.o
    0x08013a8e   0x08013a8e   0x00000002   PAD
    0x08013a90   0x08013a90   0x00000028   Code   RO         7448    i.vQueueUnregisterQueue  queue.o
    0x08013ab8   0x08013ab8   0x00000044   Code   RO         7449    i.vQueueWaitForMessageRestricted  queue.o
    0x08013afc   0x08013afc   0x0000004c   Code   RO         7837    i.vTaskDelay        tasks.o
    0x08013b48   0x08013b48   0x00000090   Code   RO         7839    i.vTaskDelete       tasks.o
    0x08013bd8   0x08013bd8   0x00000010   Code   RO         7842    i.vTaskInternalSetTimeOutState  tasks.o
    0x08013be8   0x08013be8   0x0000000c   Code   RO         7843    i.vTaskMissedYield  tasks.o
    0x08013bf4   0x08013bf4   0x00000030   Code   RO         7845    i.vTaskPlaceOnEventList  tasks.o
    0x08013c24   0x08013c24   0x00000038   Code   RO         7846    i.vTaskPlaceOnEventListRestricted  tasks.o
    0x08013c5c   0x08013c5c   0x0000004c   Code   RO         7847    i.vTaskPlaceOnUnorderedEventList  tasks.o
    0x08013ca8   0x08013ca8   0x00000090   Code   RO         7848    i.vTaskPriorityDisinheritAfterTimeout  tasks.o
    0x08013d38   0x08013d38   0x00000070   Code   RO         7850    i.vTaskRemoveFromUnorderedEventList  tasks.o
    0x08013da8   0x08013da8   0x00000084   Code   RO         7854    i.vTaskStartScheduler  tasks.o
    0x08013e2c   0x08013e2c   0x00000010   Code   RO         7856    i.vTaskSuspendAll   tasks.o
    0x08013e3c   0x08013e3c   0x00000064   Code   RO         7857    i.vTaskSwitchContext  tasks.o
    0x08013ea0   0x08013ea0   0x00000034   Code   RO         1366    i.validate          ff.o
    0x08013ed4   0x08013ed4   0x0000001c   Code   RO         7295    i.xEventGroupCreate  event_groups.o
    0x08013ef0   0x08013ef0   0x0000008c   Code   RO         7298    i.xEventGroupSetBits  event_groups.o
    0x08013f7c   0x08013f7c   0x00000108   Code   RO         7301    i.xEventGroupWaitBits  event_groups.o
    0x08014084   0x08014084   0x00000100   Code   RO         8376    i.xPortStartScheduler  port.o
    0x08014184   0x08014184   0x0000002c   Code   RO         8377    i.xPortSysTickHandler  port.o
    0x080141b0   0x080141b0   0x00000016   Code   RO         7452    i.xQueueCreateMutex  queue.o
    0x080141c6   0x080141c6   0x00000048   Code   RO         7454    i.xQueueGenericCreate  queue.o
    0x0801420e   0x0801420e   0x00000066   Code   RO         7455    i.xQueueGenericCreateStatic  queue.o
    0x08014274   0x08014274   0x00000088   Code   RO         7456    i.xQueueGenericReset  queue.o
    0x080142fc   0x080142fc   0x00000164   Code   RO         7457    i.xQueueGenericSend  queue.o
    0x08014460   0x08014460   0x000000bc   Code   RO         7458    i.xQueueGenericSendFromISR  queue.o
    0x0801451c   0x0801451c   0x0000009c   Code   RO         7461    i.xQueueGiveFromISR  queue.o
    0x080145b8   0x080145b8   0x0000003e   Code   RO         7462    i.xQueueGiveMutexRecursive  queue.o
    0x080145f6   0x080145f6   0x00000002   PAD
    0x080145f8   0x080145f8   0x00000138   Code   RO         7467    i.xQueueReceive     queue.o
    0x08014730   0x08014730   0x00000178   Code   RO         7469    i.xQueueSemaphoreTake  queue.o
    0x080148a8   0x080148a8   0x00000040   Code   RO         7470    i.xQueueTakeMutexRecursive  queue.o
    0x080148e8   0x080148e8   0x00000074   Code   RO         7858    i.xTaskCheckForTimeOut  tasks.o
    0x0801495c   0x0801495c   0x0000005a   Code   RO         7859    i.xTaskCreate       tasks.o
    0x080149b6   0x080149b6   0x0000005a   Code   RO         7860    i.xTaskCreateStatic  tasks.o
    0x08014a10   0x08014a10   0x0000000c   Code   RO         7863    i.xTaskGetCurrentTaskHandle  tasks.o
    0x08014a1c   0x08014a1c   0x0000001c   Code   RO         7864    i.xTaskGetSchedulerState  tasks.o
    0x08014a38   0x08014a38   0x0000000c   Code   RO         7865    i.xTaskGetTickCount  tasks.o
    0x08014a44   0x08014a44   0x000000c8   Code   RO         7867    i.xTaskIncrementTick  tasks.o
    0x08014b0c   0x08014b0c   0x0000007c   Code   RO         7870    i.xTaskPriorityDisinherit  tasks.o
    0x08014b88   0x08014b88   0x0000007c   Code   RO         7871    i.xTaskPriorityInherit  tasks.o
    0x08014c04   0x08014c04   0x00000070   Code   RO         7872    i.xTaskRemoveFromEventList  tasks.o
    0x08014c74   0x08014c74   0x000000c0   Code   RO         7873    i.xTaskResumeAll    tasks.o
    0x08014d34   0x08014d34   0x00000060   Code   RO         8183    i.xTimerCreateTimerTask  timers.o
    0x08014d94   0x08014d94   0x00000064   Code   RO         8184    i.xTimerGenericCommand  timers.o
    0x08014df8   0x08014df8   0x00000003   Data   RO         2362    .constdata          api_msg.o
    0x08014dfb   0x08014dfb   0x00000001   PAD
    0x08014dfc   0x08014dfc   0x00000044   Data   RO         2558    .constdata          err.o
    0x08014e40   0x08014e40   0x00000010   Data   RO         3709    .constdata          memp.o
    0x08014e50   0x08014e50   0x00000010   Data   RO         3710    .constdata          memp.o
    0x08014e60   0x08014e60   0x00000010   Data   RO         3711    .constdata          memp.o
    0x08014e70   0x08014e70   0x00000010   Data   RO         3712    .constdata          memp.o
    0x08014e80   0x08014e80   0x00000010   Data   RO         3713    .constdata          memp.o
    0x08014e90   0x08014e90   0x00000010   Data   RO         3714    .constdata          memp.o
    0x08014ea0   0x08014ea0   0x00000010   Data   RO         3715    .constdata          memp.o
    0x08014eb0   0x08014eb0   0x00000010   Data   RO         3716    .constdata          memp.o
    0x08014ec0   0x08014ec0   0x00000010   Data   RO         3717    .constdata          memp.o
    0x08014ed0   0x08014ed0   0x00000010   Data   RO         3718    .constdata          memp.o
    0x08014ee0   0x08014ee0   0x00000010   Data   RO         3719    .constdata          memp.o
    0x08014ef0   0x08014ef0   0x00000010   Data   RO         3720    .constdata          memp.o
    0x08014f00   0x08014f00   0x00000010   Data   RO         3721    .constdata          memp.o
    0x08014f10   0x08014f10   0x00000010   Data   RO         3722    .constdata          memp.o
    0x08014f20   0x08014f20   0x00000038   Data   RO         3723    .constdata          memp.o
    0x08014f58   0x08014f58   0x00000054   Data   RO         4355    .constdata          tcp.o
    0x08014fac   0x08014fac   0x00000020   Data   RO         4861    .constdata          timeouts.o
    0x08014fcc   0x08014fcc   0x00000004   Data   RO         5328    .constdata          ip4_addr.o
    0x08014fd0   0x08014fd0   0x00000006   Data   RO         5463    .constdata          ethernet.o
    0x08014fd6   0x08014fd6   0x00000006   Data   RO         5464    .constdata          ethernet.o
    0x08014fdc   0x08014fdc   0x00000010   Data   RO         8944    .constdata          system_stm32f4xx.o
    0x08014fec   0x08014fec   0x00000008   Data   RO         8945    .constdata          system_stm32f4xx.o
    0x08014ff4   0x08014ff4   0x00000008   Data   RO        10198    .constdata          stm32f4xx_hal_dma.o
    0x08014ffc   0x08014ffc   0x00000081   Data   RO        13909    .constdata          mc_w.l(ctype_o.o)
    0x0801507d   0x0801507d   0x00000003   PAD
    0x08015080   0x08015080   0x00000004   Data   RO        13910    .constdata          mc_w.l(ctype_o.o)
    0x08015084   0x08015084   0x00000073   Data   RO         1072    .conststring        task_tfcard.o
    0x080150f7   0x080150f7   0x00000001   PAD
    0x080150f8   0x080150f8   0x00000053   Data   RO         1811    .conststring        lwip_comm.o
    0x0801514b   0x0801514b   0x00000001   PAD
    0x0801514c   0x0801514c   0x00000008   Data   RO         3724    .conststring        memp.o
    0x08015154   0x08015154   0x00000008   Data   RO         3725    .conststring        memp.o
    0x0801515c   0x0801515c   0x0000000f   Data   RO         3726    .conststring        memp.o
    0x0801516b   0x0801516b   0x00000001   PAD
    0x0801516c   0x0801516c   0x00000008   Data   RO         3727    .conststring        memp.o
    0x08015174   0x08015174   0x0000000a   Data   RO         3728    .conststring        memp.o
    0x0801517e   0x0801517e   0x00000002   PAD
    0x08015180   0x08015180   0x0000000a   Data   RO         3729    .conststring        memp.o
    0x0801518a   0x0801518a   0x00000002   PAD
    0x0801518c   0x0801518c   0x00000007   Data   RO         3730    .conststring        memp.o
    0x08015193   0x08015193   0x00000001   PAD
    0x08015194   0x08015194   0x00000008   Data   RO         3731    .conststring        memp.o
    0x0801519c   0x0801519c   0x0000000e   Data   RO         3732    .conststring        memp.o
    0x080151aa   0x080151aa   0x00000002   PAD
    0x080151ac   0x080151ac   0x00000010   Data   RO         3733    .conststring        memp.o
    0x080151bc   0x080151bc   0x0000000c   Data   RO         3734    .conststring        memp.o
    0x080151c8   0x080151c8   0x00000006   Data   RO         3735    .conststring        memp.o
    0x080151ce   0x080151ce   0x00000002   PAD
    0x080151d0   0x080151d0   0x0000000d   Data   RO         3736    .conststring        memp.o
    0x080151dd   0x080151dd   0x00000003   PAD
    0x080151e0   0x080151e0   0x0000000a   Data   RO         3737    .conststring        memp.o
    0x080151ea   0x080151ea   0x00000002   PAD
    0x080151ec   0x080151ec   0x0000006d   Data   RO         4356    .conststring        tcp.o
    0x08015259   0x08015259   0x00000003   PAD
    0x0801525c   0x0801525c   0x00000055   Data   RO         4715    .conststring        tcp_out.o
    0x080152b1   0x080152b1   0x00000003   PAD
    0x080152b4   0x080152b4   0x00000041   Data   RO         5116    .conststring        etharp.o
    0x080152f5   0x080152f5   0x00000003   PAD
    0x080152f8   0x080152f8   0x00000020   Data   RO        14318    Region$$Table       anon$$obj.o


    Execution Region RW_IRAM1 (Exec base: 0x20000000, Load base: 0x08015318, Size: 0x00019a38, Max: 0x00020000, ABSOLUTE, COMPRESSED[0x000002d8])

    Exec Addr    Load Addr    Size         Type   Attr      Idx    E Section Name        Object

    0x20000000   COMPRESSED   0x00000030   Data   RW          369    .data               usercode.o
    0x20000030   COMPRESSED   0x0000001c   Data   RW          469    .data               config.o
    0x2000004c   COMPRESSED   0x0000016c   Data   RW          470    .data               config.o
    0x200001b8   COMPRESSED   0x0000016c   Data   RW          471    .data               config.o
    0x20000324   COMPRESSED   0x0000016c   Data   RW          472    .data               config.o
    0x20000490   COMPRESSED   0x00000078   Data   RW          473    .data               config.o
    0x20000508   COMPRESSED   0x000002cc   Data   RW          474    .data               config.o
    0x200007d4   COMPRESSED   0x00000038   Data   RW          475    .data               config.o
    0x2000080c   COMPRESSED   0x00000038   Data   RW          476    .data               config.o
    0x20000844   COMPRESSED   0x00000568   Data   RW          477    .data               config.o
    0x20000dac   COMPRESSED   0x00000150   Data   RW          478    .data               config.o
    0x20000efc   COMPRESSED   0x0000001c   Data   RW          479    .data               config.o
    0x20000f18   COMPRESSED   0x00000001   Data   RW          585    .data               task_irq.o
    0x20000f19   COMPRESSED   0x00000003   PAD
    0x20000f1c   COMPRESSED   0x0000010c   Data   RW          800    .data               task_lwipudp.o
    0x20001028   COMPRESSED   0x0000000e   Data   RW          858    .data               task_powerdetect.o
    0x20001036   COMPRESSED   0x00000029   Data   RW          892    .data               task_serialscreen.o
    0x2000105f   COMPRESSED   0x00000001   Data   RW          957    .data               task_can.o
    0x20001060   COMPRESSED   0x00000020   Data   RW          992    .data               task_selfcheck.o
    0x20001080   COMPRESSED   0x00000002   Data   RW         1027    .data               task_eeprom.o
    0x20001082   COMPRESSED   0x00000002   PAD
    0x20001084   COMPRESSED   0x00000041   Data   RW         1073    .data               task_tfcard.o
    0x200010c5   COMPRESSED   0x00000003   PAD
    0x200010c8   COMPRESSED   0x00000008   Data   RW         1369    .data               ff.o
    0x200010d0   COMPRESSED   0x00000004   Data   RW         1669    .data               ethernetif.o
    0x200010d4   COMPRESSED   0x00000004   Data   RW         1911    .data               sys_arch.o
    0x200010d8   COMPRESSED   0x00000004   Data   RW         2852    .data               sockets.o
    0x200010dc   COMPRESSED   0x00000010   Data   RW         3130    .data               tcpip.o
    0x200010ec   COMPRESSED   0x0000000c   Data   RW         3369    .data               dns.o
    0x200010f8   COMPRESSED   0x00000010   Data   RW         3629    .data               mem.o
    0x20001108   COMPRESSED   0x00000004   Data   RW         3738    .data               memp.o
    0x2000110c   COMPRESSED   0x00000004   Data   RW         3739    .data               memp.o
    0x20001110   COMPRESSED   0x00000004   Data   RW         3740    .data               memp.o
    0x20001114   COMPRESSED   0x00000004   Data   RW         3741    .data               memp.o
    0x20001118   COMPRESSED   0x00000004   Data   RW         3742    .data               memp.o
    0x2000111c   COMPRESSED   0x00000004   Data   RW         3743    .data               memp.o
    0x20001120   COMPRESSED   0x00000004   Data   RW         3744    .data               memp.o
    0x20001124   COMPRESSED   0x00000004   Data   RW         3745    .data               memp.o
    0x20001128   COMPRESSED   0x00000004   Data   RW         3746    .data               memp.o
    0x2000112c   COMPRESSED   0x00000004   Data   RW         3747    .data               memp.o
    0x20001130   COMPRESSED   0x00000004   Data   RW         3748    .data               memp.o
    0x20001134   COMPRESSED   0x00000004   Data   RW         3749    .data               memp.o
    0x20001138   COMPRESSED   0x00000004   Data   RW         3750    .data               memp.o
    0x2000113c   COMPRESSED   0x00000004   Data   RW         3751    .data               memp.o
    0x20001140   COMPRESSED   0x0000000c   Data   RW         3872    .data               netif.o
    0x2000114c   COMPRESSED   0x00000020   Data   RW         4357    .data               tcp.o
    0x2000116c   COMPRESSED   0x00000024   Data   RW         4618    .data               tcp_in.o
    0x20001190   COMPRESSED   0x0000000c   Data   RW         4863    .data               timeouts.o
    0x2000119c   COMPRESSED   0x00000008   Data   RW         4956    .data               udp.o
    0x200011a4   COMPRESSED   0x00000001   Data   RW         5117    .data               etharp.o
    0x200011a5   COMPRESSED   0x00000001   PAD
    0x200011a6   COMPRESSED   0x00000002   Data   RW         5272    .data               ip4.o
    0x200011a8   COMPRESSED   0x00000008   Data   RW         5399    .data               ip4_frag.o
    0x200011b0   COMPRESSED   0x00000010   Data   RW         6136    .data               ocd_ethernet.o
    0x200011c0   COMPRESSED   0x00000001   Data   RW         6218    .data               ocd_sdcard.o
    0x200011c1   COMPRESSED   0x00000003   PAD
    0x200011c4   COMPRESSED   0x00000004   Data   RW         6323    .data               drv_hal.o
    0x200011c8   COMPRESSED   0x00000001   Data   RW         6489    .data               drv_hal_can.o
    0x200011c9   COMPRESSED   0x00000003   PAD
    0x200011cc   COMPRESSED   0x0000003c   Data   RW         7876    .data               tasks.o
    0x20001208   COMPRESSED   0x00000014   Data   RW         8192    .data               timers.o
    0x2000121c   COMPRESSED   0x00000018   Data   RW         8327    .data               heap_4.o
    0x20001234   COMPRESSED   0x0000000c   Data   RW         8378    .data               port.o
    0x20001240   COMPRESSED   0x00000004   Data   RW         8590    .data               cmsis_os2.o
    0x20001244   COMPRESSED   0x00000004   Data   RW         8946    .data               system_stm32f4xx.o
    0x20001248   COMPRESSED   0x0000000c   Data   RW         9014    .data               stm32f4xx_hal.o
    0x20001254   COMPRESSED   0x00000004   Data   RW        13939    .data               mc_w.l(rand.o)
    0x20001258   COMPRESSED   0x00000004   Data   RW        14286    .data               mc_w.l(mvars.o)
    0x2000125c   COMPRESSED   0x00000004   Data   RW        14287    .data               mc_w.l(mvars.o)
    0x20001260   COMPRESSED   0x00000004   Data   RW        14291    .data               mc_w.l(errno.o)
    0x20001264        -       0x00000012   Zero   RW          584    .bss                task_irq.o
    0x20001276   COMPRESSED   0x00000002   PAD
    0x20001278        -       0x0000054c   Zero   RW          798    .bss                task_lwipudp.o
    0x200017c4        -       0x0000000a   Zero   RW          857    .bss                task_powerdetect.o
    0x200017ce        -       0x00000196   Zero   RW          891    .bss                task_serialscreen.o
    0x20001964        -       0x00000069   Zero   RW          956    .bss                task_can.o
    0x200019cd        -       0x00000190   Zero   RW         1071    .bss                task_tfcard.o
    0x20001b5d   COMPRESSED   0x00000003   PAD
    0x20001b60        -       0x00000050   Zero   RW         1810    .bss                lwip_comm.o
    0x20001bb0        -       0x00000040   Zero   RW         2851    .bss                sockets.o
    0x20001bf0        -       0x00000480   Zero   RW         3367    .bss                dns.o
    0x20002070        -       0x00000018   Zero   RW         3596    .bss                ip.o
    0x20002088        -       0x00006413   Zero   RW         3628    .bss                mem.o
    0x2000849b        -       0x00000083   Zero   RW         3695    .bss                memp.o
    0x2000851e        -       0x00000263   Zero   RW         3696    .bss                memp.o
    0x20008781        -       0x0000003b   Zero   RW         3697    .bss                memp.o
    0x200087bc        -       0x00000963   Zero   RW         3698    .bss                memp.o
    0x2000911f        -       0x000000a3   Zero   RW         3699    .bss                memp.o
    0x200091c2        -       0x0000016b   Zero   RW         3700    .bss                memp.o
    0x2000932d        -       0x00000023   Zero   RW         3701    .bss                memp.o
    0x20009350        -       0x000000b3   Zero   RW         3702    .bss                memp.o
    0x20009403        -       0x00000083   Zero   RW         3703    .bss                memp.o
    0x20009486        -       0x00000083   Zero   RW         3704    .bss                memp.o
    0x20009509        -       0x00000063   Zero   RW         3705    .bss                memp.o
    0x2000956c        -       0x00000137   Zero   RW         3706    .bss                memp.o
    0x200096a3        -       0x000000f3   Zero   RW         3707    .bss                memp.o
    0x20009796        -       0x000077b3   Zero   RW         3708    .bss                memp.o
    0x20010f49   COMPRESSED   0x00000003   PAD
    0x20010f4c        -       0x00000014   Zero   RW         4617    .bss                tcp_in.o
    0x20010f60        -       0x000000f0   Zero   RW         5115    .bss                etharp.o
    0x20011050        -       0x00000048   Zero   RW         6135    .bss                ocd_ethernet.o
    0x20011098        -       0x000000c8   Zero   RW         6217    .bss                ocd_sdcard.o
    0x20011160        -       0x00000040   Zero   RW         7471    .bss                queue.o
    0x200111a0        -       0x000004c4   Zero   RW         7875    .bss                tasks.o
    0x20011664        -       0x00000118   Zero   RW         8191    .bss                timers.o
    0x2001177c        -       0x00007800   Zero   RW         8326    .bss                heap_4.o
    0x20018f7c        -       0x000006b8   Zero   RW         8589    .bss                cmsis_os2.o
    0x20019634   COMPRESSED   0x00000004   PAD
    0x20019638        -       0x00000000   Zero   RW         8978    HEAP                startup_stm32f407xx.o
    0x20019638        -       0x00000400   Zero   RW         8977    STACK               startup_stm32f407xx.o


==============================================================================

Image component sizes


      Code (inc. data)   RO Data    RW Data    ZI Data      Debug   Object Name

        18          0          0          0          0        540   algo_func.o
      1804        680          0          0          0      41201   api_lib.o
      4322       1280          3          0          0      37463   api_msg.o
       152         22          0          4       1720       9852   cmsis_os2.o
         0          0          0       3816          0        823   config.o
         8          0          0          0          0       1018   def.o
       794        114          0         12       1152      10581   dns.o
       494         98          0          4          0       7750   drv_hal.o
       344         54          0          0          0       3128   drv_hal_adc.o
       640         62          0          1          0       5377   drv_hal_can.o
        74         12          0          0          0       1242   drv_hal_delay.o
       546         54          0          0          0       3756   drv_hal_gpio.o
       526          0          0          0          0       8562   drv_hal_iic_soft.o
        68          6          0          0          0       1484   drv_hal_pwr.o
       310         88          0          0          0       3015   drv_hal_spi.o
      1804        216          0          0          0       8517   drv_hal_uart.o
        28          4         68          0          0       1747   err.o
      2160        518         65          1        240      12407   etharp.o
       308         58         12          0          0       2558   ethernet.o
       692         82          0          4          0      24213   ethernetif.o
       452          6          0          0          0      21619   event_groups.o
      5196         60          0          8          0      47437   ff.o
       460         24          0         24      30720       4535   heap_4.o
       584        156          0          0          0       4278   icmp.o
         0          0          0          0          0       3863   if_api.o
       160          0          0          0          0       2695   inet_chksum.o
        38          0          0          0          0        940   init.o
         0          0          0          0         24       3134   ip.o
       810         92          0          2          0       5340   ip4.o
       374         20          4          0          0      11775   ip4_addr.o
      2084        462          0          8          0      11778   ip4_frag.o
       138          0          0          0          0       3242   list.o
       872        296         83          0         80       6582   lwip_comm.o
        44         20          0          0          0     772547   main.o
      1600        602          0         16      25619       7433   mem.o
       358        148        425         56      35502      10790   memp.o
       190         54          0          0          0      11163   netbuf.o
      1042        350          0         12          0      15288   netif.o
       250          0          0          0          0       3698   ocd_at24cxx.o
       470          0          0          0          0       3998   ocd_ds3231.o
       686         48          0         16         72       4910   ocd_ethernet.o
       520        100          0          0          0       3511   ocd_fatfs.o
      1176         54          0          1        200      10753   ocd_sdcard.o
      2774       1086          0          0          0      20359   pbuf.o
       798         82          0         12          0      11449   port.o
      2368         26          0          0         64      22197   queue.o
      2248        398          0          4         64      36879   sockets.o
        36          8        392          0       1024        944   startup_stm32f407xx.o
       180         28          0         12          0       9605   stm32f4xx_hal.o
      1146         52          0          0          0       6599   stm32f4xx_hal_adc.o
      1636          6          0          0          0      14977   stm32f4xx_hal_can.o
       198         14          0          0          0      34075   stm32f4xx_hal_cortex.o
       664         12          8          0          0       6373   stm32f4xx_hal_dma.o
      1990         70          0          0          0      12514   stm32f4xx_hal_eth.o
       480         44          0          0          0       3039   stm32f4xx_hal_gpio.o
       164         20          0          0          0       2361   stm32f4xx_hal_pwr.o
      1336         78          0          0          0       6004   stm32f4xx_hal_rcc.o
       936         12          0          0          0       5595   stm32f4xx_hal_spi.o
      1878         30          0          0          0      16697   stm32f4xx_hal_uart.o
         0          0          0          0          0       8508   stream_buffer.o
      1380        668          0          4          0      16437   sys_arch.o
        16          4         24          4          0       1399   system_stm32f4xx.o
       328         24          0          1        105       2250   task_can.o
       528        132          0          2          0       3532   task_eeprom.o
       444         94          0          1         18      13388   task_irq.o
       508         86          0        268       1356      13547   task_lwipudp.o
       224         24          0         14         10       1510   task_powerdetect.o
       400        128          0         32          0       1958   task_selfcheck.o
      1324        148          0         41        406      36878   task_serialscreen.o
         4          0          0          0          0        472   task_sysinit.o
       604        182        115         65        400       3710   task_tfcard.o
       184         62          0          0          0        652   task_userinit.o
      2712        224          0         60       1220      28688   tasks.o
      4868       1620        193         32          0      37844   tcp.o
      4760       1050          0         36         20      20659   tcp_in.o
      6120       2036         85          0          0      34318   tcp_out.o
       576        200          0         16          0       7289   tcpip.o
       192         68          0          0          0       3216   threadpool.o
       556        188         32         12          0       7135   timeouts.o
       912         84          0         20        280      25467   timers.o
      1894        740          0          8          0      12357   udp.o
       412        148          0         48          0       6705   usercode.o

    ----------------------------------------------------------------------
     80464      15716       1568       4692     100308    1654129   Object Totals
         0          0         32          0          0          0   (incl. Generated)
        90          0         27         15         12          0   (incl. Padding)

    ----------------------------------------------------------------------

      Code (inc. data)   RO Data    RW Data    ZI Data      Debug   Library Member Name

        86          0          0          0          0          0   __dczerorl2.o
        28          0          0          0          0         68   _chval.o
       158          0          0          0          0         92   _strtoul.o
        26          0          0          0          0         80   atoi.o
         8          4        133          0          0         68   ctype_o.o
         0          0          0          0          0          0   entry.o
         0          0          0          0          0          0   entry10a.o
         0          0          0          0          0          0   entry11a.o
         8          4          0          0          0          0   entry2.o
         4          0          0          0          0          0   entry5.o
         0          0          0          0          0          0   entry7b.o
         0          0          0          0          0          0   entry8b.o
         8          4          0          0          0          0   entry9a.o
         8          4          0          4          0         68   errno.o
        30          0          0          0          0          0   handlers.o
        36          8          0          0          0         68   init.o
         0          0          0          0          0          0   iusefp.o
        30          0          0          0          0         68   llshl.o
        36          0          0          0          0         68   llsshr.o
        32          0          0          0          0         68   llushr.o
       108         16          0          0          0         84   malloc.o
        26          0          0          0          0         80   memcmp.o
        64          0          0          0          0         76   memmovea.o
        36          0          0          0          0        108   memseta.o
         0          0          0          8          0          0   mvars.o
      2308         96          0          0          0        604   printfa.o
        36         10          0          4          0        136   rand.o
        20          0          0          0          0         68   strchr.o
        14          0          0          0          0         68   strlen.o
       112          0          0          0          0         88   strtol.o
        44          0          0          0          0         80   uidiv.o
        98          0          0          0          0         92   uldiv.o
        48          0          0          0          0         68   cdrcmple.o
        56          0          0          0          0         88   d2f.o
       334          0          0          0          0        148   dadd.o
       222          0          0          0          0        100   ddiv.o
       186          0          0          0          0        176   depilogue.o
        48          0          0          0          0         68   dfixul.o
       228          0          0          0          0         96   dmul.o
        38          0          0          0          0         68   f2d.o
       110          0          0          0          0        168   fepilogue.o

    ----------------------------------------------------------------------
      4640        146        136         16          0       3112   Library Totals
         6          0          3          0          0          0   (incl. Padding)

    ----------------------------------------------------------------------

      Code (inc. data)   RO Data    RW Data    ZI Data      Debug   Library Name

      3364        146        133         16          0       2132   mc_w.l
      1270          0          0          0          0        980   mf_w.l

    ----------------------------------------------------------------------
      4640        146        136         16          0       3112   Library Totals

    ----------------------------------------------------------------------

==============================================================================


      Code (inc. data)   RO Data    RW Data    ZI Data      Debug   

     85104      15862       1704       4708     100308    1591761   Grand Totals
     85104      15862       1704        728     100308    1591761   ELF Image Totals (compressed)
     85104      15862       1704        728          0          0   ROM Totals

==============================================================================

    Total RO  Size (Code + RO Data)                86808 (  84.77kB)
    Total RW  Size (RW Data + ZI Data)            105016 ( 102.55kB)
    Total ROM Size (Code + RO Data + RW Data)      87536 (  85.48kB)

==============================================================================

