<html>
<body>
<pre>
<h1>µVision Build Log</h1>
<h2>Tool Versions:</h2>
IDE-Version: ¦ÌVision V5.28.0.0
Copyright (C) 2019 ARM Ltd and ARM Germany GmbH. All rights reserved.
License Information: 1 1, 1, LIC=ZB4CX-HCPXK-55CT2-9GQZC-67JGA-AGRD7
 
Tool Versions:
Toolchain:       MDK-ARM Plus  Version: 5.28.0.0
Toolchain Path:  D:\Keil_v5\ARM\ARMCC\Bin
C Compiler:      Armcc.exe V5.06 update 6 (build 750)
Assembler:       Armasm.exe V5.06 update 6 (build 750)
Linker/Locator:  ArmLink.exe V5.06 update 6 (build 750)
Library Manager: ArmAr.exe V5.06 update 6 (build 750)
Hex Converter:   FromElf.exe V5.06 update 6 (build 750)
CPU DLL:         SARMCM3.DLL V5.28.0.0
Dialog DLL:      DCM.DLL V1.17.3.0
Target DLL:      Segger\JL2CM3.dll V2.99.36.0
Dialog DLL:      TCM.DLL V1.36.2.0
 
<h2>Project:</h2>
E:\Desktop\TX-AD-Master-Board-Code\Project\STM32.uvprojx
Project File Date:  05/31/2024

<h2>Output:</h2>
*** Using Compiler 'V5.06 update 6 (build 750)', folder: 'D:\Keil_v5\ARM\ARMCC\Bin'
Build target 'Demo'
compiling config.c...
compiling task_powerdetect.c...
compiling task_userinit.c...
compiling main.c...
compiling task_eeprom.c...
compiling threadpool.c...
compiling usercode.c...
compiling task_serialscreen.c...
compiling task_sysinit.c...
compiling task_irq.c...
compiling task_can.c...
compiling task_selfcheck.c...
compiling task_lwipudp.c...
compiling algo_func.c...
compiling ocd_jy901.c...
compiling algo_pid.c...
compiling ocd_at24cxx.c...
compiling ocd_ds3231.c...
compiling ocd_rm3100.c...
compiling ocd_ads1256.c...
compiling dev_ps2.c...
compiling ocd_ms5837.c...
compiling ocd_oled.c...
compiling ocd_fatfs.c...
compiling task_tfcard.c...
compiling lwip_comm.c...
compiling drv_hal_iic_soft.c...
compiling drv_hal.c...
compiling drv_hal_delay.c...
compiling drv_hal_can.c...
compiling drv_hal_pwm.c...
compiling ocd_sdcard.c...
compiling drv_hal_pwr.c...
compiling drv_hal_gpio.c...
compiling drv_hal_flash.c...
compiling drv_hal_dac.c...
compiling drv_hal_spi.c...
compiling drv_hal_adc.c...
compiling ocd_ethernet.c...
compiling drv_hal_spi_soft.c...
compiling drv_hal_timer.c...
compiling drv_hal_wdg.c...
compiling drv_hal_uart.c...
linking...
Program Size: Code=85068 RO-data=1704 RW-data=4708 ZI-data=100308  
".\Objects\STM32.axf" - 0 Error(s), 0 Warning(s).

<h2>Software Packages used:</h2>

Package Vendor: Keil
                https://www.keil.com/pack/Keil.STM32F4xx_DFP.2.17.0.pack
                Keil.STM32F4xx_DFP.2.17.0
                STMicroelectronics STM32F4 Series Device Support, Drivers and Examples

<h2>Collection of Component include folders:</h2>
  .\RTE\_Demo
  D:\Keil_v5\Keil\STM32F4xx_DFP\2.17.0\Drivers\CMSIS\Device\ST\STM32F4xx\Include

<h2>Collection of Component Files used:</h2>
Build Time Elapsed:  00:00:14
</pre>
</body>
</html>
