<html>
<body>
<pre>
<h1>µVision Build Log</h1>
<h2>Tool Versions:</h2>
IDE-Version: ¦ÌVision V5.28.0.0
Copyright (C) 2019 ARM Ltd and ARM Germany GmbH. All rights reserved.
License Information: 1 1, 1, LIC=ZB4CX-HCPXK-55CT2-9GQZC-67JGA-AGRD7
 
Tool Versions:
Toolchain:       MDK-ARM Plus  Version: 5.28.0.0
Toolchain Path:  D:\Keil_v5\ARM\ARMCC\Bin
C Compiler:      Armcc.exe V5.06 update 6 (build 750)
Assembler:       Armasm.exe V5.06 update 6 (build 750)
Linker/Locator:  ArmLink.exe V5.06 update 6 (build 750)
Library Manager: ArmAr.exe V5.06 update 6 (build 750)
Hex Converter:   FromElf.exe V5.06 update 6 (build 750)
CPU DLL:         SARMCM3.DLL V5.28.0.0
Dialog DLL:      DCM.DLL V1.17.3.0
Target DLL:      Segger\JL2CM3.dll V2.99.36.0
Dialog DLL:      TCM.DLL V1.36.2.0
 
<h2>Project:</h2>
E:\Desktop\TX-AD-Master-Board-Code\Project\STM32.uvprojx
Project File Date:  04/11/2024

<h2>Output:</h2>
*** Using Compiler 'V5.06 update 6 (build 750)', folder: 'D:\Keil_v5\ARM\ARMCC\Bin'
Build target 'Demo'
compiling algo_pid.c...
compiling threadpool.c...
compiling config.c...
compiling task_userinit.c...
compiling task_selfcheck.c...
compiling usercode.c...
compiling diskio.c...
compiling task_irq.c...
compiling task_sysinit.c...
compiling task_powerdetect.c...
compiling task_serialscreen.c...
compiling task_can.c...
compiling main.c...
compiling ff.c...
compiling task_lwipudp.c...
compiling netifapi.c...
compiling err.c...
compiling algo_func.c...
compiling dev_ps2.c...
compiling if_api.c...
compiling sys_arch.c...
compiling ethernetif.c...
compiling api_lib.c...
compiling netbuf.c...
compiling api_msg.c...
compiling lwip_comm.c...
compiling netdb.c...
compiling sockets.c...
compiling altcp.c...
compiling altcp_tcp.c...
compiling def.c...
compiling altcp_alloc.c...
compiling inet_chksum.c...
compiling ip.c...
compiling mem.c...
compiling tcpip.c...
compiling pbuf.c...
compiling dns.c...
compiling netif.c...
compiling init.c...
compiling memp.c...
compiling raw.c...
compiling stats.c...
compiling sys.c...
compiling autoip.c...
compiling icmp.c...
compiling tcp.c...
compiling udp.c...
compiling igmp.c...
compiling tcp_in.c...
compiling etharp.c...
compiling dhcp.c...
compiling tcp_out.c...
compiling timeouts.c...
compiling ip4_addr.c...
compiling ocd_ds3231.c...
compiling ocd_jy901.c...
compiling ocd_ads1256.c...
compiling ocd_ms5837.c...
compiling ocd_at24cxx.c...
compiling ocd_sdcard.c...
compiling ocd_rm3100.c...
compiling ip4.c...
compiling ocd_oled.c...
compiling ocd_ethernet.c...
compiling ethernet.c...
compiling ip4_frag.c...
compiling drv_hal.c...
compiling drv_hal_dac.c...
compiling drv_hal_iic_soft.c...
compiling drv_hal_spi.c...
compiling drv_hal_flash.c...
compiling drv_hal_spi_soft.c...
compiling drv_hal_pwm.c...
compiling drv_hal_gpio.c...
compiling croutine.c...
compiling drv_hal_delay.c...
compiling drv_hal_adc.c...
compiling drv_hal_pwr.c...
compiling drv_hal_can.c...
compiling list.c...
compiling event_groups.c...
compiling drv_hal_timer.c...
compiling stream_buffer.c...
compiling timers.c...
compiling heap_4.c...
compiling queue.c...
compiling cmsis_os1.c...
compiling tasks.c...
compiling port.c...
compiling cmsis_os2.c...
compiling stm32f4xx_hal_crc.c...
compiling stm32f4xx_hal.c...
compiling stm32f4xx_hal_cryp.c...
compiling stm32f4xx_hal_dac.c...
compiling system_stm32f4xx.c...
compiling stm32f4xx_hal_can.c...
compiling stm32f4xx_hal_cec.c...
compiling stm32f4xx_hal_adc_ex.c...
compiling stm32f4xx_hal_cryp_ex.c...
compiling stm32f4xx_hal_cortex.c...
compiling stm32f4xx_hal_adc.c...
compiling drv_hal_wdg.c...
compiling drv_hal_uart.c...
compiling stm32f4xx_hal_dac_ex.c...
compiling stm32f4xx_hal_dfsdm.c...
compiling stm32f4xx_hal_dma2d.c...
compiling stm32f4xx_hal_dcmi.c...
compiling stm32f4xx_hal_dma_ex.c...
compiling stm32f4xx_hal_flash_ex.c...
compiling stm32f4xx_hal_exti.c...
compiling stm32f4xx_hal_dcmi_ex.c...
compiling stm32f4xx_hal_dsi.c...
compiling stm32f4xx_hal_flash_ramfunc.c...
compiling stm32f4xx_hal_flash.c...
compiling stm32f4xx_hal_dma.c...
compiling stm32f4xx_hal_eth.c...
compiling stm32f4xx_hal_fmpi2c.c...
compiling stm32f4xx_hal_fmpsmbus.c...
compiling stm32f4xx_hal_fmpsmbus_ex.c...
compiling stm32f4xx_hal_fmpi2c_ex.c...
compiling stm32f4xx_hal_hcd.c...
compiling stm32f4xx_hal_i2s.c...
compiling stm32f4xx_hal_i2s_ex.c...
compiling stm32f4xx_hal_i2c_ex.c...
compiling stm32f4xx_hal_irda.c...
compiling stm32f4xx_hal_hash.c...
compiling stm32f4xx_hal_hash_ex.c...
compiling stm32f4xx_hal_gpio.c...
compiling stm32f4xx_hal_i2c.c...
compiling stm32f4xx_hal_ltdc.c...
compiling stm32f4xx_hal_iwdg.c...
compiling stm32f4xx_hal_pccard.c...
compiling stm32f4xx_hal_ltdc_ex.c...
compiling stm32f4xx_hal_pcd.c...
compiling stm32f4xx_hal_lptim.c...
compiling stm32f4xx_hal_pcd_ex.c...
compiling stm32f4xx_hal_mmc.c...
compiling stm32f4xx_hal_nor.c...
compiling stm32f4xx_hal_nand.c...
compiling stm32f4xx_hal_pwr.c...
compiling stm32f4xx_hal_qspi.c...
compiling stm32f4xx_hal_pwr_ex.c...
compiling stm32f4xx_hal_smartcard.c...
compiling stm32f4xx_hal_rtc_ex.c...
compiling stm32f4xx_hal_sai_ex.c...
compiling stm32f4xx_hal_smbus.c...
compiling stm32f4xx_hal_sai.c...
compiling stm32f4xx_hal_rtc.c...
compiling stm32f4xx_hal_sdram.c...
compiling stm32f4xx_hal_spdifrx.c...
compiling stm32f4xx_hal_sd.c...
compiling stm32f4xx_hal_rng.c...
compiling stm32f4xx_hal_rcc_ex.c...
compiling stm32f4xx_hal_spi.c...
compiling stm32f4xx_hal_rcc.c...
compiling stm32f4xx_hal_sram.c...
compiling stm32f4xx_hal_usart.c...
compiling stm32f4xx_hal_wwdg.c...
compiling stm32f4xx_hal_uart.c...
compiling stm32f4xx_hal_tim_ex.c...
compiling stm32f4xx_hal_tim.c...
linking...
Program Size: Code=77080 RO-data=1676 RW-data=1968 ZI-data=98176  
".\Objects\STM32.axf" - 0 Error(s), 0 Warning(s).

<h2>Software Packages used:</h2>

Package Vendor: Keil
                https://www.keil.com/pack/Keil.STM32F4xx_DFP.2.17.0.pack
                Keil.STM32F4xx_DFP.2.17.0
                STMicroelectronics STM32F4 Series Device Support, Drivers and Examples

<h2>Collection of Component include folders:</h2>
  .\RTE\_Demo
  D:\Keil_v5\Keil\STM32F4xx_DFP\2.17.0\Drivers\CMSIS\Device\ST\STM32F4xx\Include

<h2>Collection of Component Files used:</h2>
Build Time Elapsed:  00:00:49
</pre>
</body>
</html>
